Archive member included to satisfy reference by file (symbol)

C:/CLionToolchains/gcc-arm-none-eabi-10.3-2021.10/bin/../lib/gcc/arm-none-eabi/13.3.1/thumb/v7e-m+fp/hard\libgcc.a(_aeabi_uldivmod.o)
                              CMakeFiles/dm_h723_lib.elf.dir/Drivers/STM32H7xx_HAL_Driver/Src/stm32h7xx_hal_uart.c.obj (__aeabi_uldivmod)
C:/CLionToolchains/gcc-arm-none-eabi-10.3-2021.10/bin/../lib/gcc/arm-none-eabi/13.3.1/thumb/v7e-m+fp/hard\libgcc.a(_udivmoddi4.o)
                              C:/CLionToolchains/gcc-arm-none-eabi-10.3-2021.10/bin/../lib/gcc/arm-none-eabi/13.3.1/thumb/v7e-m+fp/hard\libgcc.a(_aeabi_uldivmod.o) (__udivmoddi4)
C:/CLionToolchains/gcc-arm-none-eabi-10.3-2021.10/bin/../lib/gcc/arm-none-eabi/13.3.1/thumb/v7e-m+fp/hard\libgcc.a(_dvmd_tls.o)
                              C:/CLionToolchains/gcc-arm-none-eabi-10.3-2021.10/bin/../lib/gcc/arm-none-eabi/13.3.1/thumb/v7e-m+fp/hard\libgcc.a(_aeabi_uldivmod.o) (__aeabi_ldiv0)
C:/CLionToolchains/gcc-arm-none-eabi-10.3-2021.10/bin/../lib/gcc/arm-none-eabi/13.3.1/thumb/v7e-m+fp/hard\libg.a(libc_a-exit.o)
                              C:/CLionToolchains/gcc-arm-none-eabi-10.3-2021.10/bin/../lib/gcc/arm-none-eabi/13.3.1/thumb/v7e-m+fp/hard/crt0.o (exit)
C:/CLionToolchains/gcc-arm-none-eabi-10.3-2021.10/bin/../lib/gcc/arm-none-eabi/13.3.1/thumb/v7e-m+fp/hard\libg.a(libc_a-findfp.o)
                              CMakeFiles/dm_h723_lib.elf.dir/Middlewares/Third_Party/FreeRTOS/Source/tasks.c.obj (__sf)
C:/CLionToolchains/gcc-arm-none-eabi-10.3-2021.10/bin/../lib/gcc/arm-none-eabi/13.3.1/thumb/v7e-m+fp/hard\libg.a(libc_a-fwalk.o)
                              C:/CLionToolchains/gcc-arm-none-eabi-10.3-2021.10/bin/../lib/gcc/arm-none-eabi/13.3.1/thumb/v7e-m+fp/hard\libg.a(libc_a-findfp.o) (_fwalk_sglue)
C:/CLionToolchains/gcc-arm-none-eabi-10.3-2021.10/bin/../lib/gcc/arm-none-eabi/13.3.1/thumb/v7e-m+fp/hard\libg.a(libc_a-stdio.o)
                              C:/CLionToolchains/gcc-arm-none-eabi-10.3-2021.10/bin/../lib/gcc/arm-none-eabi/13.3.1/thumb/v7e-m+fp/hard\libg.a(libc_a-findfp.o) (__sread)
C:/CLionToolchains/gcc-arm-none-eabi-10.3-2021.10/bin/../lib/gcc/arm-none-eabi/13.3.1/thumb/v7e-m+fp/hard\libg.a(libc_a-vsprintf.o)
                              CMakeFiles/dm_h723_lib.elf.dir/code_mf/Src/uart_printf.c.obj (vsprintf)
C:/CLionToolchains/gcc-arm-none-eabi-10.3-2021.10/bin/../lib/gcc/arm-none-eabi/13.3.1/thumb/v7e-m+fp/hard\libg.a(libc_a-memset.o)
                              C:/CLionToolchains/gcc-arm-none-eabi-10.3-2021.10/bin/../lib/gcc/arm-none-eabi/13.3.1/thumb/v7e-m+fp/hard/crt0.o (memset)
C:/CLionToolchains/gcc-arm-none-eabi-10.3-2021.10/bin/../lib/gcc/arm-none-eabi/13.3.1/thumb/v7e-m+fp/hard\libg.a(libc_a-closer.o)
                              C:/CLionToolchains/gcc-arm-none-eabi-10.3-2021.10/bin/../lib/gcc/arm-none-eabi/13.3.1/thumb/v7e-m+fp/hard\libg.a(libc_a-stdio.o) (_close_r)
C:/CLionToolchains/gcc-arm-none-eabi-10.3-2021.10/bin/../lib/gcc/arm-none-eabi/13.3.1/thumb/v7e-m+fp/hard\libg.a(libc_a-reent.o)
                              CMakeFiles/dm_h723_lib.elf.dir/Middlewares/Third_Party/FreeRTOS/Source/tasks.c.obj (_reclaim_reent)
C:/CLionToolchains/gcc-arm-none-eabi-10.3-2021.10/bin/../lib/gcc/arm-none-eabi/13.3.1/thumb/v7e-m+fp/hard\libg.a(libc_a-impure.o)
                              CMakeFiles/dm_h723_lib.elf.dir/Middlewares/Third_Party/FreeRTOS/Source/tasks.c.obj (_impure_ptr)
C:/CLionToolchains/gcc-arm-none-eabi-10.3-2021.10/bin/../lib/gcc/arm-none-eabi/13.3.1/thumb/v7e-m+fp/hard\libg.a(libc_a-lseekr.o)
                              C:/CLionToolchains/gcc-arm-none-eabi-10.3-2021.10/bin/../lib/gcc/arm-none-eabi/13.3.1/thumb/v7e-m+fp/hard\libg.a(libc_a-stdio.o) (_lseek_r)
C:/CLionToolchains/gcc-arm-none-eabi-10.3-2021.10/bin/../lib/gcc/arm-none-eabi/13.3.1/thumb/v7e-m+fp/hard\libg.a(libc_a-readr.o)
                              C:/CLionToolchains/gcc-arm-none-eabi-10.3-2021.10/bin/../lib/gcc/arm-none-eabi/13.3.1/thumb/v7e-m+fp/hard\libg.a(libc_a-stdio.o) (_read_r)
C:/CLionToolchains/gcc-arm-none-eabi-10.3-2021.10/bin/../lib/gcc/arm-none-eabi/13.3.1/thumb/v7e-m+fp/hard\libg.a(libc_a-writer.o)
                              C:/CLionToolchains/gcc-arm-none-eabi-10.3-2021.10/bin/../lib/gcc/arm-none-eabi/13.3.1/thumb/v7e-m+fp/hard\libg.a(libc_a-stdio.o) (_write_r)
C:/CLionToolchains/gcc-arm-none-eabi-10.3-2021.10/bin/../lib/gcc/arm-none-eabi/13.3.1/thumb/v7e-m+fp/hard\libg.a(libc_a-errno.o)
                              CMakeFiles/dm_h723_lib.elf.dir/Core/Src/syscalls.c.obj (__errno)
C:/CLionToolchains/gcc-arm-none-eabi-10.3-2021.10/bin/../lib/gcc/arm-none-eabi/13.3.1/thumb/v7e-m+fp/hard\libg.a(libc_a-init.o)
                              C:/CLionToolchains/gcc-arm-none-eabi-10.3-2021.10/bin/../lib/gcc/arm-none-eabi/13.3.1/thumb/v7e-m+fp/hard/crt0.o (__libc_init_array)
C:/CLionToolchains/gcc-arm-none-eabi-10.3-2021.10/bin/../lib/gcc/arm-none-eabi/13.3.1/thumb/v7e-m+fp/hard\libg.a(libc_a-lock.o)
[...]
Memory Configuration

Name             Origin             Length             Attributes
ITCMRAM          0x00000000         0x00010000         xrw
DTCMRAM          0x20000000         0x00020000         xrw
FLASH            0x08000000         0x00100000         xr
RAM_D1           0x24000000         0x00050000         xrw
RAM_D2           0x30000000         0x00008000         xrw
RAM_D3           0x38000000         0x00004000         xrw
*default*        0x00000000         0xffffffff

Linker script and memory map

LOAD C:/CLionToolchains/gcc-arm-none-eabi-10.3-2021.10/bin/../lib/gcc/arm-none-eabi/13.3.1/thumb/v7e-m+fp/hard/crti.o
LOAD C:/CLionToolchains/gcc-arm-none-eabi-10.3-2021.10/bin/../lib/gcc/arm-none-eabi/13.3.1/thumb/v7e-m+fp/hard/crtbegin.o
LOAD C:/CLionToolchains/gcc-arm-none-eabi-10.3-2021.10/bin/../lib/gcc/arm-none-eabi/13.3.1/thumb/v7e-m+fp/hard/crt0.o
LOAD CMakeFiles/dm_h723_lib.elf.dir/Core/Src/dma.c.obj
LOAD CMakeFiles/dm_h723_lib.elf.dir/Core/Src/freertos.c.obj
LOAD CMakeFiles/dm_h723_lib.elf.dir/Core/Src/gpio.c.obj
LOAD CMakeFiles/dm_h723_lib.elf.dir/Core/Src/main.c.obj
LOAD CMakeFiles/dm_h723_lib.elf.dir/Core/Src/memorymap.c.obj
LOAD CMakeFiles/dm_h723_lib.elf.dir/Core/Src/spi.c.obj
LOAD CMakeFiles/dm_h723_lib.elf.dir/Core/Src/stm32h7xx_hal_msp.c.obj
LOAD CMakeFiles/dm_h723_lib.elf.dir/Core/Src/stm32h7xx_hal_timebase_tim.c.obj
LOAD CMakeFiles/dm_h723_lib.elf.dir/Core/Src/stm32h7xx_it.c.obj
LOAD CMakeFiles/dm_h723_lib.elf.dir/Core/Src/syscalls.c.obj
LOAD CMakeFiles/dm_h723_lib.elf.dir/Core/Src/sysmem.c.obj
LOAD CMakeFiles/dm_h723_lib.elf.dir/Core/Src/system_stm32h7xx.c.obj
LOAD CMakeFiles/dm_h723_lib.elf.dir/Core/Src/usart.c.obj
LOAD CMakeFiles/dm_h723_lib.elf.dir/Core/Startup/startup_stm32h723vgtx.s.obj
LOAD CMakeFiles/dm_h723_lib.elf.dir/Drivers/STM32H7xx_HAL_Driver/Src/stm32h7xx_hal.c.obj
LOAD CMakeFiles/dm_h723_lib.elf.dir/Drivers/STM32H7xx_HAL_Driver/Src/stm32h7xx_hal_cortex.c.obj
LOAD CMakeFiles/dm_h723_lib.elf.dir/Drivers/STM32H7xx_HAL_Driver/Src/stm32h7xx_hal_dma.c.obj
LOAD CMakeFiles/dm_h723_lib.elf.dir/Drivers/STM32H7xx_HAL_Driver/Src/stm32h7xx_hal_dma_ex.c.obj
LOAD CMakeFiles/dm_h723_lib.elf.dir/Drivers/STM32H7xx_HAL_Driver/Src/stm32h7xx_hal_exti.c.obj
LOAD CMakeFiles/dm_h723_lib.elf.dir/Drivers/STM32H7xx_HAL_Driver/Src/stm32h7xx_hal_flash.c.obj
LOAD CMakeFiles/dm_h723_lib.elf.dir/Drivers/STM32H7xx_HAL_Driver/Src/stm32h7xx_hal_flash_ex.c.obj
LOAD CMakeFiles/dm_h723_lib.elf.dir/Drivers/STM32H7xx_HAL_Driver/Src/stm32h7xx_hal_gpio.c.obj
LOAD CMakeFiles/dm_h723_lib.elf.dir/Drivers/STM32H7xx_HAL_Driver/Src/stm32h7xx_hal_hsem.c.obj
LOAD CMakeFiles/dm_h723_lib.elf.dir/Drivers/STM32H7xx_HAL_Driver/Src/stm32h7xx_hal_i2c.c.obj
LOAD CMakeFiles/dm_h723_lib.elf.dir/Drivers/STM32H7xx_HAL_Driver/Src/stm32h7xx_hal_i2c_ex.c.obj
LOAD CMakeFiles/dm_h723_lib.elf.dir/Drivers/STM32H7xx_HAL_Driver/Src/stm32h7xx_hal_mdma.c.obj
LOAD CMakeFiles/dm_h723_lib.elf.dir/Drivers/STM32H7xx_HAL_Driver/Src/stm32h7xx_hal_pwr.c.obj
LOAD CMakeFiles/dm_h723_lib.elf.dir/Drivers/STM32H7xx_HAL_Driver/Src/stm32h7xx_hal_pwr_ex.c.obj
LOAD CMakeFiles/dm_h723_lib.elf.dir/Drivers/STM32H7xx_HAL_Driver/Src/stm32h7xx_hal_rcc.c.obj
LOAD CMakeFiles/dm_h723_lib.elf.dir/Drivers/STM32H7xx_HAL_Driver/Src/stm32h7xx_hal_rcc_ex.c.obj
LOAD CMakeFiles/dm_h723_lib.elf.dir/Drivers/STM32H7xx_HAL_Driver/Src/stm32h7xx_hal_spi.c.obj
LOAD CMakeFiles/dm_h723_lib.elf.dir/Drivers/STM32H7xx_HAL_Driver/Src/stm32h7xx_hal_spi_ex.c.obj
LOAD CMakeFiles/dm_h723_lib.elf.dir/Drivers/STM32H7xx_HAL_Driver/Src/stm32h7xx_hal_tim.c.obj
LOAD CMakeFiles/dm_h723_lib.elf.dir/Drivers/STM32H7xx_HAL_Driver/Src/stm32h7xx_hal_tim_ex.c.obj
LOAD CMakeFiles/dm_h723_lib.elf.dir/Drivers/STM32H7xx_HAL_Driver/Src/stm32h7xx_hal_uart.c.obj
LOAD CMakeFiles/dm_h723_lib.elf.dir/Drivers/STM32H7xx_HAL_Driver/Src/stm32h7xx_hal_uart_ex.c.obj
LOAD CMakeFiles/dm_h723_lib.elf.dir/Middlewares/Third_Party/FreeRTOS/Source/CMSIS_RTOS/cmsis_os.c.obj
LOAD CMakeFiles/dm_h723_lib.elf.dir/Middlewares/Third_Party/FreeRTOS/Source/croutine.c.obj
LOAD CMakeFiles/dm_h723_lib.elf.dir/Middlewares/Third_Party/FreeRTOS/Source/event_groups.c.obj
LOAD CMakeFiles/dm_h723_lib.elf.dir/Middlewares/Third_Party/FreeRTOS/Source/list.c.obj
LOAD CMakeFiles/dm_h723_lib.elf.dir/Middlewares/Third_Party/FreeRTOS/Source/portable/GCC/ARM_CM4F/port.c.obj
LOAD CMakeFiles/dm_h723_lib.elf.dir/Middlewares/Third_Party/FreeRTOS/Source/portable/MemMang/heap_4.c.obj
LOAD CMakeFiles/dm_h723_lib.elf.dir/Middlewares/Third_Party/FreeRTOS/Source/queue.c.obj
LOAD CMakeFiles/dm_h723_lib.elf.dir/Middlewares/Third_Party/FreeRTOS/Source/stream_buffer.c.obj
LOAD CMakeFiles/dm_h723_lib.elf.dir/Middlewares/Third_Party/FreeRTOS/Source/tasks.c.obj
LOAD CMakeFiles/dm_h723_lib.elf.dir/Middlewares/Third_Party/FreeRTOS/Source/timers.c.obj
LOAD CMakeFiles/dm_h723_lib.elf.dir/code_mf/Src/DEBUG_UART_TASK.c.obj
LOAD CMakeFiles/dm_h723_lib.elf.dir/code_mf/Src/LED_TASK.c.obj
LOAD CMakeFiles/dm_h723_lib.elf.dir/code_mf/Src/remote_control.c.obj
LOAD CMakeFiles/dm_h723_lib.elf.dir/code_mf/Src/uart_printf.c.obj
LOAD CMakeFiles/dm_h723_lib.elf.dir/code_mf/Src/ws2812.c.obj
START GROUP
LOAD C:/CLionToolchains/gcc-arm-none-eabi-10.3-2021.10/bin/../lib/gcc/arm-none-eabi/13.3.1/thumb/v7e-m+fp/hard\libgcc.a
LOAD C:/CLionToolchains/gcc-arm-none-eabi-10.3-2021.10/bin/../lib/gcc/arm-none-eabi/13.3.1/thumb/v7e-m+fp/hard\libg.a
LOAD C:/CLionToolchains/gcc-arm-none-eabi-10.3-2021.10/bin/../lib/gcc/arm-none-eabi/13.3.1/thumb/v7e-m+fp/hard\libc.a
END GROUP
LOAD C:/CLionToolchains/gcc-arm-none-eabi-10.3-2021.10/bin/../lib/gcc/arm-none-eabi/13.3.1/thumb/v7e-m+fp/hard/crtend.o
LOAD C:/CLionToolchains/gcc-arm-none-eabi-10.3-2021.10/bin/../lib/gcc/arm-none-eabi/13.3.1/thumb/v7e-m+fp/hard/crtn.o
                0x24050000                        _estack = (ORIGIN (RAM_D1) + LENGTH (RAM_D1))
                0x00000200                        _Min_Heap_Size = 0x200
                0x00000400                        _Min_Stack_Size = 0x400

.isr_vector     0x08000000      0x2cc
                0x08000000                        . = ALIGN (0x4)
 *(.isr_vector)
 .isr_vector    0x08000000      0x2cc CMakeFiles/dm_h723_lib.elf.dir/Core/Startup/startup_stm32h723vgtx.s.obj
                0x08000000                g_pfnVectors
                0x080002cc                        . = ALIGN (0x4)

.text           0x08000300     0xdb98
                0x08000300                        . = ALIGN (0x4)
 *(.text)
 .text          0x08000300       0x30 C:/CLionToolchains/gcc-arm-none-eabi-10.3-2021.10/bin/../lib/gcc/arm-none-eabi/13.3.1/thumb/v7e-m+fp/hard\libgcc.a(_aeabi_uldivmod.o)
                0x08000300                __aeabi_uldivmod
 .text          0x08000330        0x4 C:/CLionToolchains/gcc-arm-none-eabi-10.3-2021.10/bin/../lib/gcc/arm-none-eabi/13.3.1/thumb/v7e-m+fp/hard\libgcc.a(_dvmd_tls.o)
                0x08000330                __aeabi_idiv0
                0x08000330                __aeabi_ldiv0
 .text          0x08000334      0x134 C:/CLionToolchains/gcc-arm-none-eabi-10.3-2021.10/bin/../lib/gcc/arm-none-eabi/13.3.1/thumb/v7e-m+fp/hard\libg.a(libc_a-memcpy.o)
                0x08000334                memcpy
 *fill*         0x08000468        0x8 
 .text          0x08000470       0xa0 C:/CLionToolchains/gcc-arm-none-eabi-10.3-2021.10/bin/../lib/gcc/arm-none-eabi/13.3.1/thumb/v7e-m+fp/hard\libg.a(libc_a-memchr.o)
                0x08000470                memchr
 *fill*         0x08000510       0x30 
 .text          0x08000540       0xd8 C:/CLionToolchains/gcc-arm-none-eabi-10.3-2021.10/bin/../lib/gcc/arm-none-eabi/13.3.1/thumb/v7e-m+fp/hard\libg.a(libc_a-strlen.o)
                0x08000540                strlen
 .text          0x08000618      0x378 C:/CLionToolchains/gcc-arm-none-eabi-10.3-2021.10/bin/../lib/gcc/arm-none-eabi/13.3.1/thumb/v7e-m+fp/hard\libgcc.a(_arm_addsubdf3.o)
                0x08000618                __aeabi_drsub
                0x08000620                __aeabi_dsub
                0x08000620                __subdf3
                0x08000624                __aeabi_dadd
                0x08000624                __adddf3
                0x0800089c                __floatunsidf
                0x0800089c                __aeabi_ui2d
                0x080008bc                __floatsidf
                0x080008bc                __aeabi_i2d
                0x080008e0                __aeabi_f2d
                0x080008e0                __extendsfdf2
                0x08000924                __floatundidf
                0x08000924                __aeabi_ul2d
                0x08000934                __floatdidf
                0x08000934                __aeabi_l2d
 .text          0x08000990      0x424 C:/CLionToolchains/gcc-arm-none-eabi-10.3-2021.10/bin/../lib/gcc/arm-none-eabi/13.3.1/thumb/v7e-m+fp/hard\libgcc.a(_arm_muldivdf3.o)
                0x08000990                __aeabi_dmul
                0x08000990                __muldf3
                0x08000be4                __divdf3
                0x08000be4                __aeabi_ddiv
 .text          0x08000db4      0x110 C:/CLionToolchains/gcc-arm-none-eabi-10.3-2021.10/bin/../lib/gcc/arm-none-eabi/13.3.1/thumb/v7e-m+fp/hard\libgcc.a(_arm_cmpdf2.o)
                0x08000db4                __gtdf2
                0x08000db4                __gedf2
                0x08000dbc                __ltdf2
                0x08000dbc                __ledf2
                0x08000dc4                __nedf2
                0x08000dc4                __eqdf2
                0x08000dc4                __cmpdf2
                0x08000e40                __aeabi_cdrcmple
                0x08000e50                __aeabi_cdcmpeq
                0x08000e50                __aeabi_cdcmple
                0x08000e60                __aeabi_dcmpeq
                0x08000e74                __aeabi_dcmplt
                0x08000e88                __aeabi_dcmple
                0x08000e9c                __aeabi_dcmpge
                0x08000eb0                __aeabi_dcmpgt
 .text          0x08000ec4       0x2c C:/CLionToolchains/gcc-arm-none-eabi-10.3-2021.10/bin/../lib/gcc/arm-none-eabi/13.3.1/thumb/v7e-m+fp/hard\libgcc.a(_arm_unorddf2.o)
                0x08000ec4                __unorddf2
                0x08000ec4                __aeabi_dcmpun
 .text          0x08000ef0       0x50 C:/CLionToolchains/gcc-arm-none-eabi-10.3-2021.10/bin/../lib/gcc/arm-none-eabi/13.3.1/thumb/v7e-m+fp/hard\libgcc.a(_arm_fixdfsi.o)
                0x08000ef0                __aeabi_d2iz
                0x08000ef0                __fixdfsi
 *(.text*)
 .text.deregister_tm_clones
                0x08000f40       0x1c C:/CLionToolchains/gcc-arm-none-eabi-10.3-2021.10/bin/../lib/gcc/arm-none-eabi/13.3.1/thumb/v7e-m+fp/hard/crtbegin.o
 .text.register_tm_clones
                0x08000f5c       0x24 C:/CLionToolchains/gcc-arm-none-eabi-10.3-2021.10/bin/../lib/gcc/arm-none-eabi/13.3.1/thumb/v7e-m+fp/hard/crtbegin.o
 .text.__do_global_dtors_aux
                0x08000f80       0x28 C:/CLionToolchains/gcc-arm-none-eabi-10.3-2021.10/bin/../lib/gcc/arm-none-eabi/13.3.1/thumb/v7e-m+fp/hard/crtbegin.o
 .text.frame_dummy
                0x08000fa8       0x24 C:/CLionToolchains/gcc-arm-none-eabi-10.3-2021.10/bin/../lib/gcc/arm-none-eabi/13.3.1/thumb/v7e-m+fp/hard/crtbegin.o
 .text.MX_DMA_Init
                0x08000fcc       0x38 CMakeFiles/dm_h723_lib.elf.dir/Core/Src/dma.c.obj
                0x08000fcc                MX_DMA_Init
 .text.StartDefaultTask
                0x08001004        0xa CMakeFiles/dm_h723_lib.elf.dir/Core/Src/freertos.c.obj
                0x08001004                StartDefaultTask
 .text.GET_RC_TASK
                0x0800100e        0xa CMakeFiles/dm_h723_lib.elf.dir/Core/Src/freertos.c.obj
                0x0800100e                GET_RC_TASK
 .text.vApplicationGetIdleTaskMemory
                0x08001018       0x18 CMakeFiles/dm_h723_lib.elf.dir/Core/Src/freertos.c.obj
                0x08001018                vApplicationGetIdleTaskMemory
 .text.MX_FREERTOS_Init
                0x08001030       0xac CMakeFiles/dm_h723_lib.elf.dir/Core/Src/freertos.c.obj
                0x08001030                MX_FREERTOS_Init
 .text.MX_GPIO_Init
                0x080010dc       0xbc CMakeFiles/dm_h723_lib.elf.dir/Core/Src/gpio.c.obj
                0x080010dc                MX_GPIO_Init
 .text.HAL_TIM_PeriodElapsedCallback
                0x08001198       0x18 CMakeFiles/dm_h723_lib.elf.dir/Core/Src/main.c.obj
                0x08001198                HAL_TIM_PeriodElapsedCallback
 .text.Error_Handler
                0x080011b0        0x4 CMakeFiles/dm_h723_lib.elf.dir/Core/Src/main.c.obj
                0x080011b0                Error_Handler
 .text.SystemClock_Config
                0x080011b4       0xa8 CMakeFiles/dm_h723_lib.elf.dir/Core/Src/main.c.obj
                0x080011b4                SystemClock_Config
 .text.main     0x0800125c       0x3c CMakeFiles/dm_h723_lib.elf.dir/Core/Src/main.c.obj
                0x0800125c                main
 .text.MX_SPI6_Init
                0x08001298       0x64 CMakeFiles/dm_h723_lib.elf.dir/Core/Src/spi.c.obj
                0x08001298                MX_SPI6_Init
 .text.HAL_SPI_MspInit
                0x080012fc       0xa0 CMakeFiles/dm_h723_lib.elf.dir/Core/Src/spi.c.obj
                0x080012fc                HAL_SPI_MspInit
 .text.HAL_MspInit
                0x0800139c       0x34 CMakeFiles/dm_h723_lib.elf.dir/Core/Src/stm32h7xx_hal_msp.c.obj
                0x0800139c                HAL_MspInit
 .text.HAL_InitTick
                0x080013d0       0x9c CMakeFiles/dm_h723_lib.elf.dir/Core/Src/stm32h7xx_hal_timebase_tim.c.obj
                0x080013d0                HAL_InitTick
 .text.NMI_Handler
                0x0800146c        0x2 CMakeFiles/dm_h723_lib.elf.dir/Core/Src/stm32h7xx_it.c.obj
                0x0800146c                NMI_Handler
 .text.HardFault_Handler
                0x0800146e        0x2 CMakeFiles/dm_h723_lib.elf.dir/Core/Src/stm32h7xx_it.c.obj
                0x0800146e                HardFault_Handler
 .text.MemManage_Handler
                0x08001470        0x2 CMakeFiles/dm_h723_lib.elf.dir/Core/Src/stm32h7xx_it.c.obj
                0x08001470                MemManage_Handler
 .text.BusFault_Handler
                0x08001472        0x2 CMakeFiles/dm_h723_lib.elf.dir/Core/Src/stm32h7xx_it.c.obj
                0x08001472                BusFault_Handler
 .text.UsageFault_Handler
                0x08001474        0x2 CMakeFiles/dm_h723_lib.elf.dir/Core/Src/stm32h7xx_it.c.obj
                0x08001474                UsageFault_Handler
 .text.DebugMon_Handler
                0x08001476        0x2 CMakeFiles/dm_h723_lib.elf.dir/Core/Src/stm32h7xx_it.c.obj
                0x08001476                DebugMon_Handler
 .text.DMA1_Stream0_IRQHandler
                0x08001478       0x10 CMakeFiles/dm_h723_lib.elf.dir/Core/Src/stm32h7xx_it.c.obj
                0x08001478                DMA1_Stream0_IRQHandler
 .text.UART5_IRQHandler
                0x08001488       0x10 CMakeFiles/dm_h723_lib.elf.dir/Core/Src/stm32h7xx_it.c.obj
                0x08001488                UART5_IRQHandler
 .text.TIM7_IRQHandler
                0x08001498       0x10 CMakeFiles/dm_h723_lib.elf.dir/Core/Src/stm32h7xx_it.c.obj
                0x08001498                TIM7_IRQHandler
 .text._getpid  0x080014a8        0x4 CMakeFiles/dm_h723_lib.elf.dir/Core/Src/syscalls.c.obj
                0x080014a8                _getpid
 .text._kill    0x080014ac       0x10 CMakeFiles/dm_h723_lib.elf.dir/Core/Src/syscalls.c.obj
                0x080014ac                _kill
 .text._exit    0x080014bc        0xc CMakeFiles/dm_h723_lib.elf.dir/Core/Src/syscalls.c.obj
                0x080014bc                _exit
 .text._read    0x080014c8       0x20 CMakeFiles/dm_h723_lib.elf.dir/Core/Src/syscalls.c.obj
                0x080014c8                _read
 .text._write   0x080014e8       0x1c CMakeFiles/dm_h723_lib.elf.dir/Core/Src/syscalls.c.obj
                0x080014e8                _write
 .text._close   0x08001504        0x6 CMakeFiles/dm_h723_lib.elf.dir/Core/Src/syscalls.c.obj
                0x08001504                _close
 .text._fstat   0x0800150a        0xa CMakeFiles/dm_h723_lib.elf.dir/Core/Src/syscalls.c.obj
                0x0800150a                _fstat
 .text._isatty  0x08001514        0x4 CMakeFiles/dm_h723_lib.elf.dir/Core/Src/syscalls.c.obj
                0x08001514                _isatty
 .text._lseek   0x08001518        0x4 CMakeFiles/dm_h723_lib.elf.dir/Core/Src/syscalls.c.obj
                0x08001518                _lseek
 .text._sbrk    0x0800151c       0x48 CMakeFiles/dm_h723_lib.elf.dir/Core/Src/sysmem.c.obj
                0x0800151c                _sbrk
 .text.SystemInit
                0x08001564       0xac CMakeFiles/dm_h723_lib.elf.dir/Core/Src/system_stm32h7xx.c.obj
                0x08001564                SystemInit
 .text.MX_UART5_Init
                0x08001610       0x78 CMakeFiles/dm_h723_lib.elf.dir/Core/Src/usart.c.obj
                0x08001610                MX_UART5_Init
 .text.MX_USART1_UART_Init
                0x08001688       0x68 CMakeFiles/dm_h723_lib.elf.dir/Core/Src/usart.c.obj
                0x08001688                MX_USART1_UART_Init
 .text.HAL_UART_MspInit
                0x080016f0      0x194 CMakeFiles/dm_h723_lib.elf.dir/Core/Src/usart.c.obj
                0x080016f0                HAL_UART_MspInit
 .text.Reset_Handler
                0x08001884       0x50 CMakeFiles/dm_h723_lib.elf.dir/Core/Startup/startup_stm32h723vgtx.s.obj
                0x08001884                Reset_Handler
 .text.Default_Handler
                0x080018d4        0x2 CMakeFiles/dm_h723_lib.elf.dir/Core/Startup/startup_stm32h723vgtx.s.obj
                0x080018d4                RTC_Alarm_IRQHandler
                0x080018d4                EXTI2_IRQHandler
                0x080018d4                TIM8_CC_IRQHandler
                0x080018d4                UART8_IRQHandler
                0x080018d4                SPI4_IRQHandler
                0x080018d4                FDCAN3_IT0_IRQHandler
                0x080018d4                TIM1_CC_IRQHandler
                0x080018d4                BDMA_Channel6_IRQHandler
                0x080018d4                DMA2_Stream5_IRQHandler
                0x080018d4                DMA1_Stream5_IRQHandler
                0x080018d4                CORDIC_IRQHandler
                0x080018d4                BDMA_Channel1_IRQHandler
                0x080018d4                TAMP_STAMP_IRQHandler
                0x080018d4                EXTI3_IRQHandler
                0x080018d4                LPTIM4_IRQHandler
                0x080018d4                TIM8_TRG_COM_TIM14_IRQHandler
                0x080018d4                LPTIM2_IRQHandler
                0x080018d4                DFSDM1_FLT1_IRQHandler
                0x080018d4                DMAMUX2_OVR_IRQHandler
                0x080018d4                TIM8_UP_TIM13_IRQHandler
                0x080018d4                I2C3_ER_IRQHandler
                0x080018d4                DFSDM1_FLT2_IRQHandler
                0x080018d4                I2C5_EV_IRQHandler
                0x080018d4                USART10_IRQHandler
                0x080018d4                MDMA_IRQHandler
                0x080018d4                LPTIM3_IRQHandler
                0x080018d4                HSEM1_IRQHandler
                0x080018d4                EXTI0_IRQHandler
                0x080018d4                I2C2_EV_IRQHandler
                0x080018d4                DMA1_Stream2_IRQHandler
                0x080018d4                FPU_IRQHandler
                0x080018d4                OTG_HS_WKUP_IRQHandler
                0x080018d4                FDCAN1_IT1_IRQHandler
                0x080018d4                LTDC_ER_IRQHandler
                0x080018d4                DMA2_Stream2_IRQHandler
                0x080018d4                SPI1_IRQHandler
                0x080018d4                OCTOSPI1_IRQHandler
                0x080018d4                TIM6_DAC_IRQHandler
                0x080018d4                DMA2_Stream3_IRQHandler
                0x080018d4                OCTOSPI2_IRQHandler
                0x080018d4                DFSDM1_FLT3_IRQHandler
                0x080018d4                TIM23_IRQHandler
                0x080018d4                USART6_IRQHandler
                0x080018d4                TIM17_IRQHandler
                0x080018d4                USART3_IRQHandler
                0x080018d4                BDMA_Channel7_IRQHandler
                0x080018d4                LPTIM5_IRQHandler
                0x080018d4                ADC3_IRQHandler
                0x080018d4                DMA2_Stream0_IRQHandler
                0x080018d4                TIM4_IRQHandler
                0x080018d4                BDMA_Channel2_IRQHandler
                0x080018d4                I2C1_EV_IRQHandler
                0x080018d4                DMA1_Stream6_IRQHandler
                0x080018d4                DMAMUX1_OVR_IRQHandler
                0x080018d4                DMA1_Stream1_IRQHandler
                0x080018d4                TIM16_IRQHandler
                0x080018d4                UART4_IRQHandler
                0x080018d4                BDMA_Channel5_IRQHandler
                0x080018d4                TIM3_IRQHandler
                0x080018d4                RCC_IRQHandler
                0x080018d4                UART9_IRQHandler
                0x080018d4                TIM8_BRK_TIM12_IRQHandler
                0x080018d4                TIM1_TRG_COM_IRQHandler
                0x080018d4                Default_Handler
                0x080018d4                ECC_IRQHandler
                0x080018d4                FMAC_IRQHandler
                0x080018d4                CEC_IRQHandler
                0x080018d4                EXTI15_10_IRQHandler
                0x080018d4                BDMA_Channel0_IRQHandler
                0x080018d4                ADC_IRQHandler
                0x080018d4                I2C5_ER_IRQHandler
                0x080018d4                DMA1_Stream7_IRQHandler
                0x080018d4                SPI5_IRQHandler
                0x080018d4                FDCAN3_IT1_IRQHandler
                0x080018d4                SDMMC1_IRQHandler
                0x080018d4                TIM5_IRQHandler
                0x080018d4                DMA2_Stream7_IRQHandler
                0x080018d4                TIM15_IRQHandler
                0x080018d4                PVD_AVD_IRQHandler
                0x080018d4                I2C3_EV_IRQHandler
                0x080018d4                EXTI9_5_IRQHandler
                0x080018d4                RTC_WKUP_IRQHandler
                0x080018d4                LTDC_IRQHandler
                0x080018d4                ETH_WKUP_IRQHandler
                0x080018d4                SPDIF_RX_IRQHandler
                0x080018d4                SPI2_IRQHandler
                0x080018d4                OTG_HS_EP1_IN_IRQHandler
                0x080018d4                TIM24_IRQHandler
                0x080018d4                CRS_IRQHandler
                0x080018d4                EXTI4_IRQHandler
                0x080018d4                RNG_IRQHandler
                0x080018d4                FDCAN2_IT1_IRQHandler
                0x080018d4                ETH_IRQHandler
                0x080018d4                TIM1_UP_IRQHandler
                0x080018d4                BDMA_Channel4_IRQHandler
                0x080018d4                OTG_HS_EP1_OUT_IRQHandler
                0x080018d4                WWDG_IRQHandler
                0x080018d4                SPI6_IRQHandler
                0x080018d4                MDIOS_IRQHandler
                0x080018d4                I2C4_EV_IRQHandler
                0x080018d4                FDCAN2_IT0_IRQHandler
                0x080018d4                LPUART1_IRQHandler
                0x080018d4                FDCAN1_IT0_IRQHandler
                0x080018d4                TIM2_IRQHandler
                0x080018d4                OTG_HS_IRQHandler
                0x080018d4                DMA2D_IRQHandler
                0x080018d4                TIM1_BRK_IRQHandler
                0x080018d4                EXTI1_IRQHandler
                0x080018d4                SDMMC2_IRQHandler
                0x080018d4                BDMA_Channel3_IRQHandler
                0x080018d4                DTS_IRQHandler
                0x080018d4                UART7_IRQHandler
                0x080018d4                MDIOS_WKUP_IRQHandler
                0x080018d4                USART2_IRQHandler
                0x080018d4                DFSDM1_FLT0_IRQHandler
                0x080018d4                SAI4_IRQHandler
                0x080018d4                I2C2_ER_IRQHandler
                0x080018d4                DMA2_Stream1_IRQHandler
                0x080018d4                FLASH_IRQHandler
                0x080018d4                DMA2_Stream4_IRQHandler
                0x080018d4                USART1_IRQHandler
                0x080018d4                SPI3_IRQHandler
                0x080018d4                WAKEUP_PIN_IRQHandler
                0x080018d4                DMA1_Stream4_IRQHandler
                0x080018d4                I2C1_ER_IRQHandler
                0x080018d4                FMC_IRQHandler
                0x080018d4                FDCAN_CAL_IRQHandler
                0x080018d4                SWPMI1_IRQHandler
                0x080018d4                COMP1_IRQHandler
                0x080018d4                LPTIM1_IRQHandler
                0x080018d4                DCMI_PSSI_IRQHandler
                0x080018d4                I2C4_ER_IRQHandler
                0x080018d4                DMA2_Stream6_IRQHandler
                0x080018d4                SAI1_IRQHandler
                0x080018d4                DMA1_Stream3_IRQHandler
 *fill*         0x080018d6        0x2 
 .text.HAL_Init
                0x080018d8       0x5c CMakeFiles/dm_h723_lib.elf.dir/Drivers/STM32H7xx_HAL_Driver/Src/stm32h7xx_hal.c.obj
                0x080018d8                HAL_Init
 .text.HAL_IncTick
                0x08001934       0x18 CMakeFiles/dm_h723_lib.elf.dir/Drivers/STM32H7xx_HAL_Driver/Src/stm32h7xx_hal.c.obj
                0x08001934                HAL_IncTick
 .text.HAL_GetTick
                0x0800194c        0xc CMakeFiles/dm_h723_lib.elf.dir/Drivers/STM32H7xx_HAL_Driver/Src/stm32h7xx_hal.c.obj
                0x0800194c                HAL_GetTick
 .text.__NVIC_EnableIRQ
                0x08001958       0x1c CMakeFiles/dm_h723_lib.elf.dir/Drivers/STM32H7xx_HAL_Driver/Src/stm32h7xx_hal_cortex.c.obj
 .text.__NVIC_SetPriority
                0x08001974       0x24 CMakeFiles/dm_h723_lib.elf.dir/Drivers/STM32H7xx_HAL_Driver/Src/stm32h7xx_hal_cortex.c.obj
 .text.NVIC_EncodePriority
                0x08001998       0x3e CMakeFiles/dm_h723_lib.elf.dir/Drivers/STM32H7xx_HAL_Driver/Src/stm32h7xx_hal_cortex.c.obj
 *fill*         0x080019d6        0x2 
 .text.HAL_NVIC_SetPriorityGrouping
                0x080019d8       0x24 CMakeFiles/dm_h723_lib.elf.dir/Drivers/STM32H7xx_HAL_Driver/Src/stm32h7xx_hal_cortex.c.obj
                0x080019d8                HAL_NVIC_SetPriorityGrouping
 .text.HAL_NVIC_SetPriority
                0x080019fc       0x20 CMakeFiles/dm_h723_lib.elf.dir/Drivers/STM32H7xx_HAL_Driver/Src/stm32h7xx_hal_cortex.c.obj
                0x080019fc                HAL_NVIC_SetPriority
 .text.HAL_NVIC_EnableIRQ
                0x08001a1c        0x8 CMakeFiles/dm_h723_lib.elf.dir/Drivers/STM32H7xx_HAL_Driver/Src/stm32h7xx_hal_cortex.c.obj
                0x08001a1c                HAL_NVIC_EnableIRQ
 .text.DMA_SetConfig
                0x08001a24      0x1b4 CMakeFiles/dm_h723_lib.elf.dir/Drivers/STM32H7xx_HAL_Driver/Src/stm32h7xx_hal_dma.c.obj
 .text.DMA_CalcBaseAndBitshift
                0x08001bd8       0xb0 CMakeFiles/dm_h723_lib.elf.dir/Drivers/STM32H7xx_HAL_Driver/Src/stm32h7xx_hal_dma.c.obj
 .text.DMA_CheckFifoParam
                0x08001c88       0x92 CMakeFiles/dm_h723_lib.elf.dir/Drivers/STM32H7xx_HAL_Driver/Src/stm32h7xx_hal_dma.c.obj
 *fill*         0x08001d1a        0x2 
 .text.DMA_CalcDMAMUXChannelBaseAndMask
                0x08001d1c       0xac CMakeFiles/dm_h723_lib.elf.dir/Drivers/STM32H7xx_HAL_Driver/Src/stm32h7xx_hal_dma.c.obj
 .text.DMA_CalcDMAMUXRequestGenBaseAndMask
                0x08001dc8       0x7c CMakeFiles/dm_h723_lib.elf.dir/Drivers/STM32H7xx_HAL_Driver/Src/stm32h7xx_hal_dma.c.obj
 .text.HAL_DMA_Init
                0x08001e44      0x39c CMakeFiles/dm_h723_lib.elf.dir/Drivers/STM32H7xx_HAL_Driver/Src/stm32h7xx_hal_dma.c.obj
                0x08001e44                HAL_DMA_Init
 .text.HAL_DMA_Start_IT
                0x080021e0      0x298 CMakeFiles/dm_h723_lib.elf.dir/Drivers/STM32H7xx_HAL_Driver/Src/stm32h7xx_hal_dma.c.obj
                0x080021e0                HAL_DMA_Start_IT
 .text.HAL_DMA_Abort
                0x08002478      0x340 CMakeFiles/dm_h723_lib.elf.dir/Drivers/STM32H7xx_HAL_Driver/Src/stm32h7xx_hal_dma.c.obj
                0x08002478                HAL_DMA_Abort
 .text.HAL_DMA_Abort_IT
                0x080027b8      0x270 CMakeFiles/dm_h723_lib.elf.dir/Drivers/STM32H7xx_HAL_Driver/Src/stm32h7xx_hal_dma.c.obj
                0x080027b8                HAL_DMA_Abort_IT
 .text.HAL_DMA_IRQHandler
                0x08002a28      0x738 CMakeFiles/dm_h723_lib.elf.dir/Drivers/STM32H7xx_HAL_Driver/Src/stm32h7xx_hal_dma.c.obj
                0x08002a28                HAL_DMA_IRQHandler
 .text.HAL_GPIO_Init
                0x08003160      0x214 CMakeFiles/dm_h723_lib.elf.dir/Drivers/STM32H7xx_HAL_Driver/Src/stm32h7xx_hal_gpio.c.obj
                0x08003160                HAL_GPIO_Init
 .text.HAL_GPIO_WritePin
                0x08003374        0xc CMakeFiles/dm_h723_lib.elf.dir/Drivers/STM32H7xx_HAL_Driver/Src/stm32h7xx_hal_gpio.c.obj
                0x08003374                HAL_GPIO_WritePin
 .text.HAL_PWREx_ConfigSupply
                0x08003380       0x54 CMakeFiles/dm_h723_lib.elf.dir/Drivers/STM32H7xx_HAL_Driver/Src/stm32h7xx_hal_pwr_ex.c.obj
                0x08003380                HAL_PWREx_ConfigSupply
 .text.HAL_RCC_OscConfig
                0x080033d4      0x5e4 CMakeFiles/dm_h723_lib.elf.dir/Drivers/STM32H7xx_HAL_Driver/Src/stm32h7xx_hal_rcc.c.obj
                0x080033d4                HAL_RCC_OscConfig
 .text.HAL_RCC_GetSysClockFreq
                0x080039b8      0x1f8 CMakeFiles/dm_h723_lib.elf.dir/Drivers/STM32H7xx_HAL_Driver/Src/stm32h7xx_hal_rcc.c.obj
                0x080039b8                HAL_RCC_GetSysClockFreq
 .text.HAL_RCC_ClockConfig
                0x08003bb0      0x294 CMakeFiles/dm_h723_lib.elf.dir/Drivers/STM32H7xx_HAL_Driver/Src/stm32h7xx_hal_rcc.c.obj
                0x08003bb0                HAL_RCC_ClockConfig
 .text.HAL_RCC_GetHCLKFreq
                0x08003e44       0x44 CMakeFiles/dm_h723_lib.elf.dir/Drivers/STM32H7xx_HAL_Driver/Src/stm32h7xx_hal_rcc.c.obj
                0x08003e44                HAL_RCC_GetHCLKFreq
 .text.HAL_RCC_GetPCLK1Freq
                0x08003e88       0x24 CMakeFiles/dm_h723_lib.elf.dir/Drivers/STM32H7xx_HAL_Driver/Src/stm32h7xx_hal_rcc.c.obj
                0x08003e88                HAL_RCC_GetPCLK1Freq
 .text.HAL_RCC_GetPCLK2Freq
                0x08003eac       0x24 CMakeFiles/dm_h723_lib.elf.dir/Drivers/STM32H7xx_HAL_Driver/Src/stm32h7xx_hal_rcc.c.obj
                0x08003eac                HAL_RCC_GetPCLK2Freq
 .text.HAL_RCC_GetClockConfig
                0x08003ed0       0x54 CMakeFiles/dm_h723_lib.elf.dir/Drivers/STM32H7xx_HAL_Driver/Src/stm32h7xx_hal_rcc.c.obj
                0x08003ed0                HAL_RCC_GetClockConfig
 .text.RCCEx_PLL2_Config
                0x08003f24      0x108 CMakeFiles/dm_h723_lib.elf.dir/Drivers/STM32H7xx_HAL_Driver/Src/stm32h7xx_hal_rcc_ex.c.obj
 .text.RCCEx_PLL3_Config
                0x0800402c      0x108 CMakeFiles/dm_h723_lib.elf.dir/Drivers/STM32H7xx_HAL_Driver/Src/stm32h7xx_hal_rcc_ex.c.obj
 .text.HAL_RCCEx_PeriphCLKConfig
                0x08004134      0xa2c CMakeFiles/dm_h723_lib.elf.dir/Drivers/STM32H7xx_HAL_Driver/Src/stm32h7xx_hal_rcc_ex.c.obj
                0x08004134                HAL_RCCEx_PeriphCLKConfig
 .text.HAL_RCCEx_GetD3PCLK1Freq
                0x08004b60       0x24 CMakeFiles/dm_h723_lib.elf.dir/Drivers/STM32H7xx_HAL_Driver/Src/stm32h7xx_hal_rcc_ex.c.obj
                0x08004b60                HAL_RCCEx_GetD3PCLK1Freq
 .text.HAL_RCCEx_GetPLL2ClockFreq
                0x08004b84      0x200 CMakeFiles/dm_h723_lib.elf.dir/Drivers/STM32H7xx_HAL_Driver/Src/stm32h7xx_hal_rcc_ex.c.obj
                0x08004b84                HAL_RCCEx_GetPLL2ClockFreq
 .text.HAL_RCCEx_GetPLL3ClockFreq
                0x08004d84      0x200 CMakeFiles/dm_h723_lib.elf.dir/Drivers/STM32H7xx_HAL_Driver/Src/stm32h7xx_hal_rcc_ex.c.obj
                0x08004d84                HAL_RCCEx_GetPLL3ClockFreq
 .text.SPI_CloseTransfer
                0x08004f84       0xd0 CMakeFiles/dm_h723_lib.elf.dir/Drivers/STM32H7xx_HAL_Driver/Src/stm32h7xx_hal_spi.c.obj
 .text.SPI_GetPacketSize
                0x08005054       0x10 CMakeFiles/dm_h723_lib.elf.dir/Drivers/STM32H7xx_HAL_Driver/Src/stm32h7xx_hal_spi.c.obj
 .text.SPI_WaitOnFlagUntilTimeout
                0x08005064       0x48 CMakeFiles/dm_h723_lib.elf.dir/Drivers/STM32H7xx_HAL_Driver/Src/stm32h7xx_hal_spi.c.obj
 .text.HAL_SPI_Init
                0x080050ac      0x190 CMakeFiles/dm_h723_lib.elf.dir/Drivers/STM32H7xx_HAL_Driver/Src/stm32h7xx_hal_spi.c.obj
                0x080050ac                HAL_SPI_Init
 .text.HAL_SPI_Transmit
                0x0800523c      0x2c0 CMakeFiles/dm_h723_lib.elf.dir/Drivers/STM32H7xx_HAL_Driver/Src/stm32h7xx_hal_spi.c.obj
                0x0800523c                HAL_SPI_Transmit
 .text.HAL_TIM_Base_MspInit
                0x080054fc        0x2 CMakeFiles/dm_h723_lib.elf.dir/Drivers/STM32H7xx_HAL_Driver/Src/stm32h7xx_hal_tim.c.obj
                0x080054fc                HAL_TIM_Base_MspInit
 *fill*         0x080054fe        0x2 
 .text.HAL_TIM_Base_Start_IT
                0x08005500       0xa0 CMakeFiles/dm_h723_lib.elf.dir/Drivers/STM32H7xx_HAL_Driver/Src/stm32h7xx_hal_tim.c.obj
                0x08005500                HAL_TIM_Base_Start_IT
 .text.HAL_TIM_OC_DelayElapsedCallback
                0x080055a0        0x2 CMakeFiles/dm_h723_lib.elf.dir/Drivers/STM32H7xx_HAL_Driver/Src/stm32h7xx_hal_tim.c.obj
                0x080055a0                HAL_TIM_OC_DelayElapsedCallback
 .text.HAL_TIM_IC_CaptureCallback
                0x080055a2        0x2 CMakeFiles/dm_h723_lib.elf.dir/Drivers/STM32H7xx_HAL_Driver/Src/stm32h7xx_hal_tim.c.obj
                0x080055a2                HAL_TIM_IC_CaptureCallback
 .text.HAL_TIM_PWM_PulseFinishedCallback
                0x080055a4        0x2 CMakeFiles/dm_h723_lib.elf.dir/Drivers/STM32H7xx_HAL_Driver/Src/stm32h7xx_hal_tim.c.obj
                0x080055a4                HAL_TIM_PWM_PulseFinishedCallback
 .text.HAL_TIM_TriggerCallback
                0x080055a6        0x2 CMakeFiles/dm_h723_lib.elf.dir/Drivers/STM32H7xx_HAL_Driver/Src/stm32h7xx_hal_tim.c.obj
                0x080055a6                HAL_TIM_TriggerCallback
 .text.HAL_TIM_IRQHandler
                0x080055a8      0x17a CMakeFiles/dm_h723_lib.elf.dir/Drivers/STM32H7xx_HAL_Driver/Src/stm32h7xx_hal_tim.c.obj
                0x080055a8                HAL_TIM_IRQHandler
 *fill*         0x08005722        0x2 
 .text.TIM_Base_SetConfig
                0x08005724      0x130 CMakeFiles/dm_h723_lib.elf.dir/Drivers/STM32H7xx_HAL_Driver/Src/stm32h7xx_hal_tim.c.obj
                0x08005724                TIM_Base_SetConfig
 .text.HAL_TIM_Base_Init
                0x08005854       0x60 CMakeFiles/dm_h723_lib.elf.dir/Drivers/STM32H7xx_HAL_Driver/Src/stm32h7xx_hal_tim.c.obj
                0x08005854                HAL_TIM_Base_Init
 .text.HAL_TIMEx_CommutCallback
                0x080058b4        0x2 CMakeFiles/dm_h723_lib.elf.dir/Drivers/STM32H7xx_HAL_Driver/Src/stm32h7xx_hal_tim_ex.c.obj
                0x080058b4                HAL_TIMEx_CommutCallback
 .text.HAL_TIMEx_BreakCallback
                0x080058b6        0x2 CMakeFiles/dm_h723_lib.elf.dir/Drivers/STM32H7xx_HAL_Driver/Src/stm32h7xx_hal_tim_ex.c.obj
                0x080058b6                HAL_TIMEx_BreakCallback
 .text.HAL_TIMEx_Break2Callback
                0x080058b8        0x2 CMakeFiles/dm_h723_lib.elf.dir/Drivers/STM32H7xx_HAL_Driver/Src/stm32h7xx_hal_tim_ex.c.obj
                0x080058b8                HAL_TIMEx_Break2Callback
 .text.UART_EndTxTransfer
                0x080058ba       0x32 CMakeFiles/dm_h723_lib.elf.dir/Drivers/STM32H7xx_HAL_Driver/Src/stm32h7xx_hal_uart.c.obj
 .text.UART_EndRxTransfer
                0x080058ec       0x58 CMakeFiles/dm_h723_lib.elf.dir/Drivers/STM32H7xx_HAL_Driver/Src/stm32h7xx_hal_uart.c.obj
 .text.HAL_UART_TxCpltCallback
                0x08005944        0x2 CMakeFiles/dm_h723_lib.elf.dir/Drivers/STM32H7xx_HAL_Driver/Src/stm32h7xx_hal_uart.c.obj
                0x08005944                HAL_UART_TxCpltCallback
 .text.UART_EndTransmit_IT
                0x08005946       0x24 CMakeFiles/dm_h723_lib.elf.dir/Drivers/STM32H7xx_HAL_Driver/Src/stm32h7xx_hal_uart.c.obj
 .text.HAL_UART_RxCpltCallback
                0x0800596a        0x2 CMakeFiles/dm_h723_lib.elf.dir/Drivers/STM32H7xx_HAL_Driver/Src/stm32h7xx_hal_uart.c.obj
                0x0800596a                HAL_UART_RxCpltCallback
 .text.HAL_UART_RxHalfCpltCallback
                0x0800596c        0x2 CMakeFiles/dm_h723_lib.elf.dir/Drivers/STM32H7xx_HAL_Driver/Src/stm32h7xx_hal_uart.c.obj
                0x0800596c                HAL_UART_RxHalfCpltCallback
 .text.UART_DMAError
                0x0800596e       0x58 CMakeFiles/dm_h723_lib.elf.dir/Drivers/STM32H7xx_HAL_Driver/Src/stm32h7xx_hal_uart.c.obj
 .text.UART_DMAAbortOnError
                0x080059c6       0x14 CMakeFiles/dm_h723_lib.elf.dir/Drivers/STM32H7xx_HAL_Driver/Src/stm32h7xx_hal_uart.c.obj
 *fill*         0x080059da        0x2 
 .text.HAL_UART_IRQHandler
                0x080059dc      0x3b4 CMakeFiles/dm_h723_lib.elf.dir/Drivers/STM32H7xx_HAL_Driver/Src/stm32h7xx_hal_uart.c.obj
                0x080059dc                HAL_UART_IRQHandler
 .text.UART_DMARxHalfCplt
                0x08005d90       0x20 CMakeFiles/dm_h723_lib.elf.dir/Drivers/STM32H7xx_HAL_Driver/Src/stm32h7xx_hal_uart.c.obj
 .text.UART_DMAReceiveCplt
                0x08005db0       0x90 CMakeFiles/dm_h723_lib.elf.dir/Drivers/STM32H7xx_HAL_Driver/Src/stm32h7xx_hal_uart.c.obj
 .text.UART_SetConfig
                0x08005e40      0x6c4 CMakeFiles/dm_h723_lib.elf.dir/Drivers/STM32H7xx_HAL_Driver/Src/stm32h7xx_hal_uart.c.obj
                0x08005e40                UART_SetConfig
 .text.UART_AdvFeatureConfig
                0x08006504       0xca CMakeFiles/dm_h723_lib.elf.dir/Drivers/STM32H7xx_HAL_Driver/Src/stm32h7xx_hal_uart.c.obj
                0x08006504                UART_AdvFeatureConfig
 .text.UART_WaitOnFlagUntilTimeout
                0x080065ce       0xa6 CMakeFiles/dm_h723_lib.elf.dir/Drivers/STM32H7xx_HAL_Driver/Src/stm32h7xx_hal_uart.c.obj
                0x080065ce                UART_WaitOnFlagUntilTimeout
 .text.HAL_UART_Transmit
                0x08006674       0xd0 CMakeFiles/dm_h723_lib.elf.dir/Drivers/STM32H7xx_HAL_Driver/Src/stm32h7xx_hal_uart.c.obj
                0x08006674                HAL_UART_Transmit
 .text.UART_CheckIdleState
                0x08006744       0xca CMakeFiles/dm_h723_lib.elf.dir/Drivers/STM32H7xx_HAL_Driver/Src/stm32h7xx_hal_uart.c.obj
                0x08006744                UART_CheckIdleState
 .text.HAL_UART_Init
                0x0800680e       0x66 CMakeFiles/dm_h723_lib.elf.dir/Drivers/STM32H7xx_HAL_Driver/Src/stm32h7xx_hal_uart.c.obj
                0x0800680e                HAL_UART_Init
 .text.UART_Start_Receive_DMA
                0x08006874       0xb0 CMakeFiles/dm_h723_lib.elf.dir/Drivers/STM32H7xx_HAL_Driver/Src/stm32h7xx_hal_uart.c.obj
                0x08006874                UART_Start_Receive_DMA
 .text.UARTEx_SetNbDataToProcess
                0x08006924       0x4c CMakeFiles/dm_h723_lib.elf.dir/Drivers/STM32H7xx_HAL_Driver/Src/stm32h7xx_hal_uart_ex.c.obj
 .text.HAL_UARTEx_WakeupCallback
                0x08006970        0x2 CMakeFiles/dm_h723_lib.elf.dir/Drivers/STM32H7xx_HAL_Driver/Src/stm32h7xx_hal_uart_ex.c.obj
                0x08006970                HAL_UARTEx_WakeupCallback
 .text.HAL_UARTEx_RxFifoFullCallback
                0x08006972        0x2 CMakeFiles/dm_h723_lib.elf.dir/Drivers/STM32H7xx_HAL_Driver/Src/stm32h7xx_hal_uart_ex.c.obj
                0x08006972                HAL_UARTEx_RxFifoFullCallback
 .text.HAL_UARTEx_TxFifoEmptyCallback
                0x08006974        0x2 CMakeFiles/dm_h723_lib.elf.dir/Drivers/STM32H7xx_HAL_Driver/Src/stm32h7xx_hal_uart_ex.c.obj
                0x08006974                HAL_UARTEx_TxFifoEmptyCallback
 .text.HAL_UARTEx_DisableFifoMode
                0x08006976       0x3e CMakeFiles/dm_h723_lib.elf.dir/Drivers/STM32H7xx_HAL_Driver/Src/stm32h7xx_hal_uart_ex.c.obj
                0x08006976                HAL_UARTEx_DisableFifoMode
 .text.HAL_UARTEx_SetTxFifoThreshold
                0x080069b4       0x4a CMakeFiles/dm_h723_lib.elf.dir/Drivers/STM32H7xx_HAL_Driver/Src/stm32h7xx_hal_uart_ex.c.obj
                0x080069b4                HAL_UARTEx_SetTxFifoThreshold
 .text.HAL_UARTEx_SetRxFifoThreshold
                0x080069fe       0x4a CMakeFiles/dm_h723_lib.elf.dir/Drivers/STM32H7xx_HAL_Driver/Src/stm32h7xx_hal_uart_ex.c.obj
                0x080069fe                HAL_UARTEx_SetRxFifoThreshold
 .text.HAL_UARTEx_ReceiveToIdle_DMA
                0x08006a48       0x50 CMakeFiles/dm_h723_lib.elf.dir/Drivers/STM32H7xx_HAL_Driver/Src/stm32h7xx_hal_uart_ex.c.obj
                0x08006a48                HAL_UARTEx_ReceiveToIdle_DMA
 .text.makeFreeRtosPriority
                0x08006a98        0xc CMakeFiles/dm_h723_lib.elf.dir/Middlewares/Third_Party/FreeRTOS/Source/CMSIS_RTOS/cmsis_os.c.obj
 .text.osKernelStart
                0x08006aa4        0xa CMakeFiles/dm_h723_lib.elf.dir/Middlewares/Third_Party/FreeRTOS/Source/CMSIS_RTOS/cmsis_os.c.obj
                0x08006aa4                osKernelStart
 .text.osThreadCreate
                0x08006aae       0x66 CMakeFiles/dm_h723_lib.elf.dir/Middlewares/Third_Party/FreeRTOS/Source/CMSIS_RTOS/cmsis_os.c.obj
                0x08006aae                osThreadCreate
 .text.osDelay  0x08006b14        0xe CMakeFiles/dm_h723_lib.elf.dir/Middlewares/Third_Party/FreeRTOS/Source/CMSIS_RTOS/cmsis_os.c.obj
                0x08006b14                osDelay
 .text.vListInitialise
                0x08006b22       0x16 CMakeFiles/dm_h723_lib.elf.dir/Middlewares/Third_Party/FreeRTOS/Source/list.c.obj
                0x08006b22                vListInitialise
 .text.vListInitialiseItem
                0x08006b38        0x6 CMakeFiles/dm_h723_lib.elf.dir/Middlewares/Third_Party/FreeRTOS/Source/list.c.obj
                0x08006b38                vListInitialiseItem
 .text.vListInsertEnd
                0x08006b3e       0x16 CMakeFiles/dm_h723_lib.elf.dir/Middlewares/Third_Party/FreeRTOS/Source/list.c.obj
                0x08006b3e                vListInsertEnd
 .text.vListInsert
                0x08006b54       0x32 CMakeFiles/dm_h723_lib.elf.dir/Middlewares/Third_Party/FreeRTOS/Source/list.c.obj
                0x08006b54                vListInsert
 .text.uxListRemove
                0x08006b86       0x26 CMakeFiles/dm_h723_lib.elf.dir/Middlewares/Third_Party/FreeRTOS/Source/list.c.obj
                0x08006b86                uxListRemove
 .text.prvTaskExitError
                0x08006bac       0x40 CMakeFiles/dm_h723_lib.elf.dir/Middlewares/Third_Party/FreeRTOS/Source/portable/GCC/ARM_CM4F/port.c.obj
 .text.prvPortStartFirstTask
                0x08006bec       0x28 CMakeFiles/dm_h723_lib.elf.dir/Middlewares/Third_Party/FreeRTOS/Source/portable/GCC/ARM_CM4F/port.c.obj
 .text.vPortEnableVFP
                0x08006c14       0x14 CMakeFiles/dm_h723_lib.elf.dir/Middlewares/Third_Party/FreeRTOS/Source/portable/GCC/ARM_CM4F/port.c.obj
 .text.pxPortInitialiseStack
                0x08006c28       0x2c CMakeFiles/dm_h723_lib.elf.dir/Middlewares/Third_Party/FreeRTOS/Source/portable/GCC/ARM_CM4F/port.c.obj
                0x08006c28                pxPortInitialiseStack
 *fill*         0x08006c54        0xc 
 .text.SVC_Handler
                0x08006c60       0x24 CMakeFiles/dm_h723_lib.elf.dir/Middlewares/Third_Party/FreeRTOS/Source/portable/GCC/ARM_CM4F/port.c.obj
                0x08006c60                SVC_Handler
 .text.vPortEnterCritical
                0x08006c84       0x44 CMakeFiles/dm_h723_lib.elf.dir/Middlewares/Third_Party/FreeRTOS/Source/portable/GCC/ARM_CM4F/port.c.obj
                0x08006c84                vPortEnterCritical
 .text.vPortExitCritical
                0x08006cc8       0x2c CMakeFiles/dm_h723_lib.elf.dir/Middlewares/Third_Party/FreeRTOS/Source/portable/GCC/ARM_CM4F/port.c.obj
                0x08006cc8                vPortExitCritical
 *fill*         0x08006cf4        0xc 
 .text.PendSV_Handler
                0x08006d00       0x64 CMakeFiles/dm_h723_lib.elf.dir/Middlewares/Third_Party/FreeRTOS/Source/portable/GCC/ARM_CM4F/port.c.obj
                0x08006d00                PendSV_Handler
 .text.SysTick_Handler
                0x08006d64       0x2c CMakeFiles/dm_h723_lib.elf.dir/Middlewares/Third_Party/FreeRTOS/Source/portable/GCC/ARM_CM4F/port.c.obj
                0x08006d64                SysTick_Handler
 .text.vPortSetupTimerInterrupt
                0x08006d90       0x28 CMakeFiles/dm_h723_lib.elf.dir/Middlewares/Third_Party/FreeRTOS/Source/portable/GCC/ARM_CM4F/port.c.obj
                0x08006d90                vPortSetupTimerInterrupt
 .text.xPortStartScheduler
                0x08006db8      0x118 CMakeFiles/dm_h723_lib.elf.dir/Middlewares/Third_Party/FreeRTOS/Source/portable/GCC/ARM_CM4F/port.c.obj
                0x08006db8                xPortStartScheduler
 .text.prvHeapInit
                0x08006ed0       0x68 CMakeFiles/dm_h723_lib.elf.dir/Middlewares/Third_Party/FreeRTOS/Source/portable/MemMang/heap_4.c.obj
 .text.prvInsertBlockIntoFreeList
                0x08006f38       0x64 CMakeFiles/dm_h723_lib.elf.dir/Middlewares/Third_Party/FreeRTOS/Source/portable/MemMang/heap_4.c.obj
 .text.pvPortMalloc
                0x08006f9c      0x104 CMakeFiles/dm_h723_lib.elf.dir/Middlewares/Third_Party/FreeRTOS/Source/portable/MemMang/heap_4.c.obj
                0x08006f9c                pvPortMalloc
 .text.vPortFree
                0x080070a0       0x7c CMakeFiles/dm_h723_lib.elf.dir/Middlewares/Third_Party/FreeRTOS/Source/portable/MemMang/heap_4.c.obj
                0x080070a0                vPortFree
 .text.prvResetNextTaskUnblockTime
                0x0800711c       0x2c CMakeFiles/dm_h723_lib.elf.dir/Middlewares/Third_Party/FreeRTOS/Source/tasks.c.obj
 .text.prvInitialiseNewTask
                0x08007148       0xfc CMakeFiles/dm_h723_lib.elf.dir/Middlewares/Third_Party/FreeRTOS/Source/tasks.c.obj
 .text.prvInitialiseTaskLists
                0x08007244       0x68 CMakeFiles/dm_h723_lib.elf.dir/Middlewares/Third_Party/FreeRTOS/Source/tasks.c.obj
 .text.prvAddNewTaskToReadyList
                0x080072ac       0xa8 CMakeFiles/dm_h723_lib.elf.dir/Middlewares/Third_Party/FreeRTOS/Source/tasks.c.obj
 .text.prvDeleteTCB
                0x08007354       0x40 CMakeFiles/dm_h723_lib.elf.dir/Middlewares/Third_Party/FreeRTOS/Source/tasks.c.obj
 .text.prvCheckTasksWaitingTermination
                0x08007394       0x4c CMakeFiles/dm_h723_lib.elf.dir/Middlewares/Third_Party/FreeRTOS/Source/tasks.c.obj
 .text.prvIdleTask
                0x080073e0       0x28 CMakeFiles/dm_h723_lib.elf.dir/Middlewares/Third_Party/FreeRTOS/Source/tasks.c.obj
 .text.prvAddCurrentTaskToDelayedList
                0x08007408       0xa0 CMakeFiles/dm_h723_lib.elf.dir/Middlewares/Third_Party/FreeRTOS/Source/tasks.c.obj
 .text.xTaskCreateStatic
                0x080074a8       0x7a CMakeFiles/dm_h723_lib.elf.dir/Middlewares/Third_Party/FreeRTOS/Source/tasks.c.obj
                0x080074a8                xTaskCreateStatic
 .text.xTaskCreate
                0x08007522       0x66 CMakeFiles/dm_h723_lib.elf.dir/Middlewares/Third_Party/FreeRTOS/Source/tasks.c.obj
                0x08007522                xTaskCreate
 .text.vTaskStartScheduler
                0x08007588       0x84 CMakeFiles/dm_h723_lib.elf.dir/Middlewares/Third_Party/FreeRTOS/Source/tasks.c.obj
                0x08007588                vTaskStartScheduler
 .text.vTaskSuspendAll
                0x0800760c       0x10 CMakeFiles/dm_h723_lib.elf.dir/Middlewares/Third_Party/FreeRTOS/Source/tasks.c.obj
                0x0800760c                vTaskSuspendAll
 .text.xTaskIncrementTick
                0x0800761c      0x118 CMakeFiles/dm_h723_lib.elf.dir/Middlewares/Third_Party/FreeRTOS/Source/tasks.c.obj
                0x0800761c                xTaskIncrementTick
 .text.xTaskResumeAll
                0x08007734       0xf8 CMakeFiles/dm_h723_lib.elf.dir/Middlewares/Third_Party/FreeRTOS/Source/tasks.c.obj
                0x08007734                xTaskResumeAll
 .text.vTaskDelay
                0x0800782c       0x4c CMakeFiles/dm_h723_lib.elf.dir/Middlewares/Third_Party/FreeRTOS/Source/tasks.c.obj
                0x0800782c                vTaskDelay
 .text.vTaskSwitchContext
                0x08007878       0xa4 CMakeFiles/dm_h723_lib.elf.dir/Middlewares/Third_Party/FreeRTOS/Source/tasks.c.obj
                0x08007878                vTaskSwitchContext
 .text.DEBUG_UART_TASK
                0x0800791c       0x24 CMakeFiles/dm_h723_lib.elf.dir/code_mf/Src/DEBUG_UART_TASK.c.obj
                0x0800791c                DEBUG_UART_TASK
 .text.LED_TASK
                0x08007940       0x3a CMakeFiles/dm_h723_lib.elf.dir/code_mf/Src/LED_TASK.c.obj
                0x08007940                LED_TASK
 .text.dbus_frame_parse
                0x0800797a       0xc6 CMakeFiles/dm_h723_lib.elf.dir/code_mf/Src/remote_control.c.obj
                0x0800797a                dbus_frame_parse
 .text.HAL_UARTEx_RxEventCallback
                0x08007a40       0x34 CMakeFiles/dm_h723_lib.elf.dir/code_mf/Src/remote_control.c.obj
                0x08007a40                HAL_UARTEx_RxEventCallback
 .text.HAL_UART_ErrorCallback
                0x08007a74       0x20 CMakeFiles/dm_h723_lib.elf.dir/code_mf/Src/remote_control.c.obj
                0x08007a74                HAL_UART_ErrorCallback
 .text.usart1_printf
                0x08007a94       0x40 CMakeFiles/dm_h723_lib.elf.dir/code_mf/Src/uart_printf.c.obj
                0x08007a94                usart1_printf
 .text.WS2812_Ctrl
                0x08007ad4       0xc0 CMakeFiles/dm_h723_lib.elf.dir/code_mf/Src/ws2812.c.obj
                0x08007ad4                WS2812_Ctrl
 .text.__udivmoddi4
                0x08007b94      0x2bc C:/CLionToolchains/gcc-arm-none-eabi-10.3-2021.10/bin/../lib/gcc/arm-none-eabi/13.3.1/thumb/v7e-m+fp/hard\libgcc.a(_udivmoddi4.o)
                0x08007b94                __udivmoddi4
 .text.stdio_exit_handler
                0x08007e50       0x18 C:/CLionToolchains/gcc-arm-none-eabi-10.3-2021.10/bin/../lib/gcc/arm-none-eabi/13.3.1/thumb/v7e-m+fp/hard\libg.a(libc_a-findfp.o)
 .text.cleanup_stdio
                0x08007e68       0x40 C:/CLionToolchains/gcc-arm-none-eabi-10.3-2021.10/bin/../lib/gcc/arm-none-eabi/13.3.1/thumb/v7e-m+fp/hard\libg.a(libc_a-findfp.o)
 .text.global_stdio_init.part.0
                0x08007ea8       0xf0 C:/CLionToolchains/gcc-arm-none-eabi-10.3-2021.10/bin/../lib/gcc/arm-none-eabi/13.3.1/thumb/v7e-m+fp/hard\libg.a(libc_a-findfp.o)
 .text.__sinit  0x08007f98       0x3c C:/CLionToolchains/gcc-arm-none-eabi-10.3-2021.10/bin/../lib/gcc/arm-none-eabi/13.3.1/thumb/v7e-m+fp/hard\libg.a(libc_a-findfp.o)
                0x08007f98                __sinit
 .text.__sfp_lock_acquire
                0x08007fd4        0xc C:/CLionToolchains/gcc-arm-none-eabi-10.3-2021.10/bin/../lib/gcc/arm-none-eabi/13.3.1/thumb/v7e-m+fp/hard\libg.a(libc_a-findfp.o)
                0x08007fd4                __sfp_lock_acquire
 .text.__sfp_lock_release
                0x08007fe0        0xc C:/CLionToolchains/gcc-arm-none-eabi-10.3-2021.10/bin/../lib/gcc/arm-none-eabi/13.3.1/thumb/v7e-m+fp/hard\libg.a(libc_a-findfp.o)
                0x08007fe0                __sfp_lock_release
 .text._fwalk_sglue
                0x08007fec       0x44 C:/CLionToolchains/gcc-arm-none-eabi-10.3-2021.10/bin/../lib/gcc/arm-none-eabi/13.3.1/thumb/v7e-m+fp/hard\libg.a(libc_a-fwalk.o)
                0x08007fec                _fwalk_sglue
 .text.__sread  0x08008030       0x24 C:/CLionToolchains/gcc-arm-none-eabi-10.3-2021.10/bin/../lib/gcc/arm-none-eabi/13.3.1/thumb/v7e-m+fp/hard\libg.a(libc_a-stdio.o)
                0x08008030                __sread
 .text.__swrite
                0x08008054       0x40 C:/CLionToolchains/gcc-arm-none-eabi-10.3-2021.10/bin/../lib/gcc/arm-none-eabi/13.3.1/thumb/v7e-m+fp/hard\libg.a(libc_a-stdio.o)
                0x08008054                __swrite
 .text.__sseek  0x08008094       0x24 C:/CLionToolchains/gcc-arm-none-eabi-10.3-2021.10/bin/../lib/gcc/arm-none-eabi/13.3.1/thumb/v7e-m+fp/hard\libg.a(libc_a-stdio.o)
                0x08008094                __sseek
 .text.__sclose
                0x080080b8        0x8 C:/CLionToolchains/gcc-arm-none-eabi-10.3-2021.10/bin/../lib/gcc/arm-none-eabi/13.3.1/thumb/v7e-m+fp/hard\libg.a(libc_a-stdio.o)
                0x080080b8                __sclose
 .text.vsprintf
                0x080080c0       0x38 C:/CLionToolchains/gcc-arm-none-eabi-10.3-2021.10/bin/../lib/gcc/arm-none-eabi/13.3.1/thumb/v7e-m+fp/hard\libg.a(libc_a-vsprintf.o)
                0x080080c0                vsprintf
 .text.memset   0x080080f8       0xa4 C:/CLionToolchains/gcc-arm-none-eabi-10.3-2021.10/bin/../lib/gcc/arm-none-eabi/13.3.1/thumb/v7e-m+fp/hard\libg.a(libc_a-memset.o)
                0x080080f8                memset
 .text._close_r
                0x0800819c       0x24 C:/CLionToolchains/gcc-arm-none-eabi-10.3-2021.10/bin/../lib/gcc/arm-none-eabi/13.3.1/thumb/v7e-m+fp/hard\libg.a(libc_a-closer.o)
                0x0800819c                _close_r
 .text._reclaim_reent
                0x080081c0       0x6c C:/CLionToolchains/gcc-arm-none-eabi-10.3-2021.10/bin/../lib/gcc/arm-none-eabi/13.3.1/thumb/v7e-m+fp/hard\libg.a(libc_a-reent.o)
                0x080081c0                _reclaim_reent
 .text._lseek_r
                0x0800822c       0x2c C:/CLionToolchains/gcc-arm-none-eabi-10.3-2021.10/bin/../lib/gcc/arm-none-eabi/13.3.1/thumb/v7e-m+fp/hard\libg.a(libc_a-lseekr.o)
                0x0800822c                _lseek_r
 .text._read_r  0x08008258       0x2c C:/CLionToolchains/gcc-arm-none-eabi-10.3-2021.10/bin/../lib/gcc/arm-none-eabi/13.3.1/thumb/v7e-m+fp/hard\libg.a(libc_a-readr.o)
                0x08008258                _read_r
 .text._write_r
                0x08008284       0x2c C:/CLionToolchains/gcc-arm-none-eabi-10.3-2021.10/bin/../lib/gcc/arm-none-eabi/13.3.1/thumb/v7e-m+fp/hard\libg.a(libc_a-writer.o)
                0x08008284                _write_r
 .text.__errno  0x080082b0        0xc C:/CLionToolchains/gcc-arm-none-eabi-10.3-2021.10/bin/../lib/gcc/arm-none-eabi/13.3.1/thumb/v7e-m+fp/hard\libg.a(libc_a-errno.o)
                0x080082b0                __errno
 .text.__libc_init_array
                0x080082bc       0x50 C:/CLionToolchains/gcc-arm-none-eabi-10.3-2021.10/bin/../lib/gcc/arm-none-eabi/13.3.1/thumb/v7e-m+fp/hard\libg.a(libc_a-init.o)
                0x080082bc                __libc_init_array
 .text.__retarget_lock_init_recursive
                0x0800830c        0x4 C:/CLionToolchains/gcc-arm-none-eabi-10.3-2021.10/bin/../lib/gcc/arm-none-eabi/13.3.1/thumb/v7e-m+fp/hard\libg.a(libc_a-lock.o)
                0x0800830c                __retarget_lock_init_recursive
 .text.__retarget_lock_close_recursive
                0x08008310        0x4 C:/CLionToolchains/gcc-arm-none-eabi-10.3-2021.10/bin/../lib/gcc/arm-none-eabi/13.3.1/thumb/v7e-m+fp/hard\libg.a(libc_a-lock.o)
                0x08008310                __retarget_lock_close_recursive
 .text.__retarget_lock_acquire_recursive
                0x08008314        0x4 C:/CLionToolchains/gcc-arm-none-eabi-10.3-2021.10/bin/../lib/gcc/arm-none-eabi/13.3.1/thumb/v7e-m+fp/hard\libg.a(libc_a-lock.o)
                0x08008314                __retarget_lock_acquire_recursive
 .text.__retarget_lock_release_recursive
                0x08008318        0x4 C:/CLionToolchains/gcc-arm-none-eabi-10.3-2021.10/bin/../lib/gcc/arm-none-eabi/13.3.1/thumb/v7e-m+fp/hard\libg.a(libc_a-lock.o)
                0x08008318                __retarget_lock_release_recursive
 .text.startup.register_fini
                0x0800831c       0x14 C:/CLionToolchains/gcc-arm-none-eabi-10.3-2021.10/bin/../lib/gcc/arm-none-eabi/13.3.1/thumb/v7e-m+fp/hard\libg.a(libc_a-__call_atexit.o)
 .text.atexit   0x08008330        0xc C:/CLionToolchains/gcc-arm-none-eabi-10.3-2021.10/bin/../lib/gcc/arm-none-eabi/13.3.1/thumb/v7e-m+fp/hard\libg.a(libc_a-atexit.o)
                0x08008330                atexit
 .text._malloc_trim_r
                0x0800833c       0xb8 C:/CLionToolchains/gcc-arm-none-eabi-10.3-2021.10/bin/../lib/gcc/arm-none-eabi/13.3.1/thumb/v7e-m+fp/hard\libg.a(libc_a-freer.o)
                0x0800833c                _malloc_trim_r
 .text._free_r  0x080083f4      0x1f8 C:/CLionToolchains/gcc-arm-none-eabi-10.3-2021.10/bin/../lib/gcc/arm-none-eabi/13.3.1/thumb/v7e-m+fp/hard\libg.a(libc_a-freer.o)
                0x080083f4                _free_r
 .text._malloc_r
                0x080085ec      0x564 C:/CLionToolchains/gcc-arm-none-eabi-10.3-2021.10/bin/../lib/gcc/arm-none-eabi/13.3.1/thumb/v7e-m+fp/hard\libg.a(libc_a-mallocr.o)
                0x080085ec                _malloc_r
 .text.__malloc_lock
                0x08008b50        0xc C:/CLionToolchains/gcc-arm-none-eabi-10.3-2021.10/bin/../lib/gcc/arm-none-eabi/13.3.1/thumb/v7e-m+fp/hard\libg.a(libc_a-mlock.o)
                0x08008b50                __malloc_lock
 .text.__malloc_unlock
                0x08008b5c        0xc C:/CLionToolchains/gcc-arm-none-eabi-10.3-2021.10/bin/../lib/gcc/arm-none-eabi/13.3.1/thumb/v7e-m+fp/hard\libg.a(libc_a-mlock.o)
                0x08008b5c                __malloc_unlock
 .text._svfprintf_r
                0x08008b68     0x1b3c C:/CLionToolchains/gcc-arm-none-eabi-10.3-2021.10/bin/../lib/gcc/arm-none-eabi/13.3.1/thumb/v7e-m+fp/hard\libg.a(libc_a-svfprintf.o)
                0x08008b68                _svfprintf_r
 .text.__ssprint_r
                0x0800a6a4       0x58 C:/CLionToolchains/gcc-arm-none-eabi-10.3-2021.10/bin/../lib/gcc/arm-none-eabi/13.3.1/thumb/v7e-m+fp/hard\libg.a(libc_a-ssprint_r.o)
                0x0800a6a4                __ssprint_r
 .text._fclose_r
                0x0800a6fc       0xc0 C:/CLionToolchains/gcc-arm-none-eabi-10.3-2021.10/bin/../lib/gcc/arm-none-eabi/13.3.1/thumb/v7e-m+fp/hard\libg.a(libc_a-fclose.o)
                0x0800a6fc                _fclose_r
 .text.__sflush_r
                0x0800a7bc      0x138 C:/CLionToolchains/gcc-arm-none-eabi-10.3-2021.10/bin/../lib/gcc/arm-none-eabi/13.3.1/thumb/v7e-m+fp/hard\libg.a(libc_a-fflush.o)
                0x0800a7bc                __sflush_r
 .text._fflush_r
                0x0800a8f4       0x54 C:/CLionToolchains/gcc-arm-none-eabi-10.3-2021.10/bin/../lib/gcc/arm-none-eabi/13.3.1/thumb/v7e-m+fp/hard\libg.a(libc_a-fflush.o)
                0x0800a8f4                _fflush_r
 .text.strncpy  0x0800a948       0x68 C:/CLionToolchains/gcc-arm-none-eabi-10.3-2021.10/bin/../lib/gcc/arm-none-eabi/13.3.1/thumb/v7e-m+fp/hard\libg.a(libc_a-strncpy.o)
                0x0800a948                strncpy
 .text.__locale_mb_cur_max
                0x0800a9b0        0xc C:/CLionToolchains/gcc-arm-none-eabi-10.3-2021.10/bin/../lib/gcc/arm-none-eabi/13.3.1/thumb/v7e-m+fp/hard\libg.a(libc_a-locale.o)
                0x0800a9b0                __locale_mb_cur_max
 .text._localeconv_r
                0x0800a9bc        0x8 C:/CLionToolchains/gcc-arm-none-eabi-10.3-2021.10/bin/../lib/gcc/arm-none-eabi/13.3.1/thumb/v7e-m+fp/hard\libg.a(libc_a-localeconv.o)
                0x0800a9bc                _localeconv_r
 .text._sbrk_r  0x0800a9c4       0x24 C:/CLionToolchains/gcc-arm-none-eabi-10.3-2021.10/bin/../lib/gcc/arm-none-eabi/13.3.1/thumb/v7e-m+fp/hard\libg.a(libc_a-sbrkr.o)
                0x0800a9c4                _sbrk_r
 .text.__libc_fini_array
                0x0800a9e8       0x28 C:/CLionToolchains/gcc-arm-none-eabi-10.3-2021.10/bin/../lib/gcc/arm-none-eabi/13.3.1/thumb/v7e-m+fp/hard\libg.a(libc_a-fini.o)
                0x0800a9e8                __libc_fini_array
 .text.sysconf  0x0800aa10       0x1c C:/CLionToolchains/gcc-arm-none-eabi-10.3-2021.10/bin/../lib/gcc/arm-none-eabi/13.3.1/thumb/v7e-m+fp/hard\libg.a(libc_a-sysconf.o)
                0x0800aa10                sysconf
 .text.frexp    0x0800aa2c       0x64 C:/CLionToolchains/gcc-arm-none-eabi-10.3-2021.10/bin/../lib/gcc/arm-none-eabi/13.3.1/thumb/v7e-m+fp/hard\libg.a(libm_a-s_frexp.o)
                0x0800aa2c                frexp
 .text.__register_exitproc
                0x0800aa90       0x80 C:/CLionToolchains/gcc-arm-none-eabi-10.3-2021.10/bin/../lib/gcc/arm-none-eabi/13.3.1/thumb/v7e-m+fp/hard\libg.a(libc_a-__atexit.o)
                0x0800aa90                __register_exitproc
 .text.quorem   0x0800ab10      0x12c C:/CLionToolchains/gcc-arm-none-eabi-10.3-2021.10/bin/../lib/gcc/arm-none-eabi/13.3.1/thumb/v7e-m+fp/hard\libg.a(libc_a-dtoa.o)
 *fill*         0x0800ac3c        0x4 
 .text._dtoa_r  0x0800ac40      0xe80 C:/CLionToolchains/gcc-arm-none-eabi-10.3-2021.10/bin/../lib/gcc/arm-none-eabi/13.3.1/thumb/v7e-m+fp/hard\libg.a(libc_a-dtoa.o)
                0x0800ac40                _dtoa_r
 .text.__ascii_mbtowc
                0x0800bac0       0x2c C:/CLionToolchains/gcc-arm-none-eabi-10.3-2021.10/bin/../lib/gcc/arm-none-eabi/13.3.1/thumb/v7e-m+fp/hard\libg.a(libc_a-mbtowc_r.o)
                0x0800bac0                __ascii_mbtowc
 .text._Balloc  0x0800baec       0x4c C:/CLionToolchains/gcc-arm-none-eabi-10.3-2021.10/bin/../lib/gcc/arm-none-eabi/13.3.1/thumb/v7e-m+fp/hard\libg.a(libc_a-mprec.o)
                0x0800baec                _Balloc
 .text._Bfree   0x0800bb38       0x14 C:/CLionToolchains/gcc-arm-none-eabi-10.3-2021.10/bin/../lib/gcc/arm-none-eabi/13.3.1/thumb/v7e-m+fp/hard\libg.a(libc_a-mprec.o)
                0x0800bb38                _Bfree
 .text.__multadd
                0x0800bb4c       0xa0 C:/CLionToolchains/gcc-arm-none-eabi-10.3-2021.10/bin/../lib/gcc/arm-none-eabi/13.3.1/thumb/v7e-m+fp/hard\libg.a(libc_a-mprec.o)
                0x0800bb4c                __multadd
 .text.__hi0bits
                0x0800bbec       0x44 C:/CLionToolchains/gcc-arm-none-eabi-10.3-2021.10/bin/../lib/gcc/arm-none-eabi/13.3.1/thumb/v7e-m+fp/hard\libg.a(libc_a-mprec.o)
                0x0800bbec                __hi0bits
 .text.__lo0bits
                0x0800bc30       0x60 C:/CLionToolchains/gcc-arm-none-eabi-10.3-2021.10/bin/../lib/gcc/arm-none-eabi/13.3.1/thumb/v7e-m+fp/hard\libg.a(libc_a-mprec.o)
                0x0800bc30                __lo0bits
 .text.__i2b    0x0800bc90       0x5c C:/CLionToolchains/gcc-arm-none-eabi-10.3-2021.10/bin/../lib/gcc/arm-none-eabi/13.3.1/thumb/v7e-m+fp/hard\libg.a(libc_a-mprec.o)
                0x0800bc90                __i2b
 .text.__multiply
                0x0800bcec      0x16c C:/CLionToolchains/gcc-arm-none-eabi-10.3-2021.10/bin/../lib/gcc/arm-none-eabi/13.3.1/thumb/v7e-m+fp/hard\libg.a(libc_a-mprec.o)
                0x0800bcec                __multiply
 .text.__pow5mult
                0x0800be58       0xb4 C:/CLionToolchains/gcc-arm-none-eabi-10.3-2021.10/bin/../lib/gcc/arm-none-eabi/13.3.1/thumb/v7e-m+fp/hard\libg.a(libc_a-mprec.o)
                0x0800be58                __pow5mult
 .text.__lshift
                0x0800bf0c       0xf0 C:/CLionToolchains/gcc-arm-none-eabi-10.3-2021.10/bin/../lib/gcc/arm-none-eabi/13.3.1/thumb/v7e-m+fp/hard\libg.a(libc_a-mprec.o)
                0x0800bf0c                __lshift
 .text.__mcmp   0x0800bffc       0x44 C:/CLionToolchains/gcc-arm-none-eabi-10.3-2021.10/bin/../lib/gcc/arm-none-eabi/13.3.1/thumb/v7e-m+fp/hard\libg.a(libc_a-mprec.o)
                0x0800bffc                __mcmp
 .text.__mdiff  0x0800c040      0x178 C:/CLionToolchains/gcc-arm-none-eabi-10.3-2021.10/bin/../lib/gcc/arm-none-eabi/13.3.1/thumb/v7e-m+fp/hard\libg.a(libc_a-mprec.o)
                0x0800c040                __mdiff
 .text.__d2b    0x0800c1b8       0xc0 C:/CLionToolchains/gcc-arm-none-eabi-10.3-2021.10/bin/../lib/gcc/arm-none-eabi/13.3.1/thumb/v7e-m+fp/hard\libg.a(libc_a-mprec.o)
                0x0800c1b8                __d2b
 .text.__ascii_wctomb
                0x0800c278       0x1c C:/CLionToolchains/gcc-arm-none-eabi-10.3-2021.10/bin/../lib/gcc/arm-none-eabi/13.3.1/thumb/v7e-m+fp/hard\libg.a(libc_a-wctomb_r.o)
                0x0800c278                __ascii_wctomb
 .text._wcrtomb_r
                0x0800c294       0x4c C:/CLionToolchains/gcc-arm-none-eabi-10.3-2021.10/bin/../lib/gcc/arm-none-eabi/13.3.1/thumb/v7e-m+fp/hard\libg.a(libc_a-wcrtomb.o)
                0x0800c294                _wcrtomb_r
 .text._wcsrtombs_r
                0x0800c2e0       0x18 C:/CLionToolchains/gcc-arm-none-eabi-10.3-2021.10/bin/../lib/gcc/arm-none-eabi/13.3.1/thumb/v7e-m+fp/hard\libg.a(libc_a-wcsrtombs.o)
                0x0800c2e0                _wcsrtombs_r
 .text.__ssputs_r
                0x0800c2f8       0xc0 C:/CLionToolchains/gcc-arm-none-eabi-10.3-2021.10/bin/../lib/gcc/arm-none-eabi/13.3.1/thumb/v7e-m+fp/hard\libg.a(libc_a-ssputs_r.o)
                0x0800c2f8                __ssputs_r
 .text.memmove  0x0800c3b8      0x100 C:/CLionToolchains/gcc-arm-none-eabi-10.3-2021.10/bin/../lib/gcc/arm-none-eabi/13.3.1/thumb/v7e-m+fp/hard\libg.a(libc_a-memmove.o)
                0x0800c3b8                memmove
 .text.__assert_func
                0x0800c4b8       0x40 C:/CLionToolchains/gcc-arm-none-eabi-10.3-2021.10/bin/../lib/gcc/arm-none-eabi/13.3.1/thumb/v7e-m+fp/hard\libg.a(libc_a-assert.o)
                0x0800c4b8                __assert_func
 .text._calloc_r
                0x0800c4f8       0x6c C:/CLionToolchains/gcc-arm-none-eabi-10.3-2021.10/bin/../lib/gcc/arm-none-eabi/13.3.1/thumb/v7e-m+fp/hard\libg.a(libc_a-callocr.o)
                0x0800c4f8                _calloc_r
 .text._realloc_r
                0x0800c564      0x344 C:/CLionToolchains/gcc-arm-none-eabi-10.3-2021.10/bin/../lib/gcc/arm-none-eabi/13.3.1/thumb/v7e-m+fp/hard\libg.a(libc_a-reallocr.o)
                0x0800c564                _realloc_r
 .text._wcsnrtombs_l
                0x0800c8a8       0xfc C:/CLionToolchains/gcc-arm-none-eabi-10.3-2021.10/bin/../lib/gcc/arm-none-eabi/13.3.1/thumb/v7e-m+fp/hard\libg.a(libc_a-wcsnrtombs.o)
                0x0800c8a8                _wcsnrtombs_l
 .text._wcsnrtombs_r
                0x0800c9a4       0x24 C:/CLionToolchains/gcc-arm-none-eabi-10.3-2021.10/bin/../lib/gcc/arm-none-eabi/13.3.1/thumb/v7e-m+fp/hard\libg.a(libc_a-wcsnrtombs.o)
                0x0800c9a4                _wcsnrtombs_r
 .text.fiprintf
                0x0800c9c8       0x28 C:/CLionToolchains/gcc-arm-none-eabi-10.3-2021.10/bin/../lib/gcc/arm-none-eabi/13.3.1/thumb/v7e-m+fp/hard\libg.a(libc_a-fiprintf.o)
                0x0800c9c8                fiprintf
 .text._vfiprintf_r
                0x0800c9f0      0xe68 C:/CLionToolchains/gcc-arm-none-eabi-10.3-2021.10/bin/../lib/gcc/arm-none-eabi/13.3.1/thumb/v7e-m+fp/hard\libg.a(libc_a-vfiprintf.o)
                0x0800c9f0                _vfiprintf_r
 .text.__sbprintf
                0x0800d858       0x80 C:/CLionToolchains/gcc-arm-none-eabi-10.3-2021.10/bin/../lib/gcc/arm-none-eabi/13.3.1/thumb/v7e-m+fp/hard\libg.a(libc_a-vfiprintf.o)
 .text.__sprint_r
                0x0800d8d8       0x20 C:/CLionToolchains/gcc-arm-none-eabi-10.3-2021.10/bin/../lib/gcc/arm-none-eabi/13.3.1/thumb/v7e-m+fp/hard\libg.a(libc_a-sprint_r.o)
                0x0800d8d8                __sprint_r
 .text.__sfvwrite_r
                0x0800d8f8      0x300 C:/CLionToolchains/gcc-arm-none-eabi-10.3-2021.10/bin/../lib/gcc/arm-none-eabi/13.3.1/thumb/v7e-m+fp/hard\libg.a(libc_a-fvwrite.o)
                0x0800d8f8                __sfvwrite_r
 .text.__swsetup_r
                0x0800dbf8       0xc4 C:/CLionToolchains/gcc-arm-none-eabi-10.3-2021.10/bin/../lib/gcc/arm-none-eabi/13.3.1/thumb/v7e-m+fp/hard\libg.a(libc_a-wsetup.o)
                0x0800dbf8                __swsetup_r
 .text.abort    0x0800dcbc       0x10 C:/CLionToolchains/gcc-arm-none-eabi-10.3-2021.10/bin/../lib/gcc/arm-none-eabi/13.3.1/thumb/v7e-m+fp/hard\libg.a(libc_a-abort.o)
                0x0800dcbc                abort
 .text.__smakebuf_r
                0x0800dccc       0xdc C:/CLionToolchains/gcc-arm-none-eabi-10.3-2021.10/bin/../lib/gcc/arm-none-eabi/13.3.1/thumb/v7e-m+fp/hard\libg.a(libc_a-makebuf.o)
                0x0800dccc                __smakebuf_r
 .text.raise    0x0800dda8       0x58 C:/CLionToolchains/gcc-arm-none-eabi-10.3-2021.10/bin/../lib/gcc/arm-none-eabi/13.3.1/thumb/v7e-m+fp/hard\libg.a(libc_a-signal.o)
                0x0800dda8                raise
 .text._fstat_r
                0x0800de00       0x2c C:/CLionToolchains/gcc-arm-none-eabi-10.3-2021.10/bin/../lib/gcc/arm-none-eabi/13.3.1/thumb/v7e-m+fp/hard\libg.a(libc_a-fstatr.o)
                0x0800de00                _fstat_r
 .text._isatty_r
                0x0800de2c       0x24 C:/CLionToolchains/gcc-arm-none-eabi-10.3-2021.10/bin/../lib/gcc/arm-none-eabi/13.3.1/thumb/v7e-m+fp/hard\libg.a(libc_a-isattyr.o)
                0x0800de2c                _isatty_r
 .text._kill_r  0x0800de50       0x2c C:/CLionToolchains/gcc-arm-none-eabi-10.3-2021.10/bin/../lib/gcc/arm-none-eabi/13.3.1/thumb/v7e-m+fp/hard\libg.a(libc_a-signalr.o)
                0x0800de50                _kill_r
 .text._getpid_r
                0x0800de7c        0x4 C:/CLionToolchains/gcc-arm-none-eabi-10.3-2021.10/bin/../lib/gcc/arm-none-eabi/13.3.1/thumb/v7e-m+fp/hard\libg.a(libc_a-signalr.o)
                0x0800de7c                _getpid_r
 *(.glue_7)
 .glue_7        0x0800de80        0x0 linker stubs
 *(.glue_7t)
 .glue_7t       0x0800de80        0x0 linker stubs
 *(.eh_frame)
 .eh_frame      0x0800de80        0x0 C:/CLionToolchains/gcc-arm-none-eabi-10.3-2021.10/bin/../lib/gcc/arm-none-eabi/13.3.1/thumb/v7e-m+fp/hard/crtbegin.o
 *(.init)
 .init          0x0800de80        0x4 C:/CLionToolchains/gcc-arm-none-eabi-10.3-2021.10/bin/../lib/gcc/arm-none-eabi/13.3.1/thumb/v7e-m+fp/hard/crti.o
                0x0800de80                _init
 .init          0x0800de84        0x8 C:/CLionToolchains/gcc-arm-none-eabi-10.3-2021.10/bin/../lib/gcc/arm-none-eabi/13.3.1/thumb/v7e-m+fp/hard/crtn.o
 *(.fini)
 .fini          0x0800de8c        0x4 C:/CLionToolchains/gcc-arm-none-eabi-10.3-2021.10/bin/../lib/gcc/arm-none-eabi/13.3.1/thumb/v7e-m+fp/hard/crti.o
                0x0800de8c                _fini
 .fini          0x0800de90        0x8 C:/CLionToolchains/gcc-arm-none-eabi-10.3-2021.10/bin/../lib/gcc/arm-none-eabi/13.3.1/thumb/v7e-m+fp/hard/crtn.o
                0x0800de98                        . = ALIGN (0x4)
                0x0800de98                        _etext = .

.vfp11_veneer   0x0800de98        0x0
 .vfp11_veneer  0x0800de98        0x0 linker stubs

.v4_bx          0x0800de98        0x0
 .v4_bx         0x0800de98        0x0 linker stubs

.iplt           0x0800de98        0x0
 .iplt          0x0800de98        0x0 C:/CLionToolchains/gcc-arm-none-eabi-10.3-2021.10/bin/../lib/gcc/arm-none-eabi/13.3.1/thumb/v7e-m+fp/hard/crtbegin.o

.rodata         0x0800de98      0x4cc
                0x0800de98                        . = ALIGN (0x4)
 *(.rodata)
 .rodata        0x0800de98       0x70 CMakeFiles/dm_h723_lib.elf.dir/Core/Src/freertos.c.obj
 *(.rodata*)
 .rodata.str1.4
                0x0800df08      0x1db CMakeFiles/dm_h723_lib.elf.dir/Core/Src/freertos.c.obj
                                 0x24 (size before relaxing)
 *fill*         0x0800e0e3        0x1 
 .rodata.D1CorePrescTable
                0x0800e0e4       0x10 CMakeFiles/dm_h723_lib.elf.dir/Core/Src/system_stm32h7xx.c.obj
                0x0800e0e4                D1CorePrescTable
 .rodata.flagBitshiftOffset.0
                0x0800e0f4        0x8 CMakeFiles/dm_h723_lib.elf.dir/Drivers/STM32H7xx_HAL_Driver/Src/stm32h7xx_hal_dma.c.obj
 .rodata.UARTPrescTable
                0x0800e0fc       0x18 CMakeFiles/dm_h723_lib.elf.dir/Drivers/STM32H7xx_HAL_Driver/Src/stm32h7xx_hal_uart.c.obj
                0x0800e0fc                UARTPrescTable
 .rodata.denominator.0
                0x0800e114        0x8 CMakeFiles/dm_h723_lib.elf.dir/Drivers/STM32H7xx_HAL_Driver/Src/stm32h7xx_hal_uart_ex.c.obj
 .rodata.numerator.1
                0x0800e11c        0x8 CMakeFiles/dm_h723_lib.elf.dir/Drivers/STM32H7xx_HAL_Driver/Src/stm32h7xx_hal_uart_ex.c.obj
 .rodata.vTaskStartScheduler.str1.4
                0x0800e124        0x5 CMakeFiles/dm_h723_lib.elf.dir/Middlewares/Third_Party/FreeRTOS/Source/tasks.c.obj
 .rodata.DEBUG_UART_TASK.str1.4
                0x0800e124        0x8 CMakeFiles/dm_h723_lib.elf.dir/code_mf/Src/DEBUG_UART_TASK.c.obj
 .rodata._svfprintf_r.str1.4
                0x0800e124       0x42 C:/CLionToolchains/gcc-arm-none-eabi-10.3-2021.10/bin/../lib/gcc/arm-none-eabi/13.3.1/thumb/v7e-m+fp/hard\libg.a(libc_a-svfprintf.o)
 .rodata.zeroes.0
                0x0800e124       0x10 C:/CLionToolchains/gcc-arm-none-eabi-10.3-2021.10/bin/../lib/gcc/arm-none-eabi/13.3.1/thumb/v7e-m+fp/hard\libg.a(libc_a-svfprintf.o)
 .rodata.blanks.1
                0x0800e134       0x10 C:/CLionToolchains/gcc-arm-none-eabi-10.3-2021.10/bin/../lib/gcc/arm-none-eabi/13.3.1/thumb/v7e-m+fp/hard\libg.a(libc_a-svfprintf.o)
 .rodata.str1.4
                0x0800e144       0x4c C:/CLionToolchains/gcc-arm-none-eabi-10.3-2021.10/bin/../lib/gcc/arm-none-eabi/13.3.1/thumb/v7e-m+fp/hard\libg.a(libc_a-locale.o)
 .rodata._dtoa_r.str1.4
                0x0800e144       0x81 C:/CLionToolchains/gcc-arm-none-eabi-10.3-2021.10/bin/../lib/gcc/arm-none-eabi/13.3.1/thumb/v7e-m+fp/hard\libg.a(libc_a-dtoa.o)
 .rodata.__multadd.str1.4
                0x0800e144       0x6e C:/CLionToolchains/gcc-arm-none-eabi-10.3-2021.10/bin/../lib/gcc/arm-none-eabi/13.3.1/thumb/v7e-m+fp/hard\libg.a(libc_a-mprec.o)
 .rodata.p05.0  0x0800e144        0xc C:/CLionToolchains/gcc-arm-none-eabi-10.3-2021.10/bin/../lib/gcc/arm-none-eabi/13.3.1/thumb/v7e-m+fp/hard\libg.a(libc_a-mprec.o)
 .rodata.__mprec_bigtens
                0x0800e150       0x28 C:/CLionToolchains/gcc-arm-none-eabi-10.3-2021.10/bin/../lib/gcc/arm-none-eabi/13.3.1/thumb/v7e-m+fp/hard\libg.a(libc_a-mprec.o)
                0x0800e150                __mprec_bigtens
 .rodata.__mprec_tens
                0x0800e178       0xc8 C:/CLionToolchains/gcc-arm-none-eabi-10.3-2021.10/bin/../lib/gcc/arm-none-eabi/13.3.1/thumb/v7e-m+fp/hard\libg.a(libc_a-mprec.o)
                0x0800e178                __mprec_tens
 .rodata._ctype_
                0x0800e240      0x101 C:/CLionToolchains/gcc-arm-none-eabi-10.3-2021.10/bin/../lib/gcc/arm-none-eabi/13.3.1/thumb/v7e-m+fp/hard\libg.a(libc_a-ctype_.o)
                0x0800e240                _ctype_
 .rodata.__assert_func.str1.4
                0x0800e341       0x43 C:/CLionToolchains/gcc-arm-none-eabi-10.3-2021.10/bin/../lib/gcc/arm-none-eabi/13.3.1/thumb/v7e-m+fp/hard\libg.a(libc_a-assert.o)
 .rodata._vfiprintf_r.str1.4
                0x0800e341       0x2f C:/CLionToolchains/gcc-arm-none-eabi-10.3-2021.10/bin/../lib/gcc/arm-none-eabi/13.3.1/thumb/v7e-m+fp/hard\libg.a(libc_a-vfiprintf.o)
 *fill*         0x0800e341        0x3 
 .rodata.zeroes.0
                0x0800e344       0x10 C:/CLionToolchains/gcc-arm-none-eabi-10.3-2021.10/bin/../lib/gcc/arm-none-eabi/13.3.1/thumb/v7e-m+fp/hard\libg.a(libc_a-vfiprintf.o)
 .rodata.blanks.1
                0x0800e354       0x10 C:/CLionToolchains/gcc-arm-none-eabi-10.3-2021.10/bin/../lib/gcc/arm-none-eabi/13.3.1/thumb/v7e-m+fp/hard\libg.a(libc_a-vfiprintf.o)
                0x0800e364                        . = ALIGN (0x4)

.ARM.extab
 *(.ARM.extab* .gnu.linkonce.armextab.*)

.ARM            0x0800e364        0x8
                0x0800e364                        __exidx_start = .
 *(.ARM.exidx*)
 .ARM.exidx     0x0800e364        0x8 C:/CLionToolchains/gcc-arm-none-eabi-10.3-2021.10/bin/../lib/gcc/arm-none-eabi/13.3.1/thumb/v7e-m+fp/hard\libg.a(libc_a-memcpy.o)
 .ARM.exidx     0x0800e36c        0x0 C:/CLionToolchains/gcc-arm-none-eabi-10.3-2021.10/bin/../lib/gcc/arm-none-eabi/13.3.1/thumb/v7e-m+fp/hard\libg.a(libc_a-memchr.o)
                                  0x8 (size before relaxing)
 .ARM.exidx     0x0800e36c        0x0 C:/CLionToolchains/gcc-arm-none-eabi-10.3-2021.10/bin/../lib/gcc/arm-none-eabi/13.3.1/thumb/v7e-m+fp/hard\libg.a(libc_a-strlen.o)
                                  0x8 (size before relaxing)
 .ARM.exidx.text.__udivmoddi4
                0x0800e36c        0x0 C:/CLionToolchains/gcc-arm-none-eabi-10.3-2021.10/bin/../lib/gcc/arm-none-eabi/13.3.1/thumb/v7e-m+fp/hard\libgcc.a(_udivmoddi4.o)
                                  0x8 (size before relaxing)
                0x0800e36c                        __exidx_end = .

.preinit_array  0x0800e36c        0x0
                0x0800e36c                        PROVIDE (__preinit_array_start = .)
 *(.preinit_array*)
                0x0800e36c                        PROVIDE (__preinit_array_end = .)

.init_array     0x0800e36c        0x8
                0x0800e36c                        PROVIDE (__init_array_start = .)
 *(SORT_BY_NAME(.init_array.*))
 .init_array.00000
                0x0800e36c        0x4 C:/CLionToolchains/gcc-arm-none-eabi-10.3-2021.10/bin/../lib/gcc/arm-none-eabi/13.3.1/thumb/v7e-m+fp/hard\libg.a(libc_a-__call_atexit.o)
 *(.init_array*)
 .init_array    0x0800e370        0x4 C:/CLionToolchains/gcc-arm-none-eabi-10.3-2021.10/bin/../lib/gcc/arm-none-eabi/13.3.1/thumb/v7e-m+fp/hard/crtbegin.o
                0x0800e374                        PROVIDE (__init_array_end = .)

.fini_array     0x0800e374        0x4
                0x0800e374                        PROVIDE (__fini_array_start = .)
 *(SORT_BY_NAME(.fini_array.*))
 *(.fini_array*)
 .fini_array    0x0800e374        0x4 C:/CLionToolchains/gcc-arm-none-eabi-10.3-2021.10/bin/../lib/gcc/arm-none-eabi/13.3.1/thumb/v7e-m+fp/hard/crtbegin.o
                0x0800e378                        PROVIDE (__fini_array_end = .)
                0x0800e378                        _sidata = LOADADDR (.data)

.rel.dyn        0x0800e378        0x0
 .rel.iplt      0x0800e378        0x0 C:/CLionToolchains/gcc-arm-none-eabi-10.3-2021.10/bin/../lib/gcc/arm-none-eabi/13.3.1/thumb/v7e-m+fp/hard/crtbegin.o

.data           0x24000000      0x6ec load address 0x0800e378
                0x24000000                        . = ALIGN (0x4)
                0x24000000                        _sdata = .
 *(.data)
 *(.data*)
 .data.SystemD2Clock
                0x24000000        0x4 CMakeFiles/dm_h723_lib.elf.dir/Core/Src/system_stm32h7xx.c.obj
                0x24000000                SystemD2Clock
 .data.SystemCoreClock
                0x24000004        0x4 CMakeFiles/dm_h723_lib.elf.dir/Core/Src/system_stm32h7xx.c.obj
                0x24000004                SystemCoreClock
 .data.uwTickFreq
                0x24000008        0x1 CMakeFiles/dm_h723_lib.elf.dir/Drivers/STM32H7xx_HAL_Driver/Src/stm32h7xx_hal.c.obj
                0x24000008                uwTickFreq
 *fill*         0x24000009        0x3 
 .data.uwTickPrio
                0x2400000c        0x4 CMakeFiles/dm_h723_lib.elf.dir/Drivers/STM32H7xx_HAL_Driver/Src/stm32h7xx_hal.c.obj
                0x2400000c                uwTickPrio
 .data.uxCriticalNesting
                0x24000010        0x4 CMakeFiles/dm_h723_lib.elf.dir/Middlewares/Third_Party/FreeRTOS/Source/portable/GCC/ARM_CM4F/port.c.obj
 .data.__sglue  0x24000014        0xc C:/CLionToolchains/gcc-arm-none-eabi-10.3-2021.10/bin/../lib/gcc/arm-none-eabi/13.3.1/thumb/v7e-m+fp/hard\libg.a(libc_a-findfp.o)
                0x24000014                __sglue
 .data._impure_ptr
                0x24000020        0x4 C:/CLionToolchains/gcc-arm-none-eabi-10.3-2021.10/bin/../lib/gcc/arm-none-eabi/13.3.1/thumb/v7e-m+fp/hard\libg.a(libc_a-impure.o)
                0x24000020                _impure_ptr
 *fill*         0x24000024        0x4 
 .data._impure_data
                0x24000028      0x140 C:/CLionToolchains/gcc-arm-none-eabi-10.3-2021.10/bin/../lib/gcc/arm-none-eabi/13.3.1/thumb/v7e-m+fp/hard\libg.a(libc_a-impure.o)
                0x24000028                _impure_data
 .data.__atexit_recursive_mutex
                0x24000168        0x4 C:/CLionToolchains/gcc-arm-none-eabi-10.3-2021.10/bin/../lib/gcc/arm-none-eabi/13.3.1/thumb/v7e-m+fp/hard\libg.a(libc_a-__call_atexit.o)
                0x24000168                __atexit_recursive_mutex
 .data.__malloc_sbrk_base
                0x2400016c        0x4 C:/CLionToolchains/gcc-arm-none-eabi-10.3-2021.10/bin/../lib/gcc/arm-none-eabi/13.3.1/thumb/v7e-m+fp/hard\libg.a(libc_a-mallocr.o)
                0x2400016c                __malloc_sbrk_base
 .data.__malloc_trim_threshold
                0x24000170        0x4 C:/CLionToolchains/gcc-arm-none-eabi-10.3-2021.10/bin/../lib/gcc/arm-none-eabi/13.3.1/thumb/v7e-m+fp/hard\libg.a(libc_a-mallocr.o)
                0x24000170                __malloc_trim_threshold
 *fill*         0x24000174        0x4 
 .data.__malloc_av_
                0x24000178      0x408 C:/CLionToolchains/gcc-arm-none-eabi-10.3-2021.10/bin/../lib/gcc/arm-none-eabi/13.3.1/thumb/v7e-m+fp/hard\libg.a(libc_a-mallocr.o)
                0x24000178                __malloc_av_
 .data.__global_locale
                0x24000580      0x16c C:/CLionToolchains/gcc-arm-none-eabi-10.3-2021.10/bin/../lib/gcc/arm-none-eabi/13.3.1/thumb/v7e-m+fp/hard\libg.a(libc_a-locale.o)
                0x24000580                __global_locale
 *(.RamFunc)
 *(.RamFunc*)
                0x240006ec                        . = ALIGN (0x4)
                0x240006ec                        _edata = .

.tm_clone_table
                0x240006ec        0x0 load address 0x0800ea64
 .tm_clone_table
                0x240006ec        0x0 C:/CLionToolchains/gcc-arm-none-eabi-10.3-2021.10/bin/../lib/gcc/arm-none-eabi/13.3.1/thumb/v7e-m+fp/hard/crtbegin.o
 .tm_clone_table
                0x240006ec        0x0 C:/CLionToolchains/gcc-arm-none-eabi-10.3-2021.10/bin/../lib/gcc/arm-none-eabi/13.3.1/thumb/v7e-m+fp/hard/crtend.o

.igot.plt       0x240006ec        0x0 load address 0x0800ea64
 .igot.plt      0x240006ec        0x0 C:/CLionToolchains/gcc-arm-none-eabi-10.3-2021.10/bin/../lib/gcc/arm-none-eabi/13.3.1/thumb/v7e-m+fp/hard/crtbegin.o
                0x240006ec                        . = ALIGN (0x4)

.bss            0x240006f0     0x8120 load address 0x0800ea64
                0x240006f0                        _sbss = .
                0x240006f0                        __bss_start__ = _sbss
 *(.bss)
 *(.bss*)
 .bss.completed.1
                0x240006f0        0x1 C:/CLionToolchains/gcc-arm-none-eabi-10.3-2021.10/bin/../lib/gcc/arm-none-eabi/13.3.1/thumb/v7e-m+fp/hard/crtbegin.o
 *fill*         0x240006f1        0x3 
 .bss.object.0  0x240006f4       0x18 C:/CLionToolchains/gcc-arm-none-eabi-10.3-2021.10/bin/../lib/gcc/arm-none-eabi/13.3.1/thumb/v7e-m+fp/hard/crtbegin.o
 .bss.xIdleStack
                0x2400070c      0x200 CMakeFiles/dm_h723_lib.elf.dir/Core/Src/freertos.c.obj
 *fill*         0x2400090c        0x4 
 .bss.xIdleTaskTCBBuffer
                0x24000910      0x198 CMakeFiles/dm_h723_lib.elf.dir/Core/Src/freertos.c.obj
 .bss.get_rcHandle
                0x24000aa8        0x4 CMakeFiles/dm_h723_lib.elf.dir/Core/Src/freertos.c.obj
                0x24000aa8                get_rcHandle
 .bss.ledHandle
                0x24000aac        0x4 CMakeFiles/dm_h723_lib.elf.dir/Core/Src/freertos.c.obj
                0x24000aac                ledHandle
 .bss.debug_uartHandle
                0x24000ab0        0x4 CMakeFiles/dm_h723_lib.elf.dir/Core/Src/freertos.c.obj
                0x24000ab0                debug_uartHandle
 .bss.defaultTaskHandle
                0x24000ab4        0x4 CMakeFiles/dm_h723_lib.elf.dir/Core/Src/freertos.c.obj
                0x24000ab4                defaultTaskHandle
 .bss.hspi6     0x24000ab8       0x88 CMakeFiles/dm_h723_lib.elf.dir/Core/Src/spi.c.obj
                0x24000ab8                hspi6
 .bss.htim7     0x24000b40       0x4c CMakeFiles/dm_h723_lib.elf.dir/Core/Src/stm32h7xx_hal_timebase_tim.c.obj
                0x24000b40                htim7
 .bss.__sbrk_heap_end
                0x24000b8c        0x4 CMakeFiles/dm_h723_lib.elf.dir/Core/Src/sysmem.c.obj
 .bss.hdma_uart5_rx
                0x24000b90       0x78 CMakeFiles/dm_h723_lib.elf.dir/Core/Src/usart.c.obj
                0x24000b90                hdma_uart5_rx
 .bss.huart1    0x24000c08       0x94 CMakeFiles/dm_h723_lib.elf.dir/Core/Src/usart.c.obj
                0x24000c08                huart1
 .bss.huart5    0x24000c9c       0x94 CMakeFiles/dm_h723_lib.elf.dir/Core/Src/usart.c.obj
                0x24000c9c                huart5
 .bss.uwTick    0x24000d30        0x4 CMakeFiles/dm_h723_lib.elf.dir/Drivers/STM32H7xx_HAL_Driver/Src/stm32h7xx_hal.c.obj
                0x24000d30                uwTick
 .bss.ulMaxPRIGROUPValue
                0x24000d34        0x4 CMakeFiles/dm_h723_lib.elf.dir/Middlewares/Third_Party/FreeRTOS/Source/portable/GCC/ARM_CM4F/port.c.obj
 .bss.ucMaxSysCallPriority
                0x24000d38        0x1 CMakeFiles/dm_h723_lib.elf.dir/Middlewares/Third_Party/FreeRTOS/Source/portable/GCC/ARM_CM4F/port.c.obj
 *fill*         0x24000d39        0x3 
 .bss.xBlockAllocatedBit
                0x24000d3c        0x4 CMakeFiles/dm_h723_lib.elf.dir/Middlewares/Third_Party/FreeRTOS/Source/portable/MemMang/heap_4.c.obj
 .bss.xNumberOfSuccessfulFrees
                0x24000d40        0x4 CMakeFiles/dm_h723_lib.elf.dir/Middlewares/Third_Party/FreeRTOS/Source/portable/MemMang/heap_4.c.obj
 .bss.xNumberOfSuccessfulAllocations
                0x24000d44        0x4 CMakeFiles/dm_h723_lib.elf.dir/Middlewares/Third_Party/FreeRTOS/Source/portable/MemMang/heap_4.c.obj
 .bss.xMinimumEverFreeBytesRemaining
                0x24000d48        0x4 CMakeFiles/dm_h723_lib.elf.dir/Middlewares/Third_Party/FreeRTOS/Source/portable/MemMang/heap_4.c.obj
 .bss.xFreeBytesRemaining
                0x24000d4c        0x4 CMakeFiles/dm_h723_lib.elf.dir/Middlewares/Third_Party/FreeRTOS/Source/portable/MemMang/heap_4.c.obj
 .bss.pxEnd     0x24000d50        0x4 CMakeFiles/dm_h723_lib.elf.dir/Middlewares/Third_Party/FreeRTOS/Source/portable/MemMang/heap_4.c.obj
 .bss.xStart    0x24000d54        0x8 CMakeFiles/dm_h723_lib.elf.dir/Middlewares/Third_Party/FreeRTOS/Source/portable/MemMang/heap_4.c.obj
 .bss.ucHeap    0x24000d5c     0x7530 CMakeFiles/dm_h723_lib.elf.dir/Middlewares/Third_Party/FreeRTOS/Source/portable/MemMang/heap_4.c.obj
 .bss.uxSchedulerSuspended
                0x2400828c        0x4 CMakeFiles/dm_h723_lib.elf.dir/Middlewares/Third_Party/FreeRTOS/Source/tasks.c.obj
 .bss.xIdleTaskHandle
                0x24008290        0x4 CMakeFiles/dm_h723_lib.elf.dir/Middlewares/Third_Party/FreeRTOS/Source/tasks.c.obj
 .bss.xNextTaskUnblockTime
                0x24008294        0x4 CMakeFiles/dm_h723_lib.elf.dir/Middlewares/Third_Party/FreeRTOS/Source/tasks.c.obj
 .bss.uxTaskNumber
                0x24008298        0x4 CMakeFiles/dm_h723_lib.elf.dir/Middlewares/Third_Party/FreeRTOS/Source/tasks.c.obj
 .bss.xNumOfOverflows
                0x2400829c        0x4 CMakeFiles/dm_h723_lib.elf.dir/Middlewares/Third_Party/FreeRTOS/Source/tasks.c.obj
 .bss.xYieldPending
                0x240082a0        0x4 CMakeFiles/dm_h723_lib.elf.dir/Middlewares/Third_Party/FreeRTOS/Source/tasks.c.obj
 .bss.xPendedTicks
                0x240082a4        0x4 CMakeFiles/dm_h723_lib.elf.dir/Middlewares/Third_Party/FreeRTOS/Source/tasks.c.obj
 .bss.xSchedulerRunning
                0x240082a8        0x4 CMakeFiles/dm_h723_lib.elf.dir/Middlewares/Third_Party/FreeRTOS/Source/tasks.c.obj
 .bss.uxTopReadyPriority
                0x240082ac        0x4 CMakeFiles/dm_h723_lib.elf.dir/Middlewares/Third_Party/FreeRTOS/Source/tasks.c.obj
 .bss.xTickCount
                0x240082b0        0x4 CMakeFiles/dm_h723_lib.elf.dir/Middlewares/Third_Party/FreeRTOS/Source/tasks.c.obj
 .bss.uxCurrentNumberOfTasks
                0x240082b4        0x4 CMakeFiles/dm_h723_lib.elf.dir/Middlewares/Third_Party/FreeRTOS/Source/tasks.c.obj
 .bss.xSuspendedTaskList
                0x240082b8       0x14 CMakeFiles/dm_h723_lib.elf.dir/Middlewares/Third_Party/FreeRTOS/Source/tasks.c.obj
 .bss.uxDeletedTasksWaitingCleanUp
                0x240082cc        0x4 CMakeFiles/dm_h723_lib.elf.dir/Middlewares/Third_Party/FreeRTOS/Source/tasks.c.obj
 .bss.xTasksWaitingTermination
                0x240082d0       0x14 CMakeFiles/dm_h723_lib.elf.dir/Middlewares/Third_Party/FreeRTOS/Source/tasks.c.obj
 .bss.xPendingReadyList
                0x240082e4       0x14 CMakeFiles/dm_h723_lib.elf.dir/Middlewares/Third_Party/FreeRTOS/Source/tasks.c.obj
 .bss.pxOverflowDelayedTaskList
                0x240082f8        0x4 CMakeFiles/dm_h723_lib.elf.dir/Middlewares/Third_Party/FreeRTOS/Source/tasks.c.obj
 .bss.pxDelayedTaskList
                0x240082fc        0x4 CMakeFiles/dm_h723_lib.elf.dir/Middlewares/Third_Party/FreeRTOS/Source/tasks.c.obj
 .bss.xDelayedTaskList2
                0x24008300       0x14 CMakeFiles/dm_h723_lib.elf.dir/Middlewares/Third_Party/FreeRTOS/Source/tasks.c.obj
 .bss.xDelayedTaskList1
                0x24008314       0x14 CMakeFiles/dm_h723_lib.elf.dir/Middlewares/Third_Party/FreeRTOS/Source/tasks.c.obj
 .bss.pxReadyTasksLists
                0x24008328       0x8c CMakeFiles/dm_h723_lib.elf.dir/Middlewares/Third_Party/FreeRTOS/Source/tasks.c.obj
 .bss.pxCurrentTCB
                0x240083b4        0x4 CMakeFiles/dm_h723_lib.elf.dir/Middlewares/Third_Party/FreeRTOS/Source/tasks.c.obj
                0x240083b4                pxCurrentTCB
 .bss.dbus_remoter
                0x240083b8       0x18 CMakeFiles/dm_h723_lib.elf.dir/code_mf/Src/remote_control.c.obj
                0x240083b8                dbus_remoter
 .bss.rx_dbus_buff
                0x240083d0       0x24 CMakeFiles/dm_h723_lib.elf.dir/code_mf/Src/remote_control.c.obj
                0x240083d0                rx_dbus_buff
 .bss.len.0     0x240083f4        0x2 CMakeFiles/dm_h723_lib.elf.dir/code_mf/Src/uart_printf.c.obj
 *fill*         0x240083f6        0x2 
 .bss.tx_buf.1  0x240083f8      0x100 CMakeFiles/dm_h723_lib.elf.dir/code_mf/Src/uart_printf.c.obj
 .bss.ap.2      0x240084f8        0x4 CMakeFiles/dm_h723_lib.elf.dir/code_mf/Src/uart_printf.c.obj
 .bss.__sf      0x240084fc      0x138 C:/CLionToolchains/gcc-arm-none-eabi-10.3-2021.10/bin/../lib/gcc/arm-none-eabi/13.3.1/thumb/v7e-m+fp/hard\libg.a(libc_a-findfp.o)
                0x240084fc                __sf
 .bss.__stdio_exit_handler
                0x24008634        0x4 C:/CLionToolchains/gcc-arm-none-eabi-10.3-2021.10/bin/../lib/gcc/arm-none-eabi/13.3.1/thumb/v7e-m+fp/hard\libg.a(libc_a-findfp.o)
                0x24008634                __stdio_exit_handler
 .bss.errno     0x24008638        0x4 C:/CLionToolchains/gcc-arm-none-eabi-10.3-2021.10/bin/../lib/gcc/arm-none-eabi/13.3.1/thumb/v7e-m+fp/hard\libg.a(libc_a-reent.o)
                0x24008638                errno
 .bss.__lock___malloc_recursive_mutex
                0x2400863c        0x1 C:/CLionToolchains/gcc-arm-none-eabi-10.3-2021.10/bin/../lib/gcc/arm-none-eabi/13.3.1/thumb/v7e-m+fp/hard\libg.a(libc_a-lock.o)
                0x2400863c                __lock___malloc_recursive_mutex
 *fill*         0x2400863d        0x3 
 .bss.__lock___atexit_recursive_mutex
                0x24008640        0x1 C:/CLionToolchains/gcc-arm-none-eabi-10.3-2021.10/bin/../lib/gcc/arm-none-eabi/13.3.1/thumb/v7e-m+fp/hard\libg.a(libc_a-lock.o)
                0x24008640                __lock___atexit_recursive_mutex
 *fill*         0x24008641        0x3 
 .bss.__lock___sfp_recursive_mutex
                0x24008644        0x1 C:/CLionToolchains/gcc-arm-none-eabi-10.3-2021.10/bin/../lib/gcc/arm-none-eabi/13.3.1/thumb/v7e-m+fp/hard\libg.a(libc_a-lock.o)
                0x24008644                __lock___sfp_recursive_mutex
 *fill*         0x24008645        0x3 
 .bss.__atexit  0x24008648        0x4 C:/CLionToolchains/gcc-arm-none-eabi-10.3-2021.10/bin/../lib/gcc/arm-none-eabi/13.3.1/thumb/v7e-m+fp/hard\libg.a(libc_a-__call_atexit.o)
                0x24008648                __atexit
 .bss.__malloc_current_mallinfo
                0x2400864c       0x28 C:/CLionToolchains/gcc-arm-none-eabi-10.3-2021.10/bin/../lib/gcc/arm-none-eabi/13.3.1/thumb/v7e-m+fp/hard\libg.a(libc_a-mallocr.o)
                0x2400864c                __malloc_current_mallinfo
 .bss.__malloc_max_total_mem
                0x24008674        0x4 C:/CLionToolchains/gcc-arm-none-eabi-10.3-2021.10/bin/../lib/gcc/arm-none-eabi/13.3.1/thumb/v7e-m+fp/hard\libg.a(libc_a-mallocr.o)
                0x24008674                __malloc_max_total_mem
 .bss.__malloc_max_sbrked_mem
                0x24008678        0x4 C:/CLionToolchains/gcc-arm-none-eabi-10.3-2021.10/bin/../lib/gcc/arm-none-eabi/13.3.1/thumb/v7e-m+fp/hard\libg.a(libc_a-mallocr.o)
                0x24008678                __malloc_max_sbrked_mem
 .bss.__malloc_top_pad
                0x2400867c        0x4 C:/CLionToolchains/gcc-arm-none-eabi-10.3-2021.10/bin/../lib/gcc/arm-none-eabi/13.3.1/thumb/v7e-m+fp/hard\libg.a(libc_a-mallocr.o)
                0x2400867c                __malloc_top_pad
 .bss.__atexit0
                0x24008680      0x190 C:/CLionToolchains/gcc-arm-none-eabi-10.3-2021.10/bin/../lib/gcc/arm-none-eabi/13.3.1/thumb/v7e-m+fp/hard\libg.a(libc_a-__atexit.o)
                0x24008680                __atexit0
 *(COMMON)
                0x24008810                        . = ALIGN (0x4)
                0x24008810                        _ebss = .
                0x24008810                        __bss_end__ = _ebss

._user_heap_stack
                0x24008810      0x600 load address 0x0800ea64
                0x24008810                        . = ALIGN (0x8)
                [!provide]                        PROVIDE (end = .)
                0x24008810                        PROVIDE (_end = .)