Archive member included to satisfy reference by file (symbol)

C:/CLionToolchains/gcc-arm-none-eabi-10.3-2021.10/bin/../lib/gcc/arm-none-eabi/13.3.1/thumb/v7e-m+fp/hard\libgcc.a(_arm_addsubdf3.o)
                              CMakeFiles/dm_h723_lib.elf.dir/code_mf/Src/MahonyAHRS.c.obj (__aeabi_f2d)
C:/CLionToolchains/gcc-arm-none-eabi-10.3-2021.10/bin/../lib/gcc/arm-none-eabi/13.3.1/thumb/v7e-m+fp/hard\libgcc.a(_arm_truncdfsf2.o)
                              CMakeFiles/dm_h723_lib.elf.dir/code_mf/Src/MahonyAHRS.c.obj (__aeabi_d2f)
C:/CLionToolchains/gcc-arm-none-eabi-10.3-2021.10/bin/../lib/gcc/arm-none-eabi/13.3.1/thumb/v7e-m+fp/hard\libgcc.a(_aeabi_uldivmod.o)
                              CMakeFiles/dm_h723_lib.elf.dir/Drivers/STM32H7xx_HAL_Driver/Src/stm32h7xx_hal_uart.c.obj (__aeabi_uldivmod)
C:/CLionToolchains/gcc-arm-none-eabi-10.3-2021.10/bin/../lib/gcc/arm-none-eabi/13.3.1/thumb/v7e-m+fp/hard\libgcc.a(_udivmoddi4.o)
                              C:/CLionToolchains/gcc-arm-none-eabi-10.3-2021.10/bin/../lib/gcc/arm-none-eabi/13.3.1/thumb/v7e-m+fp/hard\libgcc.a(_aeabi_uldivmod.o) (__udivmoddi4)
C:/CLionToolchains/gcc-arm-none-eabi-10.3-2021.10/bin/../lib/gcc/arm-none-eabi/13.3.1/thumb/v7e-m+fp/hard\libgcc.a(_dvmd_tls.o)
                              C:/CLionToolchains/gcc-arm-none-eabi-10.3-2021.10/bin/../lib/gcc/arm-none-eabi/13.3.1/thumb/v7e-m+fp/hard\libgcc.a(_aeabi_uldivmod.o) (__aeabi_ldiv0)
C:/CLionToolchains/gcc-arm-none-eabi-10.3-2021.10/bin/../lib/gcc/arm-none-eabi/13.3.1/thumb/v7e-m+fp/hard\libg.a(libc_a-exit.o)
                              C:/CLionToolchains/gcc-arm-none-eabi-10.3-2021.10/bin/../lib/gcc/arm-none-eabi/13.3.1/thumb/v7e-m+fp/hard/crt0.o (exit)
C:/CLionToolchains/gcc-arm-none-eabi-10.3-2021.10/bin/../lib/gcc/arm-none-eabi/13.3.1/thumb/v7e-m+fp/hard\libg.a(libc_a-findfp.o)
                              CMakeFiles/dm_h723_lib.elf.dir/Middlewares/Third_Party/FreeRTOS/Source/tasks.c.obj (__sf)
C:/CLionToolchains/gcc-arm-none-eabi-10.3-2021.10/bin/../lib/gcc/arm-none-eabi/13.3.1/thumb/v7e-m+fp/hard\libg.a(libc_a-fwalk.o)
                              C:/CLionToolchains/gcc-arm-none-eabi-10.3-2021.10/bin/../lib/gcc/arm-none-eabi/13.3.1/thumb/v7e-m+fp/hard\libg.a(libc_a-findfp.o) (_fwalk_sglue)
C:/CLionToolchains/gcc-arm-none-eabi-10.3-2021.10/bin/../lib/gcc/arm-none-eabi/13.3.1/thumb/v7e-m+fp/hard\libg.a(libc_a-stdio.o)
                              C:/CLionToolchains/gcc-arm-none-eabi-10.3-2021.10/bin/../lib/gcc/arm-none-eabi/13.3.1/thumb/v7e-m+fp/hard\libg.a(libc_a-findfp.o) (__sread)
C:/CLionToolchains/gcc-arm-none-eabi-10.3-2021.10/bin/../lib/gcc/arm-none-eabi/13.3.1/thumb/v7e-m+fp/hard\libg.a(libc_a-vsprintf.o)
                              CMakeFiles/dm_h723_lib.elf.dir/code_mf/Src/uart_printf.c.obj (vsprintf)
C:/CLionToolchains/gcc-arm-none-eabi-10.3-2021.10/bin/../lib/gcc/arm-none-eabi/13.3.1/thumb/v7e-m+fp/hard\libg.a(libc_a-memset.o)
                              C:/CLionToolchains/gcc-arm-none-eabi-10.3-2021.10/bin/../lib/gcc/arm-none-eabi/13.3.1/thumb/v7e-m+fp/hard/crt0.o (memset)
C:/CLionToolchains/gcc-arm-none-eabi-10.3-2021.10/bin/../lib/gcc/arm-none-eabi/13.3.1/thumb/v7e-m+fp/hard\libg.a(libc_a-closer.o)
                              C:/CLionToolchains/gcc-arm-none-eabi-10.3-2021.10/bin/../lib/gcc/arm-none-eabi/13.3.1/thumb/v7e-m+fp/hard\libg.a(libc_a-stdio.o) (_close_r)
C:/CLionToolchains/gcc-arm-none-eabi-10.3-2021.10/bin/../lib/gcc/arm-none-eabi/13.3.1/thumb/v7e-m+fp/hard\libg.a(libc_a-reent.o)
                              CMakeFiles/dm_h723_lib.elf.dir/Middlewares/Third_Party/FreeRTOS/Source/tasks.c.obj (_reclaim_reent)
C:/CLionToolchains/gcc-arm-none-eabi-10.3-2021.10/bin/../lib/gcc/arm-none-eabi/13.3.1/thumb/v7e-m+fp/hard\libg.a(libc_a-impure.o)
                              CMakeFiles/dm_h723_lib.elf.dir/Middlewares/Third_Party/FreeRTOS/Source/tasks.c.obj (_impure_ptr)
C:/CLionToolchains/gcc-arm-none-eabi-10.3-2021.10/bin/../lib/gcc/arm-none-eabi/13.3.1/thumb/v7e-m+fp/hard\libg.a(libc_a-lseekr.o)
                              C:/CLionToolchains/gcc-arm-none-eabi-10.3-2021.10/bin/../lib/gcc/arm-none-eabi/13.3.1/thumb/v7e-m+fp/hard\libg.a(libc_a-stdio.o) (_lseek_r)
C:/CLionToolchains/gcc-arm-none-eabi-10.3-2021.10/bin/../lib/gcc/arm-none-eabi/13.3.1/thumb/v7e-m+fp/hard\libg.a(libc_a-readr.o)
                              C:/CLionToolchains/gcc-arm-none-eabi-10.3-2021.10/bin/../lib/gcc/arm-none-eabi/13.3.1/thumb/v7e-m+fp/hard\libg.a(libc_a-stdio.o) (_read_r)
C:/CLionToolchains/gcc-arm-none-eabi-10.3-2021.10/bin/../lib/gcc/arm-none-eabi/13.3.1/thumb/v7e-m+fp/hard\libg.a(libc_a-writer.o)
                              C:/CLionToolchains/gcc-arm-none-eabi-10.3-2021.10/bin/../lib/gcc/arm-none-eabi/13.3.1/thumb/v7e-m+fp/hard\libg.a(libc_a-stdio.o) (_write_r)
C:/CLionToolchains/gcc-arm-none-eabi-10.3-2021.10/bin/../lib/gcc/arm-none-eabi/13.3.1/thumb/v7e-m+fp/hard\libg.a(libc_a-errno.o)
[...]
Memory Configuration

Name             Origin             Length             Attributes
ITCMRAM          0x00000000         0x00010000         xrw
DTCMRAM          0x20000000         0x00020000         xrw
FLASH            0x08000000         0x00100000         xr
RAM_D1           0x24000000         0x00050000         xrw
RAM_D2           0x30000000         0x00008000         xrw
RAM_D3           0x38000000         0x00004000         xrw
*default*        0x00000000         0xffffffff

Linker script and memory map

LOAD C:/CLionToolchains/gcc-arm-none-eabi-10.3-2021.10/bin/../lib/gcc/arm-none-eabi/13.3.1/thumb/v7e-m+fp/hard/crti.o
LOAD C:/CLionToolchains/gcc-arm-none-eabi-10.3-2021.10/bin/../lib/gcc/arm-none-eabi/13.3.1/thumb/v7e-m+fp/hard/crtbegin.o
LOAD C:/CLionToolchains/gcc-arm-none-eabi-10.3-2021.10/bin/../lib/gcc/arm-none-eabi/13.3.1/thumb/v7e-m+fp/hard/crt0.o
LOAD CMakeFiles/dm_h723_lib.elf.dir/Core/Src/dma.c.obj
LOAD CMakeFiles/dm_h723_lib.elf.dir/Core/Src/fdcan.c.obj
LOAD CMakeFiles/dm_h723_lib.elf.dir/Core/Src/freertos.c.obj
LOAD CMakeFiles/dm_h723_lib.elf.dir/Core/Src/gpio.c.obj
LOAD CMakeFiles/dm_h723_lib.elf.dir/Core/Src/main.c.obj
LOAD CMakeFiles/dm_h723_lib.elf.dir/Core/Src/memorymap.c.obj
LOAD CMakeFiles/dm_h723_lib.elf.dir/Core/Src/spi.c.obj
LOAD CMakeFiles/dm_h723_lib.elf.dir/Core/Src/stm32h7xx_hal_msp.c.obj
LOAD CMakeFiles/dm_h723_lib.elf.dir/Core/Src/stm32h7xx_hal_timebase_tim.c.obj
LOAD CMakeFiles/dm_h723_lib.elf.dir/Core/Src/stm32h7xx_it.c.obj
LOAD CMakeFiles/dm_h723_lib.elf.dir/Core/Src/syscalls.c.obj
LOAD CMakeFiles/dm_h723_lib.elf.dir/Core/Src/sysmem.c.obj
LOAD CMakeFiles/dm_h723_lib.elf.dir/Core/Src/system_stm32h7xx.c.obj
LOAD CMakeFiles/dm_h723_lib.elf.dir/Core/Src/usart.c.obj
LOAD CMakeFiles/dm_h723_lib.elf.dir/Core/Startup/startup_stm32h723vgtx.s.obj
LOAD CMakeFiles/dm_h723_lib.elf.dir/Drivers/STM32H7xx_HAL_Driver/Src/stm32h7xx_hal.c.obj
LOAD CMakeFiles/dm_h723_lib.elf.dir/Drivers/STM32H7xx_HAL_Driver/Src/stm32h7xx_hal_cortex.c.obj
LOAD CMakeFiles/dm_h723_lib.elf.dir/Drivers/STM32H7xx_HAL_Driver/Src/stm32h7xx_hal_dma.c.obj
LOAD CMakeFiles/dm_h723_lib.elf.dir/Drivers/STM32H7xx_HAL_Driver/Src/stm32h7xx_hal_dma_ex.c.obj
LOAD CMakeFiles/dm_h723_lib.elf.dir/Drivers/STM32H7xx_HAL_Driver/Src/stm32h7xx_hal_exti.c.obj
LOAD CMakeFiles/dm_h723_lib.elf.dir/Drivers/STM32H7xx_HAL_Driver/Src/stm32h7xx_hal_fdcan.c.obj
LOAD CMakeFiles/dm_h723_lib.elf.dir/Drivers/STM32H7xx_HAL_Driver/Src/stm32h7xx_hal_flash.c.obj
LOAD CMakeFiles/dm_h723_lib.elf.dir/Drivers/STM32H7xx_HAL_Driver/Src/stm32h7xx_hal_flash_ex.c.obj
LOAD CMakeFiles/dm_h723_lib.elf.dir/Drivers/STM32H7xx_HAL_Driver/Src/stm32h7xx_hal_gpio.c.obj
LOAD CMakeFiles/dm_h723_lib.elf.dir/Drivers/STM32H7xx_HAL_Driver/Src/stm32h7xx_hal_hsem.c.obj
LOAD CMakeFiles/dm_h723_lib.elf.dir/Drivers/STM32H7xx_HAL_Driver/Src/stm32h7xx_hal_i2c.c.obj
LOAD CMakeFiles/dm_h723_lib.elf.dir/Drivers/STM32H7xx_HAL_Driver/Src/stm32h7xx_hal_i2c_ex.c.obj
LOAD CMakeFiles/dm_h723_lib.elf.dir/Drivers/STM32H7xx_HAL_Driver/Src/stm32h7xx_hal_mdma.c.obj
LOAD CMakeFiles/dm_h723_lib.elf.dir/Drivers/STM32H7xx_HAL_Driver/Src/stm32h7xx_hal_pwr.c.obj
LOAD CMakeFiles/dm_h723_lib.elf.dir/Drivers/STM32H7xx_HAL_Driver/Src/stm32h7xx_hal_pwr_ex.c.obj
LOAD CMakeFiles/dm_h723_lib.elf.dir/Drivers/STM32H7xx_HAL_Driver/Src/stm32h7xx_hal_rcc.c.obj
LOAD CMakeFiles/dm_h723_lib.elf.dir/Drivers/STM32H7xx_HAL_Driver/Src/stm32h7xx_hal_rcc_ex.c.obj
LOAD CMakeFiles/dm_h723_lib.elf.dir/Drivers/STM32H7xx_HAL_Driver/Src/stm32h7xx_hal_spi.c.obj
LOAD CMakeFiles/dm_h723_lib.elf.dir/Drivers/STM32H7xx_HAL_Driver/Src/stm32h7xx_hal_spi_ex.c.obj
LOAD CMakeFiles/dm_h723_lib.elf.dir/Drivers/STM32H7xx_HAL_Driver/Src/stm32h7xx_hal_tim.c.obj
LOAD CMakeFiles/dm_h723_lib.elf.dir/Drivers/STM32H7xx_HAL_Driver/Src/stm32h7xx_hal_tim_ex.c.obj
LOAD CMakeFiles/dm_h723_lib.elf.dir/Drivers/STM32H7xx_HAL_Driver/Src/stm32h7xx_hal_uart.c.obj
LOAD CMakeFiles/dm_h723_lib.elf.dir/Drivers/STM32H7xx_HAL_Driver/Src/stm32h7xx_hal_uart_ex.c.obj
LOAD CMakeFiles/dm_h723_lib.elf.dir/Middlewares/Third_Party/FreeRTOS/Source/CMSIS_RTOS/cmsis_os.c.obj
LOAD CMakeFiles/dm_h723_lib.elf.dir/Middlewares/Third_Party/FreeRTOS/Source/croutine.c.obj
LOAD CMakeFiles/dm_h723_lib.elf.dir/Middlewares/Third_Party/FreeRTOS/Source/event_groups.c.obj
LOAD CMakeFiles/dm_h723_lib.elf.dir/Middlewares/Third_Party/FreeRTOS/Source/list.c.obj
LOAD CMakeFiles/dm_h723_lib.elf.dir/Middlewares/Third_Party/FreeRTOS/Source/portable/GCC/ARM_CM4F/port.c.obj
LOAD CMakeFiles/dm_h723_lib.elf.dir/Middlewares/Third_Party/FreeRTOS/Source/portable/MemMang/heap_4.c.obj
LOAD CMakeFiles/dm_h723_lib.elf.dir/Middlewares/Third_Party/FreeRTOS/Source/queue.c.obj
LOAD CMakeFiles/dm_h723_lib.elf.dir/Middlewares/Third_Party/FreeRTOS/Source/stream_buffer.c.obj
LOAD CMakeFiles/dm_h723_lib.elf.dir/Middlewares/Third_Party/FreeRTOS/Source/tasks.c.obj
LOAD CMakeFiles/dm_h723_lib.elf.dir/Middlewares/Third_Party/FreeRTOS/Source/timers.c.obj
LOAD CMakeFiles/dm_h723_lib.elf.dir/code_mf/Src/BMI088Middleware.c.obj
LOAD CMakeFiles/dm_h723_lib.elf.dir/code_mf/Src/BMI088driver.c.obj
LOAD CMakeFiles/dm_h723_lib.elf.dir/code_mf/Src/CAN_SENT_TASK.c.obj
LOAD CMakeFiles/dm_h723_lib.elf.dir/code_mf/Src/DEBUG_UART_TASK.c.obj
LOAD CMakeFiles/dm_h723_lib.elf.dir/code_mf/Src/DJI_motors.c.obj
LOAD CMakeFiles/dm_h723_lib.elf.dir/code_mf/Src/IMU_DATA_GET.c.obj
LOAD CMakeFiles/dm_h723_lib.elf.dir/code_mf/Src/LED_TASK.c.obj
LOAD CMakeFiles/dm_h723_lib.elf.dir/code_mf/Src/MahonyAHRS.c.obj
LOAD CMakeFiles/dm_h723_lib.elf.dir/code_mf/Src/bsp_can.c.obj
LOAD CMakeFiles/dm_h723_lib.elf.dir/code_mf/Src/can_receive.c.obj
LOAD CMakeFiles/dm_h723_lib.elf.dir/code_mf/Src/remote_control.c.obj
LOAD CMakeFiles/dm_h723_lib.elf.dir/code_mf/Src/uart_printf.c.obj
LOAD CMakeFiles/dm_h723_lib.elf.dir/code_mf/Src/ws2812.c.obj
START GROUP
LOAD C:/CLionToolchains/gcc-arm-none-eabi-10.3-2021.10/bin/../lib/gcc/arm-none-eabi/13.3.1/thumb/v7e-m+fp/hard\libgcc.a
LOAD C:/CLionToolchains/gcc-arm-none-eabi-10.3-2021.10/bin/../lib/gcc/arm-none-eabi/13.3.1/thumb/v7e-m+fp/hard\libg.a
LOAD C:/CLionToolchains/gcc-arm-none-eabi-10.3-2021.10/bin/../lib/gcc/arm-none-eabi/13.3.1/thumb/v7e-m+fp/hard\libc.a
END GROUP
LOAD C:/CLionToolchains/gcc-arm-none-eabi-10.3-2021.10/bin/../lib/gcc/arm-none-eabi/13.3.1/thumb/v7e-m+fp/hard/crtend.o
LOAD C:/CLionToolchains/gcc-arm-none-eabi-10.3-2021.10/bin/../lib/gcc/arm-none-eabi/13.3.1/thumb/v7e-m+fp/hard/crtn.o
                0x24050000                        _estack = (ORIGIN (RAM_D1) + LENGTH (RAM_D1))
                0x00000200                        _Min_Heap_Size = 0x200
                0x00000400                        _Min_Stack_Size = 0x400

.isr_vector     0x08000000      0x2cc
                0x08000000                        . = ALIGN (0x4)
 *(.isr_vector)
 .isr_vector    0x08000000      0x2cc CMakeFiles/dm_h723_lib.elf.dir/Core/Startup/startup_stm32h723vgtx.s.obj
                0x08000000                g_pfnVectors
                0x080002cc                        . = ALIGN (0x4)

.text           0x08000300    0x10fb0
                0x08000300                        . = ALIGN (0x4)
 *(.text)
 .text          0x08000300      0x378 C:/CLionToolchains/gcc-arm-none-eabi-10.3-2021.10/bin/../lib/gcc/arm-none-eabi/13.3.1/thumb/v7e-m+fp/hard\libgcc.a(_arm_addsubdf3.o)
                0x08000300                __aeabi_drsub
                0x08000308                __aeabi_dsub
                0x08000308                __subdf3
                0x0800030c                __aeabi_dadd
                0x0800030c                __adddf3
                0x08000584                __floatunsidf
                0x08000584                __aeabi_ui2d
                0x080005a4                __floatsidf
                0x080005a4                __aeabi_i2d
                0x080005c8                __aeabi_f2d
                0x080005c8                __extendsfdf2
                0x0800060c                __floatundidf
                0x0800060c                __aeabi_ul2d
                0x0800061c                __floatdidf
                0x0800061c                __aeabi_l2d
 .text          0x08000678       0xa0 C:/CLionToolchains/gcc-arm-none-eabi-10.3-2021.10/bin/../lib/gcc/arm-none-eabi/13.3.1/thumb/v7e-m+fp/hard\libgcc.a(_arm_truncdfsf2.o)
                0x08000678                __truncdfsf2
                0x08000678                __aeabi_d2f
 .text          0x08000718       0x30 C:/CLionToolchains/gcc-arm-none-eabi-10.3-2021.10/bin/../lib/gcc/arm-none-eabi/13.3.1/thumb/v7e-m+fp/hard\libgcc.a(_aeabi_uldivmod.o)
                0x08000718                __aeabi_uldivmod
 .text          0x08000748        0x4 C:/CLionToolchains/gcc-arm-none-eabi-10.3-2021.10/bin/../lib/gcc/arm-none-eabi/13.3.1/thumb/v7e-m+fp/hard\libgcc.a(_dvmd_tls.o)
                0x08000748                __aeabi_idiv0
                0x08000748                __aeabi_ldiv0
 .text          0x0800074c      0x134 C:/CLionToolchains/gcc-arm-none-eabi-10.3-2021.10/bin/../lib/gcc/arm-none-eabi/13.3.1/thumb/v7e-m+fp/hard\libg.a(libc_a-memcpy.o)
                0x0800074c                memcpy
 .text          0x08000880       0xa0 C:/CLionToolchains/gcc-arm-none-eabi-10.3-2021.10/bin/../lib/gcc/arm-none-eabi/13.3.1/thumb/v7e-m+fp/hard\libg.a(libc_a-memchr.o)
                0x08000880                memchr
 *fill*         0x08000920       0x20 
 .text          0x08000940       0xd8 C:/CLionToolchains/gcc-arm-none-eabi-10.3-2021.10/bin/../lib/gcc/arm-none-eabi/13.3.1/thumb/v7e-m+fp/hard\libg.a(libc_a-strlen.o)
                0x08000940                strlen
 .text          0x08000a18      0x424 C:/CLionToolchains/gcc-arm-none-eabi-10.3-2021.10/bin/../lib/gcc/arm-none-eabi/13.3.1/thumb/v7e-m+fp/hard\libgcc.a(_arm_muldivdf3.o)
                0x08000a18                __aeabi_dmul
                0x08000a18                __muldf3
                0x08000c6c                __divdf3
                0x08000c6c                __aeabi_ddiv
 .text          0x08000e3c      0x110 C:/CLionToolchains/gcc-arm-none-eabi-10.3-2021.10/bin/../lib/gcc/arm-none-eabi/13.3.1/thumb/v7e-m+fp/hard\libgcc.a(_arm_cmpdf2.o)
                0x08000e3c                __gtdf2
                0x08000e3c                __gedf2
                0x08000e44                __ltdf2
                0x08000e44                __ledf2
                0x08000e4c                __nedf2
                0x08000e4c                __eqdf2
                0x08000e4c                __cmpdf2
                0x08000ec8                __aeabi_cdrcmple
                0x08000ed8                __aeabi_cdcmpeq
                0x08000ed8                __aeabi_cdcmple
                0x08000ee8                __aeabi_dcmpeq
                0x08000efc                __aeabi_dcmplt
                0x08000f10                __aeabi_dcmple
                0x08000f24                __aeabi_dcmpge
                0x08000f38                __aeabi_dcmpgt
 .text          0x08000f4c       0x2c C:/CLionToolchains/gcc-arm-none-eabi-10.3-2021.10/bin/../lib/gcc/arm-none-eabi/13.3.1/thumb/v7e-m+fp/hard\libgcc.a(_arm_unorddf2.o)
                0x08000f4c                __unorddf2
                0x08000f4c                __aeabi_dcmpun
 .text          0x08000f78       0x50 C:/CLionToolchains/gcc-arm-none-eabi-10.3-2021.10/bin/../lib/gcc/arm-none-eabi/13.3.1/thumb/v7e-m+fp/hard\libgcc.a(_arm_fixdfsi.o)
                0x08000f78                __aeabi_d2iz
                0x08000f78                __fixdfsi
 *(.text*)
 .text.deregister_tm_clones
                0x08000fc8       0x1c C:/CLionToolchains/gcc-arm-none-eabi-10.3-2021.10/bin/../lib/gcc/arm-none-eabi/13.3.1/thumb/v7e-m+fp/hard/crtbegin.o
 .text.register_tm_clones
                0x08000fe4       0x24 C:/CLionToolchains/gcc-arm-none-eabi-10.3-2021.10/bin/../lib/gcc/arm-none-eabi/13.3.1/thumb/v7e-m+fp/hard/crtbegin.o
 .text.__do_global_dtors_aux
                0x08001008       0x28 C:/CLionToolchains/gcc-arm-none-eabi-10.3-2021.10/bin/../lib/gcc/arm-none-eabi/13.3.1/thumb/v7e-m+fp/hard/crtbegin.o
 .text.frame_dummy
                0x08001030       0x24 C:/CLionToolchains/gcc-arm-none-eabi-10.3-2021.10/bin/../lib/gcc/arm-none-eabi/13.3.1/thumb/v7e-m+fp/hard/crtbegin.o
 .text.MX_DMA_Init
                0x08001054       0x58 CMakeFiles/dm_h723_lib.elf.dir/Core/Src/dma.c.obj
                0x08001054                MX_DMA_Init
 .text.MX_FDCAN1_Init
                0x080010ac       0x64 CMakeFiles/dm_h723_lib.elf.dir/Core/Src/fdcan.c.obj
                0x080010ac                MX_FDCAN1_Init
 .text.MX_FDCAN2_Init
                0x08001110       0x68 CMakeFiles/dm_h723_lib.elf.dir/Core/Src/fdcan.c.obj
                0x08001110                MX_FDCAN2_Init
 .text.MX_FDCAN3_Init
                0x08001178       0x68 CMakeFiles/dm_h723_lib.elf.dir/Core/Src/fdcan.c.obj
                0x08001178                MX_FDCAN3_Init
 .text.HAL_FDCAN_MspInit
                0x080011e0      0x1f8 CMakeFiles/dm_h723_lib.elf.dir/Core/Src/fdcan.c.obj
                0x080011e0                HAL_FDCAN_MspInit
 .text.StartDefaultTask
                0x080013d8        0xa CMakeFiles/dm_h723_lib.elf.dir/Core/Src/freertos.c.obj
                0x080013d8                StartDefaultTask
 .text.GET_RC_TASK
                0x080013e2        0xa CMakeFiles/dm_h723_lib.elf.dir/Core/Src/freertos.c.obj
                0x080013e2                GET_RC_TASK
 .text.vApplicationGetIdleTaskMemory
                0x080013ec       0x18 CMakeFiles/dm_h723_lib.elf.dir/Core/Src/freertos.c.obj
                0x080013ec                vApplicationGetIdleTaskMemory
 .text.MX_FREERTOS_Init
                0x08001404       0xfc CMakeFiles/dm_h723_lib.elf.dir/Core/Src/freertos.c.obj
                0x08001404                MX_FREERTOS_Init
 .text.MX_GPIO_Init
                0x08001500      0x100 CMakeFiles/dm_h723_lib.elf.dir/Core/Src/gpio.c.obj
                0x08001500                MX_GPIO_Init
 .text.HAL_TIM_PeriodElapsedCallback
                0x08001600       0x18 CMakeFiles/dm_h723_lib.elf.dir/Core/Src/main.c.obj
                0x08001600                HAL_TIM_PeriodElapsedCallback
 .text.Error_Handler
                0x08001618        0x4 CMakeFiles/dm_h723_lib.elf.dir/Core/Src/main.c.obj
                0x08001618                Error_Handler
 .text.SystemClock_Config
                0x0800161c       0xa8 CMakeFiles/dm_h723_lib.elf.dir/Core/Src/main.c.obj
                0x0800161c                SystemClock_Config
 .text.main     0x080016c4       0x94 CMakeFiles/dm_h723_lib.elf.dir/Core/Src/main.c.obj
                0x080016c4                main
 .text.MX_SPI2_Init
                0x08001758       0x60 CMakeFiles/dm_h723_lib.elf.dir/Core/Src/spi.c.obj
                0x08001758                MX_SPI2_Init
 .text.MX_SPI6_Init
                0x080017b8       0x64 CMakeFiles/dm_h723_lib.elf.dir/Core/Src/spi.c.obj
                0x080017b8                MX_SPI6_Init
 .text.HAL_SPI_MspInit
                0x0800181c      0x1d4 CMakeFiles/dm_h723_lib.elf.dir/Core/Src/spi.c.obj
                0x0800181c                HAL_SPI_MspInit
 .text.HAL_MspInit
                0x080019f0       0x34 CMakeFiles/dm_h723_lib.elf.dir/Core/Src/stm32h7xx_hal_msp.c.obj
                0x080019f0                HAL_MspInit
 .text.HAL_InitTick
                0x08001a24       0x9c CMakeFiles/dm_h723_lib.elf.dir/Core/Src/stm32h7xx_hal_timebase_tim.c.obj
                0x08001a24                HAL_InitTick
 .text.NMI_Handler
                0x08001ac0        0x2 CMakeFiles/dm_h723_lib.elf.dir/Core/Src/stm32h7xx_it.c.obj
                0x08001ac0                NMI_Handler
 .text.HardFault_Handler
                0x08001ac2        0x2 CMakeFiles/dm_h723_lib.elf.dir/Core/Src/stm32h7xx_it.c.obj
                0x08001ac2                HardFault_Handler
 .text.MemManage_Handler
                0x08001ac4        0x2 CMakeFiles/dm_h723_lib.elf.dir/Core/Src/stm32h7xx_it.c.obj
                0x08001ac4                MemManage_Handler
 .text.BusFault_Handler
                0x08001ac6        0x2 CMakeFiles/dm_h723_lib.elf.dir/Core/Src/stm32h7xx_it.c.obj
                0x08001ac6                BusFault_Handler
 .text.UsageFault_Handler
                0x08001ac8        0x2 CMakeFiles/dm_h723_lib.elf.dir/Core/Src/stm32h7xx_it.c.obj
                0x08001ac8                UsageFault_Handler
 .text.DebugMon_Handler
                0x08001aca        0x2 CMakeFiles/dm_h723_lib.elf.dir/Core/Src/stm32h7xx_it.c.obj
                0x08001aca                DebugMon_Handler
 .text.DMA1_Stream0_IRQHandler
                0x08001acc       0x10 CMakeFiles/dm_h723_lib.elf.dir/Core/Src/stm32h7xx_it.c.obj
                0x08001acc                DMA1_Stream0_IRQHandler
 .text.DMA1_Stream1_IRQHandler
                0x08001adc       0x10 CMakeFiles/dm_h723_lib.elf.dir/Core/Src/stm32h7xx_it.c.obj
                0x08001adc                DMA1_Stream1_IRQHandler
 .text.DMA1_Stream2_IRQHandler
                0x08001aec       0x10 CMakeFiles/dm_h723_lib.elf.dir/Core/Src/stm32h7xx_it.c.obj
                0x08001aec                DMA1_Stream2_IRQHandler
 .text.FDCAN1_IT0_IRQHandler
                0x08001afc       0x10 CMakeFiles/dm_h723_lib.elf.dir/Core/Src/stm32h7xx_it.c.obj
                0x08001afc                FDCAN1_IT0_IRQHandler
 .text.FDCAN2_IT0_IRQHandler
                0x08001b0c       0x10 CMakeFiles/dm_h723_lib.elf.dir/Core/Src/stm32h7xx_it.c.obj
                0x08001b0c                FDCAN2_IT0_IRQHandler
 .text.SPI2_IRQHandler
                0x08001b1c       0x10 CMakeFiles/dm_h723_lib.elf.dir/Core/Src/stm32h7xx_it.c.obj
                0x08001b1c                SPI2_IRQHandler
 .text.UART5_IRQHandler
                0x08001b2c       0x10 CMakeFiles/dm_h723_lib.elf.dir/Core/Src/stm32h7xx_it.c.obj
                0x08001b2c                UART5_IRQHandler
 .text.TIM7_IRQHandler
                0x08001b3c       0x10 CMakeFiles/dm_h723_lib.elf.dir/Core/Src/stm32h7xx_it.c.obj
                0x08001b3c                TIM7_IRQHandler
 .text.UART7_IRQHandler
                0x08001b4c       0x10 CMakeFiles/dm_h723_lib.elf.dir/Core/Src/stm32h7xx_it.c.obj
                0x08001b4c                UART7_IRQHandler
 .text.USART10_IRQHandler
                0x08001b5c       0x10 CMakeFiles/dm_h723_lib.elf.dir/Core/Src/stm32h7xx_it.c.obj
                0x08001b5c                USART10_IRQHandler
 .text.FDCAN3_IT0_IRQHandler
                0x08001b6c       0x10 CMakeFiles/dm_h723_lib.elf.dir/Core/Src/stm32h7xx_it.c.obj
                0x08001b6c                FDCAN3_IT0_IRQHandler
 .text._getpid  0x08001b7c        0x4 CMakeFiles/dm_h723_lib.elf.dir/Core/Src/syscalls.c.obj
                0x08001b7c                _getpid
 .text._kill    0x08001b80       0x10 CMakeFiles/dm_h723_lib.elf.dir/Core/Src/syscalls.c.obj
                0x08001b80                _kill
 .text._exit    0x08001b90        0xc CMakeFiles/dm_h723_lib.elf.dir/Core/Src/syscalls.c.obj
                0x08001b90                _exit
 .text._read    0x08001b9c       0x20 CMakeFiles/dm_h723_lib.elf.dir/Core/Src/syscalls.c.obj
                0x08001b9c                _read
 .text._write   0x08001bbc       0x1c CMakeFiles/dm_h723_lib.elf.dir/Core/Src/syscalls.c.obj
                0x08001bbc                _write
 .text._close   0x08001bd8        0x6 CMakeFiles/dm_h723_lib.elf.dir/Core/Src/syscalls.c.obj
                0x08001bd8                _close
 .text._fstat   0x08001bde        0xa CMakeFiles/dm_h723_lib.elf.dir/Core/Src/syscalls.c.obj
                0x08001bde                _fstat
 .text._isatty  0x08001be8        0x4 CMakeFiles/dm_h723_lib.elf.dir/Core/Src/syscalls.c.obj
                0x08001be8                _isatty
 .text._lseek   0x08001bec        0x4 CMakeFiles/dm_h723_lib.elf.dir/Core/Src/syscalls.c.obj
                0x08001bec                _lseek
 .text._sbrk    0x08001bf0       0x48 CMakeFiles/dm_h723_lib.elf.dir/Core/Src/sysmem.c.obj
                0x08001bf0                _sbrk
 .text.SystemInit
                0x08001c38       0xac CMakeFiles/dm_h723_lib.elf.dir/Core/Src/system_stm32h7xx.c.obj
                0x08001c38                SystemInit
 .text.MX_UART5_Init
                0x08001ce4       0x78 CMakeFiles/dm_h723_lib.elf.dir/Core/Src/usart.c.obj
                0x08001ce4                MX_UART5_Init
 .text.MX_UART7_Init
                0x08001d5c       0x68 CMakeFiles/dm_h723_lib.elf.dir/Core/Src/usart.c.obj
                0x08001d5c                MX_UART7_Init
 .text.MX_USART1_UART_Init
                0x08001dc4       0x68 CMakeFiles/dm_h723_lib.elf.dir/Core/Src/usart.c.obj
                0x08001dc4                MX_USART1_UART_Init
 .text.MX_USART10_UART_Init
                0x08001e2c       0x68 CMakeFiles/dm_h723_lib.elf.dir/Core/Src/usart.c.obj
                0x08001e2c                MX_USART10_UART_Init
 .text.HAL_UART_MspInit
                0x08001e94      0x2ac CMakeFiles/dm_h723_lib.elf.dir/Core/Src/usart.c.obj
                0x08001e94                HAL_UART_MspInit
 .text.Reset_Handler
                0x08002140       0x50 CMakeFiles/dm_h723_lib.elf.dir/Core/Startup/startup_stm32h723vgtx.s.obj
                0x08002140                Reset_Handler
 .text.Default_Handler
                0x08002190        0x2 CMakeFiles/dm_h723_lib.elf.dir/Core/Startup/startup_stm32h723vgtx.s.obj
                0x08002190                RTC_Alarm_IRQHandler
                0x08002190                EXTI2_IRQHandler
                0x08002190                TIM8_CC_IRQHandler
                0x08002190                UART8_IRQHandler
                0x08002190                SPI4_IRQHandler
                0x08002190                TIM1_CC_IRQHandler
                0x08002190                BDMA_Channel6_IRQHandler
                0x08002190                DMA2_Stream5_IRQHandler
                0x08002190                DMA1_Stream5_IRQHandler
                0x08002190                CORDIC_IRQHandler
                0x08002190                BDMA_Channel1_IRQHandler
                0x08002190                TAMP_STAMP_IRQHandler
                0x08002190                EXTI3_IRQHandler
                0x08002190                LPTIM4_IRQHandler
                0x08002190                TIM8_TRG_COM_TIM14_IRQHandler
                0x08002190                LPTIM2_IRQHandler
                0x08002190                DFSDM1_FLT1_IRQHandler
                0x08002190                DMAMUX2_OVR_IRQHandler
                0x08002190                TIM8_UP_TIM13_IRQHandler
                0x08002190                I2C3_ER_IRQHandler
                0x08002190                DFSDM1_FLT2_IRQHandler
                0x08002190                I2C5_EV_IRQHandler
                0x08002190                MDMA_IRQHandler
                0x08002190                LPTIM3_IRQHandler
                0x08002190                HSEM1_IRQHandler
                0x08002190                EXTI0_IRQHandler
                0x08002190                I2C2_EV_IRQHandler
                0x08002190                FPU_IRQHandler
                0x08002190                OTG_HS_WKUP_IRQHandler
                0x08002190                FDCAN1_IT1_IRQHandler
                0x08002190                LTDC_ER_IRQHandler
                0x08002190                DMA2_Stream2_IRQHandler
                0x08002190                SPI1_IRQHandler
                0x08002190                OCTOSPI1_IRQHandler
                0x08002190                TIM6_DAC_IRQHandler
                0x08002190                DMA2_Stream3_IRQHandler
                0x08002190                OCTOSPI2_IRQHandler
                0x08002190                DFSDM1_FLT3_IRQHandler
                0x08002190                TIM23_IRQHandler
                0x08002190                USART6_IRQHandler
                0x08002190                TIM17_IRQHandler
                0x08002190                USART3_IRQHandler
                0x08002190                BDMA_Channel7_IRQHandler
                0x08002190                LPTIM5_IRQHandler
                0x08002190                ADC3_IRQHandler
                0x08002190                DMA2_Stream0_IRQHandler
                0x08002190                TIM4_IRQHandler
                0x08002190                BDMA_Channel2_IRQHandler
                0x08002190                I2C1_EV_IRQHandler
                0x08002190                DMA1_Stream6_IRQHandler
                0x08002190                DMAMUX1_OVR_IRQHandler
                0x08002190                TIM16_IRQHandler
                0x08002190                UART4_IRQHandler
                0x08002190                BDMA_Channel5_IRQHandler
                0x08002190                TIM3_IRQHandler
                0x08002190                RCC_IRQHandler
                0x08002190                UART9_IRQHandler
                0x08002190                TIM8_BRK_TIM12_IRQHandler
                0x08002190                TIM1_TRG_COM_IRQHandler
                0x08002190                Default_Handler
                0x08002190                ECC_IRQHandler
                0x08002190                FMAC_IRQHandler
                0x08002190                CEC_IRQHandler
                0x08002190                EXTI15_10_IRQHandler
                0x08002190                BDMA_Channel0_IRQHandler
                0x08002190                ADC_IRQHandler
                0x08002190                I2C5_ER_IRQHandler
                0x08002190                DMA1_Stream7_IRQHandler
                0x08002190                SPI5_IRQHandler
                0x08002190                FDCAN3_IT1_IRQHandler
                0x08002190                SDMMC1_IRQHandler
                0x08002190                TIM5_IRQHandler
                0x08002190                DMA2_Stream7_IRQHandler
                0x08002190                TIM15_IRQHandler
                0x08002190                PVD_AVD_IRQHandler
                0x08002190                I2C3_EV_IRQHandler
                0x08002190                EXTI9_5_IRQHandler
                0x08002190                RTC_WKUP_IRQHandler
                0x08002190                LTDC_IRQHandler
                0x08002190                ETH_WKUP_IRQHandler
                0x08002190                SPDIF_RX_IRQHandler
                0x08002190                OTG_HS_EP1_IN_IRQHandler
                0x08002190                TIM24_IRQHandler
                0x08002190                CRS_IRQHandler
                0x08002190                EXTI4_IRQHandler
                0x08002190                RNG_IRQHandler
                0x08002190                FDCAN2_IT1_IRQHandler
                0x08002190                ETH_IRQHandler
                0x08002190                TIM1_UP_IRQHandler
                0x08002190                BDMA_Channel4_IRQHandler
                0x08002190                OTG_HS_EP1_OUT_IRQHandler
                0x08002190                WWDG_IRQHandler
                0x08002190                SPI6_IRQHandler
                0x08002190                MDIOS_IRQHandler
                0x08002190                I2C4_EV_IRQHandler
                0x08002190                LPUART1_IRQHandler
                0x08002190                TIM2_IRQHandler
                0x08002190                OTG_HS_IRQHandler
                0x08002190                DMA2D_IRQHandler
                0x08002190                TIM1_BRK_IRQHandler
                0x08002190                EXTI1_IRQHandler
                0x08002190                SDMMC2_IRQHandler
                0x08002190                BDMA_Channel3_IRQHandler
                0x08002190                DTS_IRQHandler
                0x08002190                MDIOS_WKUP_IRQHandler
                0x08002190                USART2_IRQHandler
                0x08002190                DFSDM1_FLT0_IRQHandler
                0x08002190                SAI4_IRQHandler
                0x08002190                I2C2_ER_IRQHandler
                0x08002190                DMA2_Stream1_IRQHandler
                0x08002190                FLASH_IRQHandler
                0x08002190                DMA2_Stream4_IRQHandler
                0x08002190                USART1_IRQHandler
                0x08002190                SPI3_IRQHandler
                0x08002190                WAKEUP_PIN_IRQHandler
                0x08002190                DMA1_Stream4_IRQHandler
                0x08002190                I2C1_ER_IRQHandler
                0x08002190                FMC_IRQHandler
                0x08002190                FDCAN_CAL_IRQHandler
                0x08002190                SWPMI1_IRQHandler
                0x08002190                COMP1_IRQHandler
                0x08002190                LPTIM1_IRQHandler
                0x08002190                DCMI_PSSI_IRQHandler
                0x08002190                I2C4_ER_IRQHandler
                0x08002190                DMA2_Stream6_IRQHandler
                0x08002190                SAI1_IRQHandler
                0x08002190                DMA1_Stream3_IRQHandler
 *fill*         0x08002192        0x2 
 .text.HAL_Init
                0x08002194       0x5c CMakeFiles/dm_h723_lib.elf.dir/Drivers/STM32H7xx_HAL_Driver/Src/stm32h7xx_hal.c.obj
                0x08002194                HAL_Init
 .text.HAL_IncTick
                0x080021f0       0x18 CMakeFiles/dm_h723_lib.elf.dir/Drivers/STM32H7xx_HAL_Driver/Src/stm32h7xx_hal.c.obj
                0x080021f0                HAL_IncTick
 .text.HAL_GetTick
                0x08002208        0xc CMakeFiles/dm_h723_lib.elf.dir/Drivers/STM32H7xx_HAL_Driver/Src/stm32h7xx_hal.c.obj
                0x08002208                HAL_GetTick
 .text.__NVIC_EnableIRQ
                0x08002214       0x1c CMakeFiles/dm_h723_lib.elf.dir/Drivers/STM32H7xx_HAL_Driver/Src/stm32h7xx_hal_cortex.c.obj
 .text.__NVIC_SetPriority
                0x08002230       0x24 CMakeFiles/dm_h723_lib.elf.dir/Drivers/STM32H7xx_HAL_Driver/Src/stm32h7xx_hal_cortex.c.obj
 .text.NVIC_EncodePriority
                0x08002254       0x3e CMakeFiles/dm_h723_lib.elf.dir/Drivers/STM32H7xx_HAL_Driver/Src/stm32h7xx_hal_cortex.c.obj
 *fill*         0x08002292        0x2 
 .text.HAL_NVIC_SetPriorityGrouping
                0x08002294       0x24 CMakeFiles/dm_h723_lib.elf.dir/Drivers/STM32H7xx_HAL_Driver/Src/stm32h7xx_hal_cortex.c.obj
                0x08002294                HAL_NVIC_SetPriorityGrouping
 .text.HAL_NVIC_SetPriority
                0x080022b8       0x20 CMakeFiles/dm_h723_lib.elf.dir/Drivers/STM32H7xx_HAL_Driver/Src/stm32h7xx_hal_cortex.c.obj
                0x080022b8                HAL_NVIC_SetPriority
 .text.HAL_NVIC_EnableIRQ
                0x080022d8        0x8 CMakeFiles/dm_h723_lib.elf.dir/Drivers/STM32H7xx_HAL_Driver/Src/stm32h7xx_hal_cortex.c.obj
                0x080022d8                HAL_NVIC_EnableIRQ
 .text.DMA_SetConfig
                0x080022e0      0x1b4 CMakeFiles/dm_h723_lib.elf.dir/Drivers/STM32H7xx_HAL_Driver/Src/stm32h7xx_hal_dma.c.obj
 .text.DMA_CalcBaseAndBitshift
                0x08002494       0xb0 CMakeFiles/dm_h723_lib.elf.dir/Drivers/STM32H7xx_HAL_Driver/Src/stm32h7xx_hal_dma.c.obj
 .text.DMA_CheckFifoParam
                0x08002544       0x92 CMakeFiles/dm_h723_lib.elf.dir/Drivers/STM32H7xx_HAL_Driver/Src/stm32h7xx_hal_dma.c.obj
 *fill*         0x080025d6        0x2 
 .text.DMA_CalcDMAMUXChannelBaseAndMask
                0x080025d8       0xac CMakeFiles/dm_h723_lib.elf.dir/Drivers/STM32H7xx_HAL_Driver/Src/stm32h7xx_hal_dma.c.obj
 .text.DMA_CalcDMAMUXRequestGenBaseAndMask
                0x08002684       0x7c CMakeFiles/dm_h723_lib.elf.dir/Drivers/STM32H7xx_HAL_Driver/Src/stm32h7xx_hal_dma.c.obj
 .text.HAL_DMA_Init
                0x08002700      0x39c CMakeFiles/dm_h723_lib.elf.dir/Drivers/STM32H7xx_HAL_Driver/Src/stm32h7xx_hal_dma.c.obj
                0x08002700                HAL_DMA_Init
 .text.HAL_DMA_Start_IT
                0x08002a9c      0x298 CMakeFiles/dm_h723_lib.elf.dir/Drivers/STM32H7xx_HAL_Driver/Src/stm32h7xx_hal_dma.c.obj
                0x08002a9c                HAL_DMA_Start_IT
 .text.HAL_DMA_Abort
                0x08002d34      0x340 CMakeFiles/dm_h723_lib.elf.dir/Drivers/STM32H7xx_HAL_Driver/Src/stm32h7xx_hal_dma.c.obj
                0x08002d34                HAL_DMA_Abort
 .text.HAL_DMA_Abort_IT
                0x08003074      0x270 CMakeFiles/dm_h723_lib.elf.dir/Drivers/STM32H7xx_HAL_Driver/Src/stm32h7xx_hal_dma.c.obj
                0x08003074                HAL_DMA_Abort_IT
 .text.HAL_DMA_IRQHandler
                0x080032e4      0x738 CMakeFiles/dm_h723_lib.elf.dir/Drivers/STM32H7xx_HAL_Driver/Src/stm32h7xx_hal_dma.c.obj
                0x080032e4                HAL_DMA_IRQHandler
 .text.FDCAN_CalcultateRamBlockAddresses
                0x08003a1c      0x1d4 CMakeFiles/dm_h723_lib.elf.dir/Drivers/STM32H7xx_HAL_Driver/Src/stm32h7xx_hal_fdcan.c.obj
 .text.FDCAN_CopyMessageToRAM
                0x08003bf0       0x8c CMakeFiles/dm_h723_lib.elf.dir/Drivers/STM32H7xx_HAL_Driver/Src/stm32h7xx_hal_fdcan.c.obj
 .text.HAL_FDCAN_Init
                0x08003c7c      0x294 CMakeFiles/dm_h723_lib.elf.dir/Drivers/STM32H7xx_HAL_Driver/Src/stm32h7xx_hal_fdcan.c.obj
                0x08003c7c                HAL_FDCAN_Init
 .text.HAL_FDCAN_ConfigFilter
                0x08003f10       0x8a CMakeFiles/dm_h723_lib.elf.dir/Drivers/STM32H7xx_HAL_Driver/Src/stm32h7xx_hal_fdcan.c.obj
                0x08003f10                HAL_FDCAN_ConfigFilter
 .text.HAL_FDCAN_ConfigGlobalFilter
                0x08003f9a       0x36 CMakeFiles/dm_h723_lib.elf.dir/Drivers/STM32H7xx_HAL_Driver/Src/stm32h7xx_hal_fdcan.c.obj
                0x08003f9a                HAL_FDCAN_ConfigGlobalFilter
 .text.HAL_FDCAN_Start
                0x08003fd0       0x34 CMakeFiles/dm_h723_lib.elf.dir/Drivers/STM32H7xx_HAL_Driver/Src/stm32h7xx_hal_fdcan.c.obj
                0x08003fd0                HAL_FDCAN_Start
 .text.HAL_FDCAN_AddMessageToTxFifoQ
                0x08004004       0x76 CMakeFiles/dm_h723_lib.elf.dir/Drivers/STM32H7xx_HAL_Driver/Src/stm32h7xx_hal_fdcan.c.obj
                0x08004004                HAL_FDCAN_AddMessageToTxFifoQ
 *fill*         0x0800407a        0x2 
 .text.HAL_FDCAN_GetRxMessage
                0x0800407c      0x1e4 CMakeFiles/dm_h723_lib.elf.dir/Drivers/STM32H7xx_HAL_Driver/Src/stm32h7xx_hal_fdcan.c.obj
                0x0800407c                HAL_FDCAN_GetRxMessage
 .text.HAL_FDCAN_ActivateNotification
                0x08004260       0x90 CMakeFiles/dm_h723_lib.elf.dir/Drivers/STM32H7xx_HAL_Driver/Src/stm32h7xx_hal_fdcan.c.obj
                0x08004260                HAL_FDCAN_ActivateNotification
 .text.HAL_FDCAN_ClockCalibrationCallback
                0x080042f0        0x2 CMakeFiles/dm_h723_lib.elf.dir/Drivers/STM32H7xx_HAL_Driver/Src/stm32h7xx_hal_fdcan.c.obj
                0x080042f0                HAL_FDCAN_ClockCalibrationCallback
 .text.HAL_FDCAN_TxEventFifoCallback
                0x080042f2        0x2 CMakeFiles/dm_h723_lib.elf.dir/Drivers/STM32H7xx_HAL_Driver/Src/stm32h7xx_hal_fdcan.c.obj
                0x080042f2                HAL_FDCAN_TxEventFifoCallback
 .text.HAL_FDCAN_RxFifo1Callback
                0x080042f4        0x2 CMakeFiles/dm_h723_lib.elf.dir/Drivers/STM32H7xx_HAL_Driver/Src/stm32h7xx_hal_fdcan.c.obj
                0x080042f4                HAL_FDCAN_RxFifo1Callback
 .text.HAL_FDCAN_TxFifoEmptyCallback
                0x080042f6        0x2 CMakeFiles/dm_h723_lib.elf.dir/Drivers/STM32H7xx_HAL_Driver/Src/stm32h7xx_hal_fdcan.c.obj
                0x080042f6                HAL_FDCAN_TxFifoEmptyCallback
 .text.HAL_FDCAN_TxBufferCompleteCallback
                0x080042f8        0x2 CMakeFiles/dm_h723_lib.elf.dir/Drivers/STM32H7xx_HAL_Driver/Src/stm32h7xx_hal_fdcan.c.obj
                0x080042f8                HAL_FDCAN_TxBufferCompleteCallback
 .text.HAL_FDCAN_TxBufferAbortCallback
                0x080042fa        0x2 CMakeFiles/dm_h723_lib.elf.dir/Drivers/STM32H7xx_HAL_Driver/Src/stm32h7xx_hal_fdcan.c.obj
                0x080042fa                HAL_FDCAN_TxBufferAbortCallback
 .text.HAL_FDCAN_RxBufferNewMessageCallback
                0x080042fc        0x2 CMakeFiles/dm_h723_lib.elf.dir/Drivers/STM32H7xx_HAL_Driver/Src/stm32h7xx_hal_fdcan.c.obj
                0x080042fc                HAL_FDCAN_RxBufferNewMessageCallback
 .text.HAL_FDCAN_TimestampWraparoundCallback
                0x080042fe        0x2 CMakeFiles/dm_h723_lib.elf.dir/Drivers/STM32H7xx_HAL_Driver/Src/stm32h7xx_hal_fdcan.c.obj
                0x080042fe                HAL_FDCAN_TimestampWraparoundCallback
 .text.HAL_FDCAN_TimeoutOccurredCallback
                0x08004300        0x2 CMakeFiles/dm_h723_lib.elf.dir/Drivers/STM32H7xx_HAL_Driver/Src/stm32h7xx_hal_fdcan.c.obj
                0x08004300                HAL_FDCAN_TimeoutOccurredCallback
 .text.HAL_FDCAN_HighPriorityMessageCallback
                0x08004302        0x2 CMakeFiles/dm_h723_lib.elf.dir/Drivers/STM32H7xx_HAL_Driver/Src/stm32h7xx_hal_fdcan.c.obj
                0x08004302                HAL_FDCAN_HighPriorityMessageCallback
 .text.HAL_FDCAN_ErrorCallback
                0x08004304        0x2 CMakeFiles/dm_h723_lib.elf.dir/Drivers/STM32H7xx_HAL_Driver/Src/stm32h7xx_hal_fdcan.c.obj
                0x08004304                HAL_FDCAN_ErrorCallback
 .text.HAL_FDCAN_ErrorStatusCallback
                0x08004306        0x2 CMakeFiles/dm_h723_lib.elf.dir/Drivers/STM32H7xx_HAL_Driver/Src/stm32h7xx_hal_fdcan.c.obj
                0x08004306                HAL_FDCAN_ErrorStatusCallback
 .text.HAL_FDCAN_TT_ScheduleSyncCallback
                0x08004308        0x2 CMakeFiles/dm_h723_lib.elf.dir/Drivers/STM32H7xx_HAL_Driver/Src/stm32h7xx_hal_fdcan.c.obj
                0x08004308                HAL_FDCAN_TT_ScheduleSyncCallback
 .text.HAL_FDCAN_TT_TimeMarkCallback
                0x0800430a        0x2 CMakeFiles/dm_h723_lib.elf.dir/Drivers/STM32H7xx_HAL_Driver/Src/stm32h7xx_hal_fdcan.c.obj
                0x0800430a                HAL_FDCAN_TT_TimeMarkCallback
 .text.HAL_FDCAN_TT_StopWatchCallback
                0x0800430c        0x2 CMakeFiles/dm_h723_lib.elf.dir/Drivers/STM32H7xx_HAL_Driver/Src/stm32h7xx_hal_fdcan.c.obj
                0x0800430c                HAL_FDCAN_TT_StopWatchCallback
 .text.HAL_FDCAN_TT_GlobalTimeCallback
                0x0800430e        0x2 CMakeFiles/dm_h723_lib.elf.dir/Drivers/STM32H7xx_HAL_Driver/Src/stm32h7xx_hal_fdcan.c.obj
                0x0800430e                HAL_FDCAN_TT_GlobalTimeCallback
 .text.HAL_FDCAN_IRQHandler
                0x08004310      0x320 CMakeFiles/dm_h723_lib.elf.dir/Drivers/STM32H7xx_HAL_Driver/Src/stm32h7xx_hal_fdcan.c.obj
                0x08004310                HAL_FDCAN_IRQHandler
 .text.HAL_GPIO_Init
                0x08004630      0x214 CMakeFiles/dm_h723_lib.elf.dir/Drivers/STM32H7xx_HAL_Driver/Src/stm32h7xx_hal_gpio.c.obj
                0x08004630                HAL_GPIO_Init
 .text.HAL_GPIO_WritePin
                0x08004844        0xc CMakeFiles/dm_h723_lib.elf.dir/Drivers/STM32H7xx_HAL_Driver/Src/stm32h7xx_hal_gpio.c.obj
                0x08004844                HAL_GPIO_WritePin
 .text.HAL_PWREx_ConfigSupply
                0x08004850       0x54 CMakeFiles/dm_h723_lib.elf.dir/Drivers/STM32H7xx_HAL_Driver/Src/stm32h7xx_hal_pwr_ex.c.obj
                0x08004850                HAL_PWREx_ConfigSupply
 .text.HAL_RCC_OscConfig
                0x080048a4      0x5e4 CMakeFiles/dm_h723_lib.elf.dir/Drivers/STM32H7xx_HAL_Driver/Src/stm32h7xx_hal_rcc.c.obj
                0x080048a4                HAL_RCC_OscConfig
 .text.HAL_RCC_GetSysClockFreq
                0x08004e88      0x1f8 CMakeFiles/dm_h723_lib.elf.dir/Drivers/STM32H7xx_HAL_Driver/Src/stm32h7xx_hal_rcc.c.obj
                0x08004e88                HAL_RCC_GetSysClockFreq
 .text.HAL_RCC_ClockConfig
                0x08005080      0x294 CMakeFiles/dm_h723_lib.elf.dir/Drivers/STM32H7xx_HAL_Driver/Src/stm32h7xx_hal_rcc.c.obj
                0x08005080                HAL_RCC_ClockConfig
 .text.HAL_RCC_GetHCLKFreq
                0x08005314       0x44 CMakeFiles/dm_h723_lib.elf.dir/Drivers/STM32H7xx_HAL_Driver/Src/stm32h7xx_hal_rcc.c.obj
                0x08005314                HAL_RCC_GetHCLKFreq
 .text.HAL_RCC_GetPCLK1Freq
                0x08005358       0x24 CMakeFiles/dm_h723_lib.elf.dir/Drivers/STM32H7xx_HAL_Driver/Src/stm32h7xx_hal_rcc.c.obj
                0x08005358                HAL_RCC_GetPCLK1Freq
 .text.HAL_RCC_GetPCLK2Freq
                0x0800537c       0x24 CMakeFiles/dm_h723_lib.elf.dir/Drivers/STM32H7xx_HAL_Driver/Src/stm32h7xx_hal_rcc.c.obj
                0x0800537c                HAL_RCC_GetPCLK2Freq
 .text.HAL_RCC_GetClockConfig
                0x080053a0       0x54 CMakeFiles/dm_h723_lib.elf.dir/Drivers/STM32H7xx_HAL_Driver/Src/stm32h7xx_hal_rcc.c.obj
                0x080053a0                HAL_RCC_GetClockConfig
 .text.RCCEx_PLL2_Config
                0x080053f4      0x108 CMakeFiles/dm_h723_lib.elf.dir/Drivers/STM32H7xx_HAL_Driver/Src/stm32h7xx_hal_rcc_ex.c.obj
 .text.RCCEx_PLL3_Config
                0x080054fc      0x108 CMakeFiles/dm_h723_lib.elf.dir/Drivers/STM32H7xx_HAL_Driver/Src/stm32h7xx_hal_rcc_ex.c.obj
 .text.HAL_RCCEx_PeriphCLKConfig
                0x08005604      0xa2c CMakeFiles/dm_h723_lib.elf.dir/Drivers/STM32H7xx_HAL_Driver/Src/stm32h7xx_hal_rcc_ex.c.obj
                0x08005604                HAL_RCCEx_PeriphCLKConfig
 .text.HAL_RCCEx_GetD3PCLK1Freq
                0x08006030       0x24 CMakeFiles/dm_h723_lib.elf.dir/Drivers/STM32H7xx_HAL_Driver/Src/stm32h7xx_hal_rcc_ex.c.obj
                0x08006030                HAL_RCCEx_GetD3PCLK1Freq
 .text.HAL_RCCEx_GetPLL2ClockFreq
                0x08006054      0x200 CMakeFiles/dm_h723_lib.elf.dir/Drivers/STM32H7xx_HAL_Driver/Src/stm32h7xx_hal_rcc_ex.c.obj
                0x08006054                HAL_RCCEx_GetPLL2ClockFreq
 .text.HAL_RCCEx_GetPLL3ClockFreq
                0x08006254      0x200 CMakeFiles/dm_h723_lib.elf.dir/Drivers/STM32H7xx_HAL_Driver/Src/stm32h7xx_hal_rcc_ex.c.obj
                0x08006254                HAL_RCCEx_GetPLL3ClockFreq
 .text.SPI_CloseTransfer
                0x08006454       0xd0 CMakeFiles/dm_h723_lib.elf.dir/Drivers/STM32H7xx_HAL_Driver/Src/stm32h7xx_hal_spi.c.obj
 .text.SPI_GetPacketSize
                0x08006524       0x10 CMakeFiles/dm_h723_lib.elf.dir/Drivers/STM32H7xx_HAL_Driver/Src/stm32h7xx_hal_spi.c.obj
 .text.SPI_WaitOnFlagUntilTimeout
                0x08006534       0x48 CMakeFiles/dm_h723_lib.elf.dir/Drivers/STM32H7xx_HAL_Driver/Src/stm32h7xx_hal_spi.c.obj
 .text.HAL_SPI_Init
                0x0800657c      0x190 CMakeFiles/dm_h723_lib.elf.dir/Drivers/STM32H7xx_HAL_Driver/Src/stm32h7xx_hal_spi.c.obj
                0x0800657c                HAL_SPI_Init
 .text.HAL_SPI_Transmit
                0x0800670c      0x2c0 CMakeFiles/dm_h723_lib.elf.dir/Drivers/STM32H7xx_HAL_Driver/Src/stm32h7xx_hal_spi.c.obj
                0x0800670c                HAL_SPI_Transmit
 .text.HAL_SPI_TransmitReceive
                0x080069cc      0x490 CMakeFiles/dm_h723_lib.elf.dir/Drivers/STM32H7xx_HAL_Driver/Src/stm32h7xx_hal_spi.c.obj
                0x080069cc                HAL_SPI_TransmitReceive
 .text.HAL_SPI_TxCpltCallback
                0x08006e5c        0x2 CMakeFiles/dm_h723_lib.elf.dir/Drivers/STM32H7xx_HAL_Driver/Src/stm32h7xx_hal_spi.c.obj
                0x08006e5c                HAL_SPI_TxCpltCallback
 .text.HAL_SPI_RxCpltCallback
                0x08006e5e        0x2 CMakeFiles/dm_h723_lib.elf.dir/Drivers/STM32H7xx_HAL_Driver/Src/stm32h7xx_hal_spi.c.obj
                0x08006e5e                HAL_SPI_RxCpltCallback
 .text.HAL_SPI_TxRxCpltCallback
                0x08006e60        0x2 CMakeFiles/dm_h723_lib.elf.dir/Drivers/STM32H7xx_HAL_Driver/Src/stm32h7xx_hal_spi.c.obj
                0x08006e60                HAL_SPI_TxRxCpltCallback
 .text.HAL_SPI_ErrorCallback
                0x08006e62        0x2 CMakeFiles/dm_h723_lib.elf.dir/Drivers/STM32H7xx_HAL_Driver/Src/stm32h7xx_hal_spi.c.obj
                0x08006e62                HAL_SPI_ErrorCallback
 .text.SPI_DMAAbortOnError
                0x08006e64       0x1a CMakeFiles/dm_h723_lib.elf.dir/Drivers/STM32H7xx_HAL_Driver/Src/stm32h7xx_hal_spi.c.obj
 .text.HAL_SPI_SuspendCallback
                0x08006e7e        0x2 CMakeFiles/dm_h723_lib.elf.dir/Drivers/STM32H7xx_HAL_Driver/Src/stm32h7xx_hal_spi.c.obj
                0x08006e7e                HAL_SPI_SuspendCallback
 .text.HAL_SPI_IRQHandler
                0x08006e80      0x240 CMakeFiles/dm_h723_lib.elf.dir/Drivers/STM32H7xx_HAL_Driver/Src/stm32h7xx_hal_spi.c.obj
                0x08006e80                HAL_SPI_IRQHandler
 .text.HAL_TIM_Base_MspInit
                0x080070c0        0x2 CMakeFiles/dm_h723_lib.elf.dir/Drivers/STM32H7xx_HAL_Driver/Src/stm32h7xx_hal_tim.c.obj
                0x080070c0                HAL_TIM_Base_MspInit
 *fill*         0x080070c2        0x2 
 .text.HAL_TIM_Base_Start_IT
                0x080070c4       0xa0 CMakeFiles/dm_h723_lib.elf.dir/Drivers/STM32H7xx_HAL_Driver/Src/stm32h7xx_hal_tim.c.obj
                0x080070c4                HAL_TIM_Base_Start_IT
 .text.HAL_TIM_OC_DelayElapsedCallback
                0x08007164        0x2 CMakeFiles/dm_h723_lib.elf.dir/Drivers/STM32H7xx_HAL_Driver/Src/stm32h7xx_hal_tim.c.obj
                0x08007164                HAL_TIM_OC_DelayElapsedCallback
 .text.HAL_TIM_IC_CaptureCallback
                0x08007166        0x2 CMakeFiles/dm_h723_lib.elf.dir/Drivers/STM32H7xx_HAL_Driver/Src/stm32h7xx_hal_tim.c.obj
                0x08007166                HAL_TIM_IC_CaptureCallback
 .text.HAL_TIM_PWM_PulseFinishedCallback
                0x08007168        0x2 CMakeFiles/dm_h723_lib.elf.dir/Drivers/STM32H7xx_HAL_Driver/Src/stm32h7xx_hal_tim.c.obj
                0x08007168                HAL_TIM_PWM_PulseFinishedCallback
 .text.HAL_TIM_TriggerCallback
                0x0800716a        0x2 CMakeFiles/dm_h723_lib.elf.dir/Drivers/STM32H7xx_HAL_Driver/Src/stm32h7xx_hal_tim.c.obj
                0x0800716a                HAL_TIM_TriggerCallback
 .text.HAL_TIM_IRQHandler
                0x0800716c      0x17a CMakeFiles/dm_h723_lib.elf.dir/Drivers/STM32H7xx_HAL_Driver/Src/stm32h7xx_hal_tim.c.obj
                0x0800716c                HAL_TIM_IRQHandler
 *fill*         0x080072e6        0x2 
 .text.TIM_Base_SetConfig
                0x080072e8      0x130 CMakeFiles/dm_h723_lib.elf.dir/Drivers/STM32H7xx_HAL_Driver/Src/stm32h7xx_hal_tim.c.obj
                0x080072e8                TIM_Base_SetConfig
 .text.HAL_TIM_Base_Init
                0x08007418       0x60 CMakeFiles/dm_h723_lib.elf.dir/Drivers/STM32H7xx_HAL_Driver/Src/stm32h7xx_hal_tim.c.obj
                0x08007418                HAL_TIM_Base_Init
 .text.HAL_TIMEx_CommutCallback
                0x08007478        0x2 CMakeFiles/dm_h723_lib.elf.dir/Drivers/STM32H7xx_HAL_Driver/Src/stm32h7xx_hal_tim_ex.c.obj
                0x08007478                HAL_TIMEx_CommutCallback
 .text.HAL_TIMEx_BreakCallback
                0x0800747a        0x2 CMakeFiles/dm_h723_lib.elf.dir/Drivers/STM32H7xx_HAL_Driver/Src/stm32h7xx_hal_tim_ex.c.obj
                0x0800747a                HAL_TIMEx_BreakCallback
 .text.HAL_TIMEx_Break2Callback
                0x0800747c        0x2 CMakeFiles/dm_h723_lib.elf.dir/Drivers/STM32H7xx_HAL_Driver/Src/stm32h7xx_hal_tim_ex.c.obj
                0x0800747c                HAL_TIMEx_Break2Callback
 .text.UART_EndTxTransfer
                0x0800747e       0x32 CMakeFiles/dm_h723_lib.elf.dir/Drivers/STM32H7xx_HAL_Driver/Src/stm32h7xx_hal_uart.c.obj
 .text.UART_EndRxTransfer
                0x080074b0       0x58 CMakeFiles/dm_h723_lib.elf.dir/Drivers/STM32H7xx_HAL_Driver/Src/stm32h7xx_hal_uart.c.obj
 .text.HAL_UART_TxCpltCallback
                0x08007508        0x2 CMakeFiles/dm_h723_lib.elf.dir/Drivers/STM32H7xx_HAL_Driver/Src/stm32h7xx_hal_uart.c.obj
                0x08007508                HAL_UART_TxCpltCallback
 .text.UART_EndTransmit_IT
                0x0800750a       0x24 CMakeFiles/dm_h723_lib.elf.dir/Drivers/STM32H7xx_HAL_Driver/Src/stm32h7xx_hal_uart.c.obj
 .text.HAL_UART_RxCpltCallback
                0x0800752e        0x2 CMakeFiles/dm_h723_lib.elf.dir/Drivers/STM32H7xx_HAL_Driver/Src/stm32h7xx_hal_uart.c.obj
                0x0800752e                HAL_UART_RxCpltCallback
 .text.HAL_UART_RxHalfCpltCallback
                0x08007530        0x2 CMakeFiles/dm_h723_lib.elf.dir/Drivers/STM32H7xx_HAL_Driver/Src/stm32h7xx_hal_uart.c.obj
                0x08007530                HAL_UART_RxHalfCpltCallback
 .text.UART_DMAError
                0x08007532       0x58 CMakeFiles/dm_h723_lib.elf.dir/Drivers/STM32H7xx_HAL_Driver/Src/stm32h7xx_hal_uart.c.obj
 .text.UART_DMAAbortOnError
                0x0800758a       0x14 CMakeFiles/dm_h723_lib.elf.dir/Drivers/STM32H7xx_HAL_Driver/Src/stm32h7xx_hal_uart.c.obj
 *fill*         0x0800759e        0x2 
 .text.HAL_UART_IRQHandler
                0x080075a0      0x3b4 CMakeFiles/dm_h723_lib.elf.dir/Drivers/STM32H7xx_HAL_Driver/Src/stm32h7xx_hal_uart.c.obj
                0x080075a0                HAL_UART_IRQHandler
 .text.UART_DMARxHalfCplt
                0x08007954       0x20 CMakeFiles/dm_h723_lib.elf.dir/Drivers/STM32H7xx_HAL_Driver/Src/stm32h7xx_hal_uart.c.obj
 .text.UART_DMAReceiveCplt
                0x08007974       0x90 CMakeFiles/dm_h723_lib.elf.dir/Drivers/STM32H7xx_HAL_Driver/Src/stm32h7xx_hal_uart.c.obj
 .text.UART_SetConfig
                0x08007a04      0x6c4 CMakeFiles/dm_h723_lib.elf.dir/Drivers/STM32H7xx_HAL_Driver/Src/stm32h7xx_hal_uart.c.obj
                0x08007a04                UART_SetConfig
 .text.UART_AdvFeatureConfig
                0x080080c8       0xca CMakeFiles/dm_h723_lib.elf.dir/Drivers/STM32H7xx_HAL_Driver/Src/stm32h7xx_hal_uart.c.obj
                0x080080c8                UART_AdvFeatureConfig
 .text.UART_WaitOnFlagUntilTimeout
                0x08008192       0xa6 CMakeFiles/dm_h723_lib.elf.dir/Drivers/STM32H7xx_HAL_Driver/Src/stm32h7xx_hal_uart.c.obj
                0x08008192                UART_WaitOnFlagUntilTimeout
 .text.HAL_UART_Transmit
                0x08008238       0xd0 CMakeFiles/dm_h723_lib.elf.dir/Drivers/STM32H7xx_HAL_Driver/Src/stm32h7xx_hal_uart.c.obj
                0x08008238                HAL_UART_Transmit
 .text.UART_CheckIdleState
                0x08008308       0xca CMakeFiles/dm_h723_lib.elf.dir/Drivers/STM32H7xx_HAL_Driver/Src/stm32h7xx_hal_uart.c.obj
                0x08008308                UART_CheckIdleState
 .text.HAL_UART_Init
                0x080083d2       0x66 CMakeFiles/dm_h723_lib.elf.dir/Drivers/STM32H7xx_HAL_Driver/Src/stm32h7xx_hal_uart.c.obj
                0x080083d2                HAL_UART_Init
 .text.UART_Start_Receive_DMA
                0x08008438       0xb0 CMakeFiles/dm_h723_lib.elf.dir/Drivers/STM32H7xx_HAL_Driver/Src/stm32h7xx_hal_uart.c.obj
                0x08008438                UART_Start_Receive_DMA
 .text.UARTEx_SetNbDataToProcess
                0x080084e8       0x4c CMakeFiles/dm_h723_lib.elf.dir/Drivers/STM32H7xx_HAL_Driver/Src/stm32h7xx_hal_uart_ex.c.obj
 .text.HAL_UARTEx_WakeupCallback
                0x08008534        0x2 CMakeFiles/dm_h723_lib.elf.dir/Drivers/STM32H7xx_HAL_Driver/Src/stm32h7xx_hal_uart_ex.c.obj
                0x08008534                HAL_UARTEx_WakeupCallback
 .text.HAL_UARTEx_RxFifoFullCallback
                0x08008536        0x2 CMakeFiles/dm_h723_lib.elf.dir/Drivers/STM32H7xx_HAL_Driver/Src/stm32h7xx_hal_uart_ex.c.obj
                0x08008536                HAL_UARTEx_RxFifoFullCallback
 .text.HAL_UARTEx_TxFifoEmptyCallback
                0x08008538        0x2 CMakeFiles/dm_h723_lib.elf.dir/Drivers/STM32H7xx_HAL_Driver/Src/stm32h7xx_hal_uart_ex.c.obj
                0x08008538                HAL_UARTEx_TxFifoEmptyCallback
 .text.HAL_UARTEx_DisableFifoMode
                0x0800853a       0x3e CMakeFiles/dm_h723_lib.elf.dir/Drivers/STM32H7xx_HAL_Driver/Src/stm32h7xx_hal_uart_ex.c.obj
                0x0800853a                HAL_UARTEx_DisableFifoMode
 .text.HAL_UARTEx_SetTxFifoThreshold
                0x08008578       0x4a CMakeFiles/dm_h723_lib.elf.dir/Drivers/STM32H7xx_HAL_Driver/Src/stm32h7xx_hal_uart_ex.c.obj
                0x08008578                HAL_UARTEx_SetTxFifoThreshold
 .text.HAL_UARTEx_SetRxFifoThreshold
                0x080085c2       0x4a CMakeFiles/dm_h723_lib.elf.dir/Drivers/STM32H7xx_HAL_Driver/Src/stm32h7xx_hal_uart_ex.c.obj
                0x080085c2                HAL_UARTEx_SetRxFifoThreshold
 .text.HAL_UARTEx_ReceiveToIdle_DMA
                0x0800860c       0x50 CMakeFiles/dm_h723_lib.elf.dir/Drivers/STM32H7xx_HAL_Driver/Src/stm32h7xx_hal_uart_ex.c.obj
                0x0800860c                HAL_UARTEx_ReceiveToIdle_DMA
 .text.makeFreeRtosPriority
                0x0800865c        0xc CMakeFiles/dm_h723_lib.elf.dir/Middlewares/Third_Party/FreeRTOS/Source/CMSIS_RTOS/cmsis_os.c.obj
 .text.osKernelStart
                0x08008668        0xa CMakeFiles/dm_h723_lib.elf.dir/Middlewares/Third_Party/FreeRTOS/Source/CMSIS_RTOS/cmsis_os.c.obj
                0x08008668                osKernelStart
 .text.osThreadCreate
                0x08008672       0x66 CMakeFiles/dm_h723_lib.elf.dir/Middlewares/Third_Party/FreeRTOS/Source/CMSIS_RTOS/cmsis_os.c.obj
                0x08008672                osThreadCreate
 .text.osDelay  0x080086d8        0xe CMakeFiles/dm_h723_lib.elf.dir/Middlewares/Third_Party/FreeRTOS/Source/CMSIS_RTOS/cmsis_os.c.obj
                0x080086d8                osDelay
 .text.vListInitialise
                0x080086e6       0x16 CMakeFiles/dm_h723_lib.elf.dir/Middlewares/Third_Party/FreeRTOS/Source/list.c.obj
                0x080086e6                vListInitialise
 .text.vListInitialiseItem
                0x080086fc        0x6 CMakeFiles/dm_h723_lib.elf.dir/Middlewares/Third_Party/FreeRTOS/Source/list.c.obj
                0x080086fc                vListInitialiseItem
 .text.vListInsertEnd
                0x08008702       0x16 CMakeFiles/dm_h723_lib.elf.dir/Middlewares/Third_Party/FreeRTOS/Source/list.c.obj
                0x08008702                vListInsertEnd
 .text.vListInsert
                0x08008718       0x32 CMakeFiles/dm_h723_lib.elf.dir/Middlewares/Third_Party/FreeRTOS/Source/list.c.obj
                0x08008718                vListInsert
 .text.uxListRemove
                0x0800874a       0x26 CMakeFiles/dm_h723_lib.elf.dir/Middlewares/Third_Party/FreeRTOS/Source/list.c.obj
                0x0800874a                uxListRemove
 .text.prvTaskExitError
                0x08008770       0x40 CMakeFiles/dm_h723_lib.elf.dir/Middlewares/Third_Party/FreeRTOS/Source/portable/GCC/ARM_CM4F/port.c.obj
 .text.prvPortStartFirstTask
                0x080087b0       0x28 CMakeFiles/dm_h723_lib.elf.dir/Middlewares/Third_Party/FreeRTOS/Source/portable/GCC/ARM_CM4F/port.c.obj
 .text.vPortEnableVFP
                0x080087d8       0x14 CMakeFiles/dm_h723_lib.elf.dir/Middlewares/Third_Party/FreeRTOS/Source/portable/GCC/ARM_CM4F/port.c.obj
 .text.pxPortInitialiseStack
                0x080087ec       0x2c CMakeFiles/dm_h723_lib.elf.dir/Middlewares/Third_Party/FreeRTOS/Source/portable/GCC/ARM_CM4F/port.c.obj
                0x080087ec                pxPortInitialiseStack
 *fill*         0x08008818        0x8 
 .text.SVC_Handler
                0x08008820       0x24 CMakeFiles/dm_h723_lib.elf.dir/Middlewares/Third_Party/FreeRTOS/Source/portable/GCC/ARM_CM4F/port.c.obj
                0x08008820                SVC_Handler
 .text.vPortEnterCritical
                0x08008844       0x44 CMakeFiles/dm_h723_lib.elf.dir/Middlewares/Third_Party/FreeRTOS/Source/portable/GCC/ARM_CM4F/port.c.obj
                0x08008844                vPortEnterCritical
 .text.vPortExitCritical
                0x08008888       0x2c CMakeFiles/dm_h723_lib.elf.dir/Middlewares/Third_Party/FreeRTOS/Source/portable/GCC/ARM_CM4F/port.c.obj
                0x08008888                vPortExitCritical
 *fill*         0x080088b4        0xc 
 .text.PendSV_Handler
                0x080088c0       0x64 CMakeFiles/dm_h723_lib.elf.dir/Middlewares/Third_Party/FreeRTOS/Source/portable/GCC/ARM_CM4F/port.c.obj
                0x080088c0                PendSV_Handler
 .text.SysTick_Handler
                0x08008924       0x2c CMakeFiles/dm_h723_lib.elf.dir/Middlewares/Third_Party/FreeRTOS/Source/portable/GCC/ARM_CM4F/port.c.obj
                0x08008924                SysTick_Handler
 .text.vPortSetupTimerInterrupt
                0x08008950       0x28 CMakeFiles/dm_h723_lib.elf.dir/Middlewares/Third_Party/FreeRTOS/Source/portable/GCC/ARM_CM4F/port.c.obj
                0x08008950                vPortSetupTimerInterrupt
 .text.xPortStartScheduler
                0x08008978      0x118 CMakeFiles/dm_h723_lib.elf.dir/Middlewares/Third_Party/FreeRTOS/Source/portable/GCC/ARM_CM4F/port.c.obj
                0x08008978                xPortStartScheduler
 .text.prvHeapInit
                0x08008a90       0x68 CMakeFiles/dm_h723_lib.elf.dir/Middlewares/Third_Party/FreeRTOS/Source/portable/MemMang/heap_4.c.obj
 .text.prvInsertBlockIntoFreeList
                0x08008af8       0x64 CMakeFiles/dm_h723_lib.elf.dir/Middlewares/Third_Party/FreeRTOS/Source/portable/MemMang/heap_4.c.obj
 .text.pvPortMalloc
                0x08008b5c      0x104 CMakeFiles/dm_h723_lib.elf.dir/Middlewares/Third_Party/FreeRTOS/Source/portable/MemMang/heap_4.c.obj
                0x08008b5c                pvPortMalloc
 .text.vPortFree
                0x08008c60       0x7c CMakeFiles/dm_h723_lib.elf.dir/Middlewares/Third_Party/FreeRTOS/Source/portable/MemMang/heap_4.c.obj
                0x08008c60                vPortFree
 .text.prvResetNextTaskUnblockTime
                0x08008cdc       0x2c CMakeFiles/dm_h723_lib.elf.dir/Middlewares/Third_Party/FreeRTOS/Source/tasks.c.obj
 .text.prvInitialiseNewTask
                0x08008d08       0xfc CMakeFiles/dm_h723_lib.elf.dir/Middlewares/Third_Party/FreeRTOS/Source/tasks.c.obj
 .text.prvInitialiseTaskLists
                0x08008e04       0x68 CMakeFiles/dm_h723_lib.elf.dir/Middlewares/Third_Party/FreeRTOS/Source/tasks.c.obj
 .text.prvAddNewTaskToReadyList
                0x08008e6c       0xa8 CMakeFiles/dm_h723_lib.elf.dir/Middlewares/Third_Party/FreeRTOS/Source/tasks.c.obj
 .text.prvDeleteTCB
                0x08008f14       0x40 CMakeFiles/dm_h723_lib.elf.dir/Middlewares/Third_Party/FreeRTOS/Source/tasks.c.obj
 .text.prvCheckTasksWaitingTermination
                0x08008f54       0x4c CMakeFiles/dm_h723_lib.elf.dir/Middlewares/Third_Party/FreeRTOS/Source/tasks.c.obj
 .text.prvIdleTask
                0x08008fa0       0x28 CMakeFiles/dm_h723_lib.elf.dir/Middlewares/Third_Party/FreeRTOS/Source/tasks.c.obj
 .text.prvAddCurrentTaskToDelayedList
                0x08008fc8       0xa0 CMakeFiles/dm_h723_lib.elf.dir/Middlewares/Third_Party/FreeRTOS/Source/tasks.c.obj
 .text.xTaskCreateStatic
                0x08009068       0x7a CMakeFiles/dm_h723_lib.elf.dir/Middlewares/Third_Party/FreeRTOS/Source/tasks.c.obj
                0x08009068                xTaskCreateStatic
 .text.xTaskCreate
                0x080090e2       0x66 CMakeFiles/dm_h723_lib.elf.dir/Middlewares/Third_Party/FreeRTOS/Source/tasks.c.obj
                0x080090e2                xTaskCreate
 .text.vTaskStartScheduler
                0x08009148       0x84 CMakeFiles/dm_h723_lib.elf.dir/Middlewares/Third_Party/FreeRTOS/Source/tasks.c.obj
                0x08009148                vTaskStartScheduler
 .text.vTaskSuspendAll
                0x080091cc       0x10 CMakeFiles/dm_h723_lib.elf.dir/Middlewares/Third_Party/FreeRTOS/Source/tasks.c.obj
                0x080091cc                vTaskSuspendAll
 .text.xTaskIncrementTick
                0x080091dc      0x118 CMakeFiles/dm_h723_lib.elf.dir/Middlewares/Third_Party/FreeRTOS/Source/tasks.c.obj
                0x080091dc                xTaskIncrementTick
 .text.xTaskResumeAll
                0x080092f4       0xf8 CMakeFiles/dm_h723_lib.elf.dir/Middlewares/Third_Party/FreeRTOS/Source/tasks.c.obj
                0x080092f4                xTaskResumeAll
 .text.vTaskDelay
                0x080093ec       0x4c CMakeFiles/dm_h723_lib.elf.dir/Middlewares/Third_Party/FreeRTOS/Source/tasks.c.obj
                0x080093ec                vTaskDelay
 .text.vTaskSwitchContext
                0x08009438       0xa4 CMakeFiles/dm_h723_lib.elf.dir/Middlewares/Third_Party/FreeRTOS/Source/tasks.c.obj
                0x08009438                vTaskSwitchContext
 .text.DWT_Init
                0x080094dc       0x30 CMakeFiles/dm_h723_lib.elf.dir/code_mf/Src/BMI088Middleware.c.obj
                0x080094dc                DWT_Init
 .text.BMI088_GPIO_init
                0x0800950c        0x2 CMakeFiles/dm_h723_lib.elf.dir/code_mf/Src/BMI088Middleware.c.obj
                0x0800950c                BMI088_GPIO_init
 .text.BMI088_com_init
                0x0800950e        0x8 CMakeFiles/dm_h723_lib.elf.dir/code_mf/Src/BMI088Middleware.c.obj
                0x0800950e                BMI088_com_init
 *fill*         0x08009516        0x2 
 .text.BMI088_delay_us
                0x08009518       0x2c CMakeFiles/dm_h723_lib.elf.dir/code_mf/Src/BMI088Middleware.c.obj
                0x08009518                BMI088_delay_us
 .text.BMI088_delay_ms
                0x08009544       0x18 CMakeFiles/dm_h723_lib.elf.dir/code_mf/Src/BMI088Middleware.c.obj
                0x08009544                BMI088_delay_ms
 .text.BMI088_ACCEL_NS_L
                0x0800955c       0x14 CMakeFiles/dm_h723_lib.elf.dir/code_mf/Src/BMI088Middleware.c.obj
                0x0800955c                BMI088_ACCEL_NS_L
 .text.BMI088_ACCEL_NS_H
                0x08009570       0x14 CMakeFiles/dm_h723_lib.elf.dir/code_mf/Src/BMI088Middleware.c.obj
                0x08009570                BMI088_ACCEL_NS_H
 .text.BMI088_GYRO_NS_L
                0x08009584       0x14 CMakeFiles/dm_h723_lib.elf.dir/code_mf/Src/BMI088Middleware.c.obj
                0x08009584                BMI088_GYRO_NS_L
 .text.BMI088_GYRO_NS_H
                0x08009598       0x14 CMakeFiles/dm_h723_lib.elf.dir/code_mf/Src/BMI088Middleware.c.obj
                0x08009598                BMI088_GYRO_NS_H
 .text.BMI088_read_write_byte
                0x080095ac       0x2c CMakeFiles/dm_h723_lib.elf.dir/code_mf/Src/BMI088Middleware.c.obj
                0x080095ac                BMI088_read_write_byte
 .text.BMI088_write_single_reg
                0x080095d8       0x10 CMakeFiles/dm_h723_lib.elf.dir/code_mf/Src/BMI088driver.c.obj
 .text.BMI088_read_single_reg
                0x080095e8       0x16 CMakeFiles/dm_h723_lib.elf.dir/code_mf/Src/BMI088driver.c.obj
 .text.BMI088_read_muli_reg
                0x080095fe       0x24 CMakeFiles/dm_h723_lib.elf.dir/code_mf/Src/BMI088driver.c.obj
 *fill*         0x08009622        0x2 
 .text.bmi088_accel_init
                0x08009624      0x10c CMakeFiles/dm_h723_lib.elf.dir/code_mf/Src/BMI088driver.c.obj
                0x08009624                bmi088_accel_init
 .text.bmi088_gyro_init
                0x08009730       0xf0 CMakeFiles/dm_h723_lib.elf.dir/code_mf/Src/BMI088driver.c.obj
                0x08009730                bmi088_gyro_init
 .text.BMI088_init
                0x08009820       0x1a CMakeFiles/dm_h723_lib.elf.dir/code_mf/Src/BMI088driver.c.obj
                0x08009820                BMI088_init
 *fill*         0x0800983a        0x2 
 .text.BMI088_read
                0x0800983c      0x164 CMakeFiles/dm_h723_lib.elf.dir/code_mf/Src/BMI088driver.c.obj
                0x0800983c                BMI088_read
 .text.CAN_SENT_TASK
                0x080099a0       0x4c CMakeFiles/dm_h723_lib.elf.dir/code_mf/Src/CAN_SENT_TASK.c.obj
                0x080099a0                CAN_SENT_TASK
 .text.DEBUG_UART_TASK
                0x080099ec       0x20 CMakeFiles/dm_h723_lib.elf.dir/code_mf/Src/DEBUG_UART_TASK.c.obj
                0x080099ec                DEBUG_UART_TASK
 .text.FDCAN_DJI_motors
                0x08009a0c       0x98 CMakeFiles/dm_h723_lib.elf.dir/code_mf/Src/DJI_motors.c.obj
                0x08009a0c                FDCAN_DJI_motors
 .text.IMU_DATA_GET
                0x08009aa4       0xdc CMakeFiles/dm_h723_lib.elf.dir/code_mf/Src/IMU_DATA_GET.c.obj
                0x08009aa4                IMU_DATA_GET
 .text.LED_TASK
                0x08009b80       0x3a CMakeFiles/dm_h723_lib.elf.dir/code_mf/Src/LED_TASK.c.obj
                0x08009b80                LED_TASK
 *fill*         0x08009bba        0x2 
 .text.invSqrt  0x08009bbc       0x30 CMakeFiles/dm_h723_lib.elf.dir/code_mf/Src/MahonyAHRS.c.obj
                0x08009bbc                invSqrt
 .text.MahonyAHRSupdateIMU
                0x08009bec      0x274 CMakeFiles/dm_h723_lib.elf.dir/code_mf/Src/MahonyAHRS.c.obj
                0x08009bec                MahonyAHRSupdateIMU
 .text.MahonyAHRSupdate
                0x08009e60      0x3f8 CMakeFiles/dm_h723_lib.elf.dir/code_mf/Src/MahonyAHRS.c.obj
                0x08009e60                MahonyAHRSupdate
 .text.get_angle
                0x0800a258       0xbc CMakeFiles/dm_h723_lib.elf.dir/code_mf/Src/MahonyAHRS.c.obj
                0x0800a258                get_angle
 .text.BSP_FDCAN_Init
                0x0800a314      0x130 CMakeFiles/dm_h723_lib.elf.dir/code_mf/Src/bsp_can.c.obj
                0x0800a314                BSP_FDCAN_Init
 .text.HAL_FDCAN_RxFifo0Callback
                0x0800a444      0x150 CMakeFiles/dm_h723_lib.elf.dir/code_mf/Src/can_receive.c.obj
                0x0800a444                HAL_FDCAN_RxFifo0Callback
 .text.sbus_frame_parse
                0x0800a594       0xc2 CMakeFiles/dm_h723_lib.elf.dir/code_mf/Src/remote_control.c.obj
                0x0800a594                sbus_frame_parse
 *fill*         0x0800a656        0x2 
 .text.HAL_UARTEx_RxEventCallback
                0x0800a658       0x54 CMakeFiles/dm_h723_lib.elf.dir/code_mf/Src/remote_control.c.obj
                0x0800a658                HAL_UARTEx_RxEventCallback
 .text.HAL_UART_ErrorCallback
                0x0800a6ac       0x38 CMakeFiles/dm_h723_lib.elf.dir/code_mf/Src/remote_control.c.obj
                0x0800a6ac                HAL_UART_ErrorCallback
 .text.usart1_printf
                0x0800a6e4       0x40 CMakeFiles/dm_h723_lib.elf.dir/code_mf/Src/uart_printf.c.obj
                0x0800a6e4                usart1_printf
 .text.WS2812_Ctrl
                0x0800a724       0xc0 CMakeFiles/dm_h723_lib.elf.dir/code_mf/Src/ws2812.c.obj
                0x0800a724                WS2812_Ctrl
 .text.__udivmoddi4
                0x0800a7e4      0x2bc C:/CLionToolchains/gcc-arm-none-eabi-10.3-2021.10/bin/../lib/gcc/arm-none-eabi/13.3.1/thumb/v7e-m+fp/hard\libgcc.a(_udivmoddi4.o)
                0x0800a7e4                __udivmoddi4
 .text.stdio_exit_handler
                0x0800aaa0       0x18 C:/CLionToolchains/gcc-arm-none-eabi-10.3-2021.10/bin/../lib/gcc/arm-none-eabi/13.3.1/thumb/v7e-m+fp/hard\libg.a(libc_a-findfp.o)
 .text.cleanup_stdio
                0x0800aab8       0x40 C:/CLionToolchains/gcc-arm-none-eabi-10.3-2021.10/bin/../lib/gcc/arm-none-eabi/13.3.1/thumb/v7e-m+fp/hard\libg.a(libc_a-findfp.o)
 .text.global_stdio_init.part.0
                0x0800aaf8       0xf0 C:/CLionToolchains/gcc-arm-none-eabi-10.3-2021.10/bin/../lib/gcc/arm-none-eabi/13.3.1/thumb/v7e-m+fp/hard\libg.a(libc_a-findfp.o)
 .text.__sinit  0x0800abe8       0x3c C:/CLionToolchains/gcc-arm-none-eabi-10.3-2021.10/bin/../lib/gcc/arm-none-eabi/13.3.1/thumb/v7e-m+fp/hard\libg.a(libc_a-findfp.o)
                0x0800abe8                __sinit
 .text.__sfp_lock_acquire
                0x0800ac24        0xc C:/CLionToolchains/gcc-arm-none-eabi-10.3-2021.10/bin/../lib/gcc/arm-none-eabi/13.3.1/thumb/v7e-m+fp/hard\libg.a(libc_a-findfp.o)
                0x0800ac24                __sfp_lock_acquire
 .text.__sfp_lock_release
                0x0800ac30        0xc C:/CLionToolchains/gcc-arm-none-eabi-10.3-2021.10/bin/../lib/gcc/arm-none-eabi/13.3.1/thumb/v7e-m+fp/hard\libg.a(libc_a-findfp.o)
                0x0800ac30                __sfp_lock_release
 .text._fwalk_sglue
                0x0800ac3c       0x44 C:/CLionToolchains/gcc-arm-none-eabi-10.3-2021.10/bin/../lib/gcc/arm-none-eabi/13.3.1/thumb/v7e-m+fp/hard\libg.a(libc_a-fwalk.o)
                0x0800ac3c                _fwalk_sglue
 .text.__sread  0x0800ac80       0x24 C:/CLionToolchains/gcc-arm-none-eabi-10.3-2021.10/bin/../lib/gcc/arm-none-eabi/13.3.1/thumb/v7e-m+fp/hard\libg.a(libc_a-stdio.o)
                0x0800ac80                __sread
 .text.__swrite
                0x0800aca4       0x40 C:/CLionToolchains/gcc-arm-none-eabi-10.3-2021.10/bin/../lib/gcc/arm-none-eabi/13.3.1/thumb/v7e-m+fp/hard\libg.a(libc_a-stdio.o)
                0x0800aca4                __swrite
 .text.__sseek  0x0800ace4       0x24 C:/CLionToolchains/gcc-arm-none-eabi-10.3-2021.10/bin/../lib/gcc/arm-none-eabi/13.3.1/thumb/v7e-m+fp/hard\libg.a(libc_a-stdio.o)
                0x0800ace4                __sseek
 .text.__sclose
                0x0800ad08        0x8 C:/CLionToolchains/gcc-arm-none-eabi-10.3-2021.10/bin/../lib/gcc/arm-none-eabi/13.3.1/thumb/v7e-m+fp/hard\libg.a(libc_a-stdio.o)
                0x0800ad08                __sclose
 .text.vsprintf
                0x0800ad10       0x38 C:/CLionToolchains/gcc-arm-none-eabi-10.3-2021.10/bin/../lib/gcc/arm-none-eabi/13.3.1/thumb/v7e-m+fp/hard\libg.a(libc_a-vsprintf.o)
                0x0800ad10                vsprintf
 .text.memset   0x0800ad48       0xa4 C:/CLionToolchains/gcc-arm-none-eabi-10.3-2021.10/bin/../lib/gcc/arm-none-eabi/13.3.1/thumb/v7e-m+fp/hard\libg.a(libc_a-memset.o)
                0x0800ad48                memset
 .text._close_r
                0x0800adec       0x24 C:/CLionToolchains/gcc-arm-none-eabi-10.3-2021.10/bin/../lib/gcc/arm-none-eabi/13.3.1/thumb/v7e-m+fp/hard\libg.a(libc_a-closer.o)
                0x0800adec                _close_r
 .text._reclaim_reent
                0x0800ae10       0x6c C:/CLionToolchains/gcc-arm-none-eabi-10.3-2021.10/bin/../lib/gcc/arm-none-eabi/13.3.1/thumb/v7e-m+fp/hard\libg.a(libc_a-reent.o)
                0x0800ae10                _reclaim_reent
 .text._lseek_r
                0x0800ae7c       0x2c C:/CLionToolchains/gcc-arm-none-eabi-10.3-2021.10/bin/../lib/gcc/arm-none-eabi/13.3.1/thumb/v7e-m+fp/hard\libg.a(libc_a-lseekr.o)
                0x0800ae7c                _lseek_r
 .text._read_r  0x0800aea8       0x2c C:/CLionToolchains/gcc-arm-none-eabi-10.3-2021.10/bin/../lib/gcc/arm-none-eabi/13.3.1/thumb/v7e-m+fp/hard\libg.a(libc_a-readr.o)
                0x0800aea8                _read_r
 .text._write_r
                0x0800aed4       0x2c C:/CLionToolchains/gcc-arm-none-eabi-10.3-2021.10/bin/../lib/gcc/arm-none-eabi/13.3.1/thumb/v7e-m+fp/hard\libg.a(libc_a-writer.o)
                0x0800aed4                _write_r
 .text.__errno  0x0800af00        0xc C:/CLionToolchains/gcc-arm-none-eabi-10.3-2021.10/bin/../lib/gcc/arm-none-eabi/13.3.1/thumb/v7e-m+fp/hard\libg.a(libc_a-errno.o)
                0x0800af00                __errno
 .text.__libc_init_array
                0x0800af0c       0x50 C:/CLionToolchains/gcc-arm-none-eabi-10.3-2021.10/bin/../lib/gcc/arm-none-eabi/13.3.1/thumb/v7e-m+fp/hard\libg.a(libc_a-init.o)
                0x0800af0c                __libc_init_array
 .text.__retarget_lock_init_recursive
                0x0800af5c        0x4 C:/CLionToolchains/gcc-arm-none-eabi-10.3-2021.10/bin/../lib/gcc/arm-none-eabi/13.3.1/thumb/v7e-m+fp/hard\libg.a(libc_a-lock.o)
                0x0800af5c                __retarget_lock_init_recursive
 .text.__retarget_lock_close_recursive
                0x0800af60        0x4 C:/CLionToolchains/gcc-arm-none-eabi-10.3-2021.10/bin/../lib/gcc/arm-none-eabi/13.3.1/thumb/v7e-m+fp/hard\libg.a(libc_a-lock.o)
                0x0800af60                __retarget_lock_close_recursive
 .text.__retarget_lock_acquire_recursive
                0x0800af64        0x4 C:/CLionToolchains/gcc-arm-none-eabi-10.3-2021.10/bin/../lib/gcc/arm-none-eabi/13.3.1/thumb/v7e-m+fp/hard\libg.a(libc_a-lock.o)
                0x0800af64                __retarget_lock_acquire_recursive
 .text.__retarget_lock_release_recursive
                0x0800af68        0x4 C:/CLionToolchains/gcc-arm-none-eabi-10.3-2021.10/bin/../lib/gcc/arm-none-eabi/13.3.1/thumb/v7e-m+fp/hard\libg.a(libc_a-lock.o)
                0x0800af68                __retarget_lock_release_recursive
 .text.startup.register_fini
                0x0800af6c       0x14 C:/CLionToolchains/gcc-arm-none-eabi-10.3-2021.10/bin/../lib/gcc/arm-none-eabi/13.3.1/thumb/v7e-m+fp/hard\libg.a(libc_a-__call_atexit.o)
 .text.atexit   0x0800af80        0xc C:/CLionToolchains/gcc-arm-none-eabi-10.3-2021.10/bin/../lib/gcc/arm-none-eabi/13.3.1/thumb/v7e-m+fp/hard\libg.a(libc_a-atexit.o)
                0x0800af80                atexit
 .text._malloc_trim_r
                0x0800af8c       0xb8 C:/CLionToolchains/gcc-arm-none-eabi-10.3-2021.10/bin/../lib/gcc/arm-none-eabi/13.3.1/thumb/v7e-m+fp/hard\libg.a(libc_a-freer.o)
                0x0800af8c                _malloc_trim_r
 .text._free_r  0x0800b044      0x1f8 C:/CLionToolchains/gcc-arm-none-eabi-10.3-2021.10/bin/../lib/gcc/arm-none-eabi/13.3.1/thumb/v7e-m+fp/hard\libg.a(libc_a-freer.o)
                0x0800b044                _free_r
 .text._malloc_r
                0x0800b23c      0x564 C:/CLionToolchains/gcc-arm-none-eabi-10.3-2021.10/bin/../lib/gcc/arm-none-eabi/13.3.1/thumb/v7e-m+fp/hard\libg.a(libc_a-mallocr.o)
                0x0800b23c                _malloc_r
 .text.__malloc_lock
                0x0800b7a0        0xc C:/CLionToolchains/gcc-arm-none-eabi-10.3-2021.10/bin/../lib/gcc/arm-none-eabi/13.3.1/thumb/v7e-m+fp/hard\libg.a(libc_a-mlock.o)
                0x0800b7a0                __malloc_lock
 .text.__malloc_unlock
                0x0800b7ac        0xc C:/CLionToolchains/gcc-arm-none-eabi-10.3-2021.10/bin/../lib/gcc/arm-none-eabi/13.3.1/thumb/v7e-m+fp/hard\libg.a(libc_a-mlock.o)
                0x0800b7ac                __malloc_unlock
 .text._svfprintf_r
                0x0800b7b8     0x1b3c C:/CLionToolchains/gcc-arm-none-eabi-10.3-2021.10/bin/../lib/gcc/arm-none-eabi/13.3.1/thumb/v7e-m+fp/hard\libg.a(libc_a-svfprintf.o)
                0x0800b7b8                _svfprintf_r
 .text.__ssprint_r
                0x0800d2f4       0x58 C:/CLionToolchains/gcc-arm-none-eabi-10.3-2021.10/bin/../lib/gcc/arm-none-eabi/13.3.1/thumb/v7e-m+fp/hard\libg.a(libc_a-ssprint_r.o)
                0x0800d2f4                __ssprint_r
 .text._fclose_r
                0x0800d34c       0xc0 C:/CLionToolchains/gcc-arm-none-eabi-10.3-2021.10/bin/../lib/gcc/arm-none-eabi/13.3.1/thumb/v7e-m+fp/hard\libg.a(libc_a-fclose.o)
                0x0800d34c                _fclose_r
 .text.__sflush_r
                0x0800d40c      0x138 C:/CLionToolchains/gcc-arm-none-eabi-10.3-2021.10/bin/../lib/gcc/arm-none-eabi/13.3.1/thumb/v7e-m+fp/hard\libg.a(libc_a-fflush.o)
                0x0800d40c                __sflush_r
 .text._fflush_r
                0x0800d544       0x54 C:/CLionToolchains/gcc-arm-none-eabi-10.3-2021.10/bin/../lib/gcc/arm-none-eabi/13.3.1/thumb/v7e-m+fp/hard\libg.a(libc_a-fflush.o)
                0x0800d544                _fflush_r
 .text.strncpy  0x0800d598       0x68 C:/CLionToolchains/gcc-arm-none-eabi-10.3-2021.10/bin/../lib/gcc/arm-none-eabi/13.3.1/thumb/v7e-m+fp/hard\libg.a(libc_a-strncpy.o)
                0x0800d598                strncpy
 .text.__locale_mb_cur_max
                0x0800d600        0xc C:/CLionToolchains/gcc-arm-none-eabi-10.3-2021.10/bin/../lib/gcc/arm-none-eabi/13.3.1/thumb/v7e-m+fp/hard\libg.a(libc_a-locale.o)
                0x0800d600                __locale_mb_cur_max
 .text._localeconv_r
                0x0800d60c        0x8 C:/CLionToolchains/gcc-arm-none-eabi-10.3-2021.10/bin/../lib/gcc/arm-none-eabi/13.3.1/thumb/v7e-m+fp/hard\libg.a(libc_a-localeconv.o)
                0x0800d60c                _localeconv_r
 .text._sbrk_r  0x0800d614       0x24 C:/CLionToolchains/gcc-arm-none-eabi-10.3-2021.10/bin/../lib/gcc/arm-none-eabi/13.3.1/thumb/v7e-m+fp/hard\libg.a(libc_a-sbrkr.o)
                0x0800d614                _sbrk_r
 .text.__libc_fini_array
                0x0800d638       0x28 C:/CLionToolchains/gcc-arm-none-eabi-10.3-2021.10/bin/../lib/gcc/arm-none-eabi/13.3.1/thumb/v7e-m+fp/hard\libg.a(libc_a-fini.o)
                0x0800d638                __libc_fini_array
 .text.sysconf  0x0800d660       0x1c C:/CLionToolchains/gcc-arm-none-eabi-10.3-2021.10/bin/../lib/gcc/arm-none-eabi/13.3.1/thumb/v7e-m+fp/hard\libg.a(libc_a-sysconf.o)
                0x0800d660                sysconf
 .text.frexp    0x0800d67c       0x64 C:/CLionToolchains/gcc-arm-none-eabi-10.3-2021.10/bin/../lib/gcc/arm-none-eabi/13.3.1/thumb/v7e-m+fp/hard\libg.a(libm_a-s_frexp.o)
                0x0800d67c                frexp
 .text.__register_exitproc
                0x0800d6e0       0x80 C:/CLionToolchains/gcc-arm-none-eabi-10.3-2021.10/bin/../lib/gcc/arm-none-eabi/13.3.1/thumb/v7e-m+fp/hard\libg.a(libc_a-__atexit.o)
                0x0800d6e0                __register_exitproc
 .text.quorem   0x0800d760      0x12c C:/CLionToolchains/gcc-arm-none-eabi-10.3-2021.10/bin/../lib/gcc/arm-none-eabi/13.3.1/thumb/v7e-m+fp/hard\libg.a(libc_a-dtoa.o)
 *fill*         0x0800d88c        0x4 
 .text._dtoa_r  0x0800d890      0xe80 C:/CLionToolchains/gcc-arm-none-eabi-10.3-2021.10/bin/../lib/gcc/arm-none-eabi/13.3.1/thumb/v7e-m+fp/hard\libg.a(libc_a-dtoa.o)
                0x0800d890                _dtoa_r
 .text.__ascii_mbtowc
                0x0800e710       0x2c C:/CLionToolchains/gcc-arm-none-eabi-10.3-2021.10/bin/../lib/gcc/arm-none-eabi/13.3.1/thumb/v7e-m+fp/hard\libg.a(libc_a-mbtowc_r.o)
                0x0800e710                __ascii_mbtowc
 .text._Balloc  0x0800e73c       0x4c C:/CLionToolchains/gcc-arm-none-eabi-10.3-2021.10/bin/../lib/gcc/arm-none-eabi/13.3.1/thumb/v7e-m+fp/hard\libg.a(libc_a-mprec.o)
                0x0800e73c                _Balloc
 .text._Bfree   0x0800e788       0x14 C:/CLionToolchains/gcc-arm-none-eabi-10.3-2021.10/bin/../lib/gcc/arm-none-eabi/13.3.1/thumb/v7e-m+fp/hard\libg.a(libc_a-mprec.o)
                0x0800e788                _Bfree
 .text.__multadd
                0x0800e79c       0xa0 C:/CLionToolchains/gcc-arm-none-eabi-10.3-2021.10/bin/../lib/gcc/arm-none-eabi/13.3.1/thumb/v7e-m+fp/hard\libg.a(libc_a-mprec.o)
                0x0800e79c                __multadd
 .text.__hi0bits
                0x0800e83c       0x44 C:/CLionToolchains/gcc-arm-none-eabi-10.3-2021.10/bin/../lib/gcc/arm-none-eabi/13.3.1/thumb/v7e-m+fp/hard\libg.a(libc_a-mprec.o)
                0x0800e83c                __hi0bits
 .text.__lo0bits
                0x0800e880       0x60 C:/CLionToolchains/gcc-arm-none-eabi-10.3-2021.10/bin/../lib/gcc/arm-none-eabi/13.3.1/thumb/v7e-m+fp/hard\libg.a(libc_a-mprec.o)
                0x0800e880                __lo0bits
 .text.__i2b    0x0800e8e0       0x5c C:/CLionToolchains/gcc-arm-none-eabi-10.3-2021.10/bin/../lib/gcc/arm-none-eabi/13.3.1/thumb/v7e-m+fp/hard\libg.a(libc_a-mprec.o)
                0x0800e8e0                __i2b
 .text.__multiply
                0x0800e93c      0x16c C:/CLionToolchains/gcc-arm-none-eabi-10.3-2021.10/bin/../lib/gcc/arm-none-eabi/13.3.1/thumb/v7e-m+fp/hard\libg.a(libc_a-mprec.o)
                0x0800e93c                __multiply
 .text.__pow5mult
                0x0800eaa8       0xb4 C:/CLionToolchains/gcc-arm-none-eabi-10.3-2021.10/bin/../lib/gcc/arm-none-eabi/13.3.1/thumb/v7e-m+fp/hard\libg.a(libc_a-mprec.o)
                0x0800eaa8                __pow5mult
 .text.__lshift
                0x0800eb5c       0xf0 C:/CLionToolchains/gcc-arm-none-eabi-10.3-2021.10/bin/../lib/gcc/arm-none-eabi/13.3.1/thumb/v7e-m+fp/hard\libg.a(libc_a-mprec.o)
                0x0800eb5c                __lshift
 .text.__mcmp   0x0800ec4c       0x44 C:/CLionToolchains/gcc-arm-none-eabi-10.3-2021.10/bin/../lib/gcc/arm-none-eabi/13.3.1/thumb/v7e-m+fp/hard\libg.a(libc_a-mprec.o)
                0x0800ec4c                __mcmp
 .text.__mdiff  0x0800ec90      0x178 C:/CLionToolchains/gcc-arm-none-eabi-10.3-2021.10/bin/../lib/gcc/arm-none-eabi/13.3.1/thumb/v7e-m+fp/hard\libg.a(libc_a-mprec.o)
                0x0800ec90                __mdiff
 .text.__d2b    0x0800ee08       0xc0 C:/CLionToolchains/gcc-arm-none-eabi-10.3-2021.10/bin/../lib/gcc/arm-none-eabi/13.3.1/thumb/v7e-m+fp/hard\libg.a(libc_a-mprec.o)
                0x0800ee08                __d2b
 .text.__ascii_wctomb
                0x0800eec8       0x1c C:/CLionToolchains/gcc-arm-none-eabi-10.3-2021.10/bin/../lib/gcc/arm-none-eabi/13.3.1/thumb/v7e-m+fp/hard\libg.a(libc_a-wctomb_r.o)
                0x0800eec8                __ascii_wctomb
 .text._wcrtomb_r
                0x0800eee4       0x4c C:/CLionToolchains/gcc-arm-none-eabi-10.3-2021.10/bin/../lib/gcc/arm-none-eabi/13.3.1/thumb/v7e-m+fp/hard\libg.a(libc_a-wcrtomb.o)
                0x0800eee4                _wcrtomb_r
 .text._wcsrtombs_r
                0x0800ef30       0x18 C:/CLionToolchains/gcc-arm-none-eabi-10.3-2021.10/bin/../lib/gcc/arm-none-eabi/13.3.1/thumb/v7e-m+fp/hard\libg.a(libc_a-wcsrtombs.o)
                0x0800ef30                _wcsrtombs_r
 .text.__ssputs_r
                0x0800ef48       0xc0 C:/CLionToolchains/gcc-arm-none-eabi-10.3-2021.10/bin/../lib/gcc/arm-none-eabi/13.3.1/thumb/v7e-m+fp/hard\libg.a(libc_a-ssputs_r.o)
                0x0800ef48                __ssputs_r
 .text.memmove  0x0800f008      0x100 C:/CLionToolchains/gcc-arm-none-eabi-10.3-2021.10/bin/../lib/gcc/arm-none-eabi/13.3.1/thumb/v7e-m+fp/hard\libg.a(libc_a-memmove.o)
                0x0800f008                memmove
 .text.__assert_func
                0x0800f108       0x40 C:/CLionToolchains/gcc-arm-none-eabi-10.3-2021.10/bin/../lib/gcc/arm-none-eabi/13.3.1/thumb/v7e-m+fp/hard\libg.a(libc_a-assert.o)
                0x0800f108                __assert_func
 .text._calloc_r
                0x0800f148       0x6c C:/CLionToolchains/gcc-arm-none-eabi-10.3-2021.10/bin/../lib/gcc/arm-none-eabi/13.3.1/thumb/v7e-m+fp/hard\libg.a(libc_a-callocr.o)
                0x0800f148                _calloc_r
 .text._realloc_r
                0x0800f1b4      0x344 C:/CLionToolchains/gcc-arm-none-eabi-10.3-2021.10/bin/../lib/gcc/arm-none-eabi/13.3.1/thumb/v7e-m+fp/hard\libg.a(libc_a-reallocr.o)
                0x0800f1b4                _realloc_r
 .text._wcsnrtombs_l
                0x0800f4f8       0xfc C:/CLionToolchains/gcc-arm-none-eabi-10.3-2021.10/bin/../lib/gcc/arm-none-eabi/13.3.1/thumb/v7e-m+fp/hard\libg.a(libc_a-wcsnrtombs.o)
                0x0800f4f8                _wcsnrtombs_l
 .text._wcsnrtombs_r
                0x0800f5f4       0x24 C:/CLionToolchains/gcc-arm-none-eabi-10.3-2021.10/bin/../lib/gcc/arm-none-eabi/13.3.1/thumb/v7e-m+fp/hard\libg.a(libc_a-wcsnrtombs.o)
                0x0800f5f4                _wcsnrtombs_r
 .text.fiprintf
                0x0800f618       0x28 C:/CLionToolchains/gcc-arm-none-eabi-10.3-2021.10/bin/../lib/gcc/arm-none-eabi/13.3.1/thumb/v7e-m+fp/hard\libg.a(libc_a-fiprintf.o)
                0x0800f618                fiprintf
 .text._vfiprintf_r
                0x0800f640      0xe68 C:/CLionToolchains/gcc-arm-none-eabi-10.3-2021.10/bin/../lib/gcc/arm-none-eabi/13.3.1/thumb/v7e-m+fp/hard\libg.a(libc_a-vfiprintf.o)
                0x0800f640                _vfiprintf_r
 .text.__sbprintf
                0x080104a8       0x80 C:/CLionToolchains/gcc-arm-none-eabi-10.3-2021.10/bin/../lib/gcc/arm-none-eabi/13.3.1/thumb/v7e-m+fp/hard\libg.a(libc_a-vfiprintf.o)
 .text.__sprint_r
                0x08010528       0x20 C:/CLionToolchains/gcc-arm-none-eabi-10.3-2021.10/bin/../lib/gcc/arm-none-eabi/13.3.1/thumb/v7e-m+fp/hard\libg.a(libc_a-sprint_r.o)
                0x08010528                __sprint_r
 .text.__sfvwrite_r
                0x08010548      0x300 C:/CLionToolchains/gcc-arm-none-eabi-10.3-2021.10/bin/../lib/gcc/arm-none-eabi/13.3.1/thumb/v7e-m+fp/hard\libg.a(libc_a-fvwrite.o)
                0x08010548                __sfvwrite_r
 .text.__swsetup_r
                0x08010848       0xc4 C:/CLionToolchains/gcc-arm-none-eabi-10.3-2021.10/bin/../lib/gcc/arm-none-eabi/13.3.1/thumb/v7e-m+fp/hard\libg.a(libc_a-wsetup.o)
                0x08010848                __swsetup_r
 .text.abort    0x0801090c       0x10 C:/CLionToolchains/gcc-arm-none-eabi-10.3-2021.10/bin/../lib/gcc/arm-none-eabi/13.3.1/thumb/v7e-m+fp/hard\libg.a(libc_a-abort.o)
                0x0801090c                abort
 .text.__smakebuf_r
                0x0801091c       0xdc C:/CLionToolchains/gcc-arm-none-eabi-10.3-2021.10/bin/../lib/gcc/arm-none-eabi/13.3.1/thumb/v7e-m+fp/hard\libg.a(libc_a-makebuf.o)
                0x0801091c                __smakebuf_r
 .text.raise    0x080109f8       0x58 C:/CLionToolchains/gcc-arm-none-eabi-10.3-2021.10/bin/../lib/gcc/arm-none-eabi/13.3.1/thumb/v7e-m+fp/hard\libg.a(libc_a-signal.o)
                0x080109f8                raise
 .text._fstat_r
                0x08010a50       0x2c C:/CLionToolchains/gcc-arm-none-eabi-10.3-2021.10/bin/../lib/gcc/arm-none-eabi/13.3.1/thumb/v7e-m+fp/hard\libg.a(libc_a-fstatr.o)
                0x08010a50                _fstat_r
 .text._isatty_r
                0x08010a7c       0x24 C:/CLionToolchains/gcc-arm-none-eabi-10.3-2021.10/bin/../lib/gcc/arm-none-eabi/13.3.1/thumb/v7e-m+fp/hard\libg.a(libc_a-isattyr.o)
                0x08010a7c                _isatty_r
 .text._kill_r  0x08010aa0       0x2c C:/CLionToolchains/gcc-arm-none-eabi-10.3-2021.10/bin/../lib/gcc/arm-none-eabi/13.3.1/thumb/v7e-m+fp/hard\libg.a(libc_a-signalr.o)
                0x08010aa0                _kill_r
 .text._getpid_r
                0x08010acc        0x4 C:/CLionToolchains/gcc-arm-none-eabi-10.3-2021.10/bin/../lib/gcc/arm-none-eabi/13.3.1/thumb/v7e-m+fp/hard\libg.a(libc_a-signalr.o)
                0x08010acc                _getpid_r
 .text.sqrt     0x08010ad0       0x68 C:/CLionToolchains/gcc-arm-none-eabi-10.3-2021.10/bin/../lib/gcc/arm-none-eabi/13.3.1/thumb/v7e-m+fp/hard\libm.a(libm_a-w_sqrt.o)
                0x08010ad0                sqrt
 .text.asinf    0x08010b38       0x58 C:/CLionToolchains/gcc-arm-none-eabi-10.3-2021.10/bin/../lib/gcc/arm-none-eabi/13.3.1/thumb/v7e-m+fp/hard\libm.a(libm_a-wf_asin.o)
                0x08010b38                asinf
 .text.atan2f   0x08010b90        0x4 C:/CLionToolchains/gcc-arm-none-eabi-10.3-2021.10/bin/../lib/gcc/arm-none-eabi/13.3.1/thumb/v7e-m+fp/hard\libm.a(libm_a-wf_atan2.o)
                0x08010b90                atan2f
 .text.fabsf    0x08010b94       0x10 C:/CLionToolchains/gcc-arm-none-eabi-10.3-2021.10/bin/../lib/gcc/arm-none-eabi/13.3.1/thumb/v7e-m+fp/hard\libm.a(libm_a-sf_fabs.o)
                0x08010b94                fabsf
 .text.nanf     0x08010ba4        0xc C:/CLionToolchains/gcc-arm-none-eabi-10.3-2021.10/bin/../lib/gcc/arm-none-eabi/13.3.1/thumb/v7e-m+fp/hard\libm.a(libm_a-sf_nan.o)
                0x08010ba4                nanf
 .text.__ieee754_sqrt
                0x08010bb0      0x1ec C:/CLionToolchains/gcc-arm-none-eabi-10.3-2021.10/bin/../lib/gcc/arm-none-eabi/13.3.1/thumb/v7e-m+fp/hard\libm.a(libm_a-e_sqrt.o)
                0x08010bb0                __ieee754_sqrt
 .text.__ieee754_asinf
                0x08010d9c      0x1f8 C:/CLionToolchains/gcc-arm-none-eabi-10.3-2021.10/bin/../lib/gcc/arm-none-eabi/13.3.1/thumb/v7e-m+fp/hard\libm.a(libm_a-ef_asin.o)
                0x08010d9c                __ieee754_asinf
 .text.__ieee754_atan2f
                0x08010f94      0x150 C:/CLionToolchains/gcc-arm-none-eabi-10.3-2021.10/bin/../lib/gcc/arm-none-eabi/13.3.1/thumb/v7e-m+fp/hard\libm.a(libm_a-ef_atan2.o)
                0x08010f94                __ieee754_atan2f
 .text.atanf    0x080110e4      0x1ac C:/CLionToolchains/gcc-arm-none-eabi-10.3-2021.10/bin/../lib/gcc/arm-none-eabi/13.3.1/thumb/v7e-m+fp/hard\libm.a(libm_a-sf_atan.o)
                0x080110e4                atanf
 .text.__ieee754_sqrtf
                0x08011290        0x8 C:/CLionToolchains/gcc-arm-none-eabi-10.3-2021.10/bin/../lib/gcc/arm-none-eabi/13.3.1/thumb/v7e-m+fp/hard\libm.a(libm_a-ef_sqrt.o)
                0x08011290                __ieee754_sqrtf
 *(.glue_7)
 .glue_7        0x08011298        0x0 linker stubs
 *(.glue_7t)
 .glue_7t       0x08011298        0x0 linker stubs
 *(.eh_frame)
 .eh_frame      0x08011298        0x0 C:/CLionToolchains/gcc-arm-none-eabi-10.3-2021.10/bin/../lib/gcc/arm-none-eabi/13.3.1/thumb/v7e-m+fp/hard/crtbegin.o
 *(.init)
 .init          0x08011298        0x4 C:/CLionToolchains/gcc-arm-none-eabi-10.3-2021.10/bin/../lib/gcc/arm-none-eabi/13.3.1/thumb/v7e-m+fp/hard/crti.o
                0x08011298                _init
 .init          0x0801129c        0x8 C:/CLionToolchains/gcc-arm-none-eabi-10.3-2021.10/bin/../lib/gcc/arm-none-eabi/13.3.1/thumb/v7e-m+fp/hard/crtn.o
 *(.fini)
 .fini          0x080112a4        0x4 C:/CLionToolchains/gcc-arm-none-eabi-10.3-2021.10/bin/../lib/gcc/arm-none-eabi/13.3.1/thumb/v7e-m+fp/hard/crti.o
                0x080112a4                _fini
 .fini          0x080112a8        0x8 C:/CLionToolchains/gcc-arm-none-eabi-10.3-2021.10/bin/../lib/gcc/arm-none-eabi/13.3.1/thumb/v7e-m+fp/hard/crtn.o
                0x080112b0                        . = ALIGN (0x4)
                0x080112b0                        _etext = .

.vfp11_veneer   0x080112b0        0x0
 .vfp11_veneer  0x080112b0        0x0 linker stubs

.v4_bx          0x080112b0        0x0
 .v4_bx         0x080112b0        0x0 linker stubs

.iplt           0x080112b0        0x0
 .iplt          0x080112b0        0x0 C:/CLionToolchains/gcc-arm-none-eabi-10.3-2021.10/bin/../lib/gcc/arm-none-eabi/13.3.1/thumb/v7e-m+fp/hard/crtbegin.o

.rodata         0x080112b0      0x5f0
                0x080112b0                        . = ALIGN (0x4)
 *(.rodata)
 .rodata        0x080112b0       0xa8 CMakeFiles/dm_h723_lib.elf.dir/Core/Src/freertos.c.obj
 .rodata        0x08011358       0x4c CMakeFiles/dm_h723_lib.elf.dir/Drivers/STM32H7xx_HAL_Driver/Src/stm32h7xx_hal_fdcan.c.obj
 *(.rodata*)
 .rodata.str1.4
                0x080113a4      0x1f3 CMakeFiles/dm_h723_lib.elf.dir/Core/Src/freertos.c.obj
                                 0x3c (size before relaxing)
 *fill*         0x08011597        0x1 
 .rodata.D1CorePrescTable
                0x08011598       0x10 CMakeFiles/dm_h723_lib.elf.dir/Core/Src/system_stm32h7xx.c.obj
                0x08011598                D1CorePrescTable
 .rodata.flagBitshiftOffset.0
                0x080115a8        0x8 CMakeFiles/dm_h723_lib.elf.dir/Drivers/STM32H7xx_HAL_Driver/Src/stm32h7xx_hal_dma.c.obj
 .rodata.DLCtoBytes
                0x080115b0       0x10 CMakeFiles/dm_h723_lib.elf.dir/Drivers/STM32H7xx_HAL_Driver/Src/stm32h7xx_hal_fdcan.c.obj
 .rodata.UARTPrescTable
                0x080115c0       0x18 CMakeFiles/dm_h723_lib.elf.dir/Drivers/STM32H7xx_HAL_Driver/Src/stm32h7xx_hal_uart.c.obj
                0x080115c0                UARTPrescTable
 .rodata.denominator.0
                0x080115d8        0x8 CMakeFiles/dm_h723_lib.elf.dir/Drivers/STM32H7xx_HAL_Driver/Src/stm32h7xx_hal_uart_ex.c.obj
 .rodata.numerator.1
                0x080115e0        0x8 CMakeFiles/dm_h723_lib.elf.dir/Drivers/STM32H7xx_HAL_Driver/Src/stm32h7xx_hal_uart_ex.c.obj
 .rodata.vTaskStartScheduler.str1.4
                0x080115e8        0x5 CMakeFiles/dm_h723_lib.elf.dir/Middlewares/Third_Party/FreeRTOS/Source/tasks.c.obj
 .rodata.write_BMI088_gyro_reg_data_error
                0x080115e8       0x12 CMakeFiles/dm_h723_lib.elf.dir/code_mf/Src/BMI088driver.c.obj
 *fill*         0x080115fa        0x2 
 .rodata.write_BMI088_accel_reg_data_error
                0x080115fc       0x12 CMakeFiles/dm_h723_lib.elf.dir/code_mf/Src/BMI088driver.c.obj
 .rodata.DEBUG_UART_TASK.str1.4
                0x0801160e        0x6 CMakeFiles/dm_h723_lib.elf.dir/code_mf/Src/DEBUG_UART_TASK.c.obj
 .rodata._svfprintf_r.str1.4
                0x0801160e       0x42 C:/CLionToolchains/gcc-arm-none-eabi-10.3-2021.10/bin/../lib/gcc/arm-none-eabi/13.3.1/thumb/v7e-m+fp/hard\libg.a(libc_a-svfprintf.o)
 *fill*         0x0801160e        0x2 
 .rodata.zeroes.0
                0x08011610       0x10 C:/CLionToolchains/gcc-arm-none-eabi-10.3-2021.10/bin/../lib/gcc/arm-none-eabi/13.3.1/thumb/v7e-m+fp/hard\libg.a(libc_a-svfprintf.o)
 .rodata.blanks.1
                0x08011620       0x10 C:/CLionToolchains/gcc-arm-none-eabi-10.3-2021.10/bin/../lib/gcc/arm-none-eabi/13.3.1/thumb/v7e-m+fp/hard\libg.a(libc_a-svfprintf.o)
 .rodata.str1.4
                0x08011630       0x4c C:/CLionToolchains/gcc-arm-none-eabi-10.3-2021.10/bin/../lib/gcc/arm-none-eabi/13.3.1/thumb/v7e-m+fp/hard\libg.a(libc_a-locale.o)
 .rodata._dtoa_r.str1.4
                0x08011630       0x81 C:/CLionToolchains/gcc-arm-none-eabi-10.3-2021.10/bin/../lib/gcc/arm-none-eabi/13.3.1/thumb/v7e-m+fp/hard\libg.a(libc_a-dtoa.o)
 .rodata.__multadd.str1.4
                0x08011630       0x6e C:/CLionToolchains/gcc-arm-none-eabi-10.3-2021.10/bin/../lib/gcc/arm-none-eabi/13.3.1/thumb/v7e-m+fp/hard\libg.a(libc_a-mprec.o)
 .rodata.p05.0  0x08011630        0xc C:/CLionToolchains/gcc-arm-none-eabi-10.3-2021.10/bin/../lib/gcc/arm-none-eabi/13.3.1/thumb/v7e-m+fp/hard\libg.a(libc_a-mprec.o)
 *fill*         0x0801163c        0x4 
 .rodata.__mprec_bigtens
                0x08011640       0x28 C:/CLionToolchains/gcc-arm-none-eabi-10.3-2021.10/bin/../lib/gcc/arm-none-eabi/13.3.1/thumb/v7e-m+fp/hard\libg.a(libc_a-mprec.o)
                0x08011640                __mprec_bigtens
 .rodata.__mprec_tens
                0x08011668       0xc8 C:/CLionToolchains/gcc-arm-none-eabi-10.3-2021.10/bin/../lib/gcc/arm-none-eabi/13.3.1/thumb/v7e-m+fp/hard\libg.a(libc_a-mprec.o)
                0x08011668                __mprec_tens
 .rodata._ctype_
                0x08011730      0x101 C:/CLionToolchains/gcc-arm-none-eabi-10.3-2021.10/bin/../lib/gcc/arm-none-eabi/13.3.1/thumb/v7e-m+fp/hard\libg.a(libc_a-ctype_.o)
                0x08011730                _ctype_
 .rodata.__assert_func.str1.4
                0x08011831       0x43 C:/CLionToolchains/gcc-arm-none-eabi-10.3-2021.10/bin/../lib/gcc/arm-none-eabi/13.3.1/thumb/v7e-m+fp/hard\libg.a(libc_a-assert.o)
 .rodata._vfiprintf_r.str1.4
                0x08011831       0x2f C:/CLionToolchains/gcc-arm-none-eabi-10.3-2021.10/bin/../lib/gcc/arm-none-eabi/13.3.1/thumb/v7e-m+fp/hard\libg.a(libc_a-vfiprintf.o)
 *fill*         0x08011831        0x3 
 .rodata.zeroes.0
                0x08011834       0x10 C:/CLionToolchains/gcc-arm-none-eabi-10.3-2021.10/bin/../lib/gcc/arm-none-eabi/13.3.1/thumb/v7e-m+fp/hard\libg.a(libc_a-vfiprintf.o)
 .rodata.blanks.1